<?xml version="1.0"?>
<searchresult>
  <searchinstance></searchinstance>
  <searchid>OOb65z</searchid>
  <count>264</count>
  <morepending></morepending>
<!-- api results -->
   <trips>
             <trip id="009386919cbd8cec4a7f766e01603542">
        <price url="/book/flight?code=309334b996.OOb65z.0.F.SU,ITA.79940.009386919cbd8cec4a7f766e01603542&amp;_sid_=6-gKYBzyWfsSJglwjIEMiJ" currency="USD">799</price>
        <legs>
           <leg>
            <airline>SU</airline>
            <airline_display>Aeroflot</airline_display>
            <orig>NRT</orig>
            <dest>PRG</dest>
            <depart>2010/09/10 12:00</depart>
            <arrive>2010/09/10 19:45</arrive>
            <stops>1</stops>
            <duration_minutes>-1</duration_minutes>
            <cabin>$sleg.cabinClass</cabin>
            <segment>
              <airline>SU</airline>
              <flight>576</flight>
              <duration_minutes>625</duration_minutes>
              <equip>Airbus A330-200</equip>
              <miles>4662</miles>
              <dt>2010/09/10 12:00</dt>
              <o>NRT</o>
              <at>2010/09/10 17:25</at>
              <d>SVO</d>
              <cabin>$seg.cabinClass</cabin>
            </segment>
            <segment>
              <airline>SU</airline>
              <flight>143</flight>
              <duration_minutes>160</duration_minutes>
              <equip>Airbus A320-100/200</equip>
              <miles>1037</miles>
              <dt>2010/09/10 19:05</dt>
              <o>SVO</o>
              <at>2010/09/10 19:45</at>
              <d>PRG</d>
              <cabin>$seg.cabinClass</cabin>
            </segment>
          </leg>
         </legs>
      </trip>
                   <trip id="9dc9877ec55bea79ae6d73701e09bf97">
        <price url="/book/flight?code=9991f6a05e.OOb65z.0.F.SU,ITA.79940.9dc9877ec55bea79ae6d73701e09bf97&amp;_sid_=6-gKYBzyWfsSJglwjIEMiJ" currency="USD">799</price>
        <legs>
           <leg>
            <airline>SU</airline>
            <airline_display>Aeroflot</airline_display>
            <orig>NRT</orig>
            <dest>PRG</dest>
            <depart>2010/09/10 12:00</depart>
            <arrive>2010/09/10 23:30</arrive>
            <stops>1</stops>
            <duration_minutes>-1</duration_minutes>
            <cabin>$sleg.cabinClass</cabin>
            <segment>
              <airline>SU</airline>
              <flight>576</flight>
              <duration_minutes>625</duration_minutes>
              <equip>Airbus A330-200</equip>
              <miles>4662</miles>
              <dt>2010/09/10 12:00</dt>
              <o>NRT</o>
              <at>2010/09/10 17:25</at>
              <d>SVO</d>
              <cabin>$seg.cabinClass</cabin>
            </segment>
            <segment>
              <airline>SU</airline>
              <flight>469</flight>
              <duration_minutes>165</duration_minutes>
              <equip>Airbus A319</equip>
              <miles>1037</miles>
              <dt>2010/09/10 22:45</dt>
              <o>SVO</o>
              <at>2010/09/10 23:30</at>
              <d>PRG</d>
              <cabin>$seg.cabinClass</cabin>
            </segment>
          </leg>
         </legs>
      </trip>
                   <trip id="236d946aef2bbae4caa508bec4c3b9d1">
        <price url="/book/flight?code=3a3e5b128e.OOb65z.0.F.ORBITZAIR,ORBITZAIR.81219.236d946aef2bbae4caa508bec4c3b9d1&amp;_sid_=6-gKYBzyWfsSJglwjIEMiJ" currency="USD">812</price>
        <legs>
           <leg>
            <airline>SU</airline>
            <airline_display>Aeroflot</airline_display>
            <orig>NRT</orig>
            <dest>PRG</dest>
            <depart>2010/09/10 12:00</depart>
            <arrive>2010/09/11 09:25</arrive>
            <stops>1</stops>
            <duration_minutes>-1</duration_minutes>
            <cabin>$sleg.cabinClass</cabin>
            <segment>
              <airline>SU</airline>
              <flight>576</flight>
              <duration_minutes>625</duration_minutes>
              <equip>Airbus A330-200</equip>
              <miles>4662</miles>
              <dt>2010/09/10 12:00</dt>
              <o>NRT</o>
              <at>2010/09/10 17:25</at>
              <d>SVO</d>
              <cabin>$seg.cabinClass</cabin>
            </segment>
            <segment>
              <airline>SU</airline>
              <flight>141</flight>
              <duration_minutes>165</duration_minutes>
              <equip>Airbus A320-100/200</equip>
              <miles>-1</miles>
              <dt>2010/09/11 08:40</dt>
              <o>SVO</o>
              <at>2010/09/11 09:25</at>
              <d>PRG</d>
              <cabin>$seg.cabinClass</cabin>
            </segment>
          </leg>
         </legs>
      </trip>
                   <trip id="6c40a6517ec44314c9fba213acdfa9fc">
        <price url="/book/flight?code=325796c358.OOb65z.0.F.CHEAPTICKETS,CHEAPTICKETS.81219.6c40a6517ec44314c9fba213acdfa9fc&amp;_sid_=6-gKYBzyWfsSJglwjIEMiJ" currency="USD">812</price>
        <legs>
           <leg>
            <airline>SU</airline>
            <airline_display>Aeroflot</airline_display>
            <orig>NRT</orig>
            <dest>PRG</dest>
            <depart>2010/09/10 12:00</depart>
            <arrive>2010/09/11 12:10</arrive>
            <stops>1</stops>
            <duration_minutes>-1</duration_minutes>
            <cabin>$sleg.cabinClass</cabin>
            <segment>
              <airline>SU</airline>
              <flight>576</flight>
              <duration_minutes>625</duration_minutes>
              <equip>Airbus A330-200</equip>
              <miles>4662</miles>
              <dt>2010/09/10 12:00</dt>
              <o>NRT</o>
              <at>2010/09/10 17:25</at>
              <d>SVO</d>
              <cabin>$seg.cabinClass</cabin>
            </segment>
            <segment>
              <airline>SU</airline>
              <flight>149</flight>
              <duration_minutes>160</duration_minutes>
              <equip>Airbus A320-100/200</equip>
              <miles>-1</miles>
              <dt>2010/09/11 11:30</dt>
              <o>SVO</o>
              <at>2010/09/11 12:10</at>
              <d>PRG</d>
              <cabin>$seg.cabinClass</cabin>
            </segment>
          </leg>
         </legs>
      </trip>
                   <trip id="c5475b156cba8c50d5f89da688fd71f7">
        <price url="/book/flight?code=4822c55bd8.OOb65z.0.F.ORBITZAIR,ORBITZAIR.166659.c5475b156cba8c50d5f89da688fd71f7&amp;_sid_=6-gKYBzyWfsSJglwjIEMiJ" currency="USD">1667</price>
        <legs>
           <leg>
            <airline>MULT</airline>
            <airline_display>Multiple Airlines</airline_display>
            <orig>NRT</orig>
            <dest>PRG</dest>
            <depart>2010/09/10 10:55</depart>
            <arrive>2010/09/10 23:30</arrive>
            <stops>2</stops>
            <duration_minutes>-1</duration_minutes>
            <cabin>$sleg.cabinClass</cabin>
            <segment>
              <airline>NH</airline>
              <flight>907</flight>
              <duration_minutes>150</duration_minutes>
              <equip>Airbus A320-100/200</equip>
              <miles>-1</miles>
              <dt>2010/09/10 10:55</dt>
              <o>NRT</o>
              <at>2010/09/10 13:25</at>
              <d>ICN</d>
              <cabin>$seg.cabinClass</cabin>
            </segment>
            <segment>
              <airline>SU</airline>
              <flight>424</flight>
              <duration_minutes>540</duration_minutes>
              <equip>Boeing 777-200</equip>
              <miles>-1</miles>
              <dt>2010/09/10 14:35</dt>
              <o>ICN</o>
              <at>2010/09/10 18:35</at>
              <d>SVO</d>
              <cabin>$seg.cabinClass</cabin>
            </segment>
            <segment>
              <airline>SU</airline>
              <flight>469</flight>
              <duration_minutes>165</duration_minutes>
              <equip>Airbus A319</equip>
              <miles>1037</miles>
              <dt>2010/09/10 22:45</dt>
              <o>SVO</o>
              <at>2010/09/10 23:30</at>
              <d>PRG</d>
              <cabin>$seg.cabinClass</cabin>
            </segment>
          </leg>
         </legs>
      </trip>
                   <trip id="ee5eb8878e6ed36d162005079c7b797d">
        <price url="/book/flight?code=80891c6363.OOb65z.0.F.ORBITZAIR,ORBITZAIR.166659.ee5eb8878e6ed36d162005079c7b797d&amp;_sid_=6-gKYBzyWfsSJglwjIEMiJ" currency="USD">1667</price>
        <legs>
           <leg>
            <airline>MULT</airline>
            <airline_display>Multiple Airlines</airline_display>
            <orig>NRT</orig>
            <dest>PRG</dest>
            <depart>2010/09/10 09:00</depart>
            <arrive>2010/09/10 23:30</arrive>
            <stops>2</stops>
            <duration_minutes>-1</duration_minutes>
            <cabin>$sleg.cabinClass</cabin>
            <segment>
              <airline>NH</airline>
              <flight>6977</flight>
              <duration_minutes>155</duration_minutes>
              <equip>Boeing 777</equip>
              <miles>-1</miles>
              <dt>2010/09/10 09:00</dt>
              <o>NRT</o>
              <at>2010/09/10 11:35</at>
              <d>ICN</d>
              <cabin>$seg.cabinClass</cabin>
            </segment>
            <segment>
              <airline>SU</airline>
              <flight>424</flight>
              <duration_minutes>540</duration_minutes>
              <equip>Boeing 777-200</equip>
              <miles>-1</miles>
              <dt>2010/09/10 14:35</dt>
              <o>ICN</o>
              <at>2010/09/10 18:35</at>
              <d>SVO</d>
              <cabin>$seg.cabinClass</cabin>
            </segment>
            <segment>
              <airline>SU</airline>
              <flight>469</flight>
              <duration_minutes>165</duration_minutes>
              <equip>Airbus A319</equip>
              <miles>1037</miles>
              <dt>2010/09/10 22:45</dt>
              <o>SVO</o>
              <at>2010/09/10 23:30</at>
              <d>PRG</d>
              <cabin>$seg.cabinClass</cabin>
            </segment>
          </leg>
         </legs>
      </trip>
                   <trip id="ab1275cc43d842fdde32d9fe55ef8cc6">
        <price url="/book/flight?code=0f3944a648.OOb65z.0.F.ORBITZAIR,ORBITZAIR.172559.ab1275cc43d842fdde32d9fe55ef8cc6&amp;_sid_=6-gKYBzyWfsSJglwjIEMiJ" currency="USD">1726</price>
        <legs>
           <leg>
            <airline>MULT</airline>
            <airline_display>Multiple Airlines</airline_display>
            <orig>NRT</orig>
            <dest>PRG</dest>
            <depart>2010/09/10 09:00</depart>
            <arrive>2010/09/10 19:45</arrive>
            <stops>2</stops>
            <duration_minutes>-1</duration_minutes>
            <cabin>$sleg.cabinClass</cabin>
            <segment>
              <airline>NH</airline>
              <flight>6977</flight>
              <duration_minutes>155</duration_minutes>
              <equip>Boeing 777</equip>
              <miles>-1</miles>
              <dt>2010/09/10 09:00</dt>
              <o>NRT</o>
              <at>2010/09/10 11:35</at>
              <d>ICN</d>
              <cabin>$seg.cabinClass</cabin>
            </segment>
            <segment>
              <airline>SU</airline>
              <flight>600</flight>
              <duration_minutes>565</duration_minutes>
              <equip>Boeing 767-300</equip>
              <miles>-1</miles>
              <dt>2010/09/10 12:50</dt>
              <o>ICN</o>
              <at>2010/09/10 17:15</at>
              <d>SVO</d>
              <cabin>$seg.cabinClass</cabin>
            </segment>
            <segment>
              <airline>SU</airline>
              <flight>143</flight>
              <duration_minutes>160</duration_minutes>
              <equip>Airbus A320-100/200</equip>
              <miles>1037</miles>
              <dt>2010/09/10 19:05</dt>
              <o>SVO</o>
              <at>2010/09/10 19:45</at>
              <d>PRG</d>
              <cabin>$seg.cabinClass</cabin>
            </segment>
          </leg>
         </legs>
      </trip>
                   <trip id="32d69a9b85e6d6d8b62fb6771cd368ec">
        <price url="/book/flight?code=9568a46bfa.OOb65z.0.F.ORBITZAIR,ORBITZAIR.172559.32d69a9b85e6d6d8b62fb6771cd368ec&amp;_sid_=6-gKYBzyWfsSJglwjIEMiJ" currency="USD">1726</price>
        <legs>
           <leg>
            <airline>MULT</airline>
            <airline_display>Multiple Airlines</airline_display>
            <orig>NRT</orig>
            <dest>PRG</dest>
            <depart>2010/09/10 09:00</depart>
            <arrive>2010/09/10 23:30</arrive>
            <stops>2</stops>
            <duration_minutes>-1</duration_minutes>
            <cabin>$sleg.cabinClass</cabin>
            <segment>
              <airline>NH</airline>
              <flight>6977</flight>
              <duration_minutes>155</duration_minutes>
              <equip>Boeing 777</equip>
              <miles>-1</miles>
              <dt>2010/09/10 09:00</dt>
              <o>NRT</o>
              <at>2010/09/10 11:35</at>
              <d>ICN</d>
              <cabin>$seg.cabinClass</cabin>
            </segment>
            <segment>
              <airline>SU</airline>
              <flight>600</flight>
              <duration_minutes>565</duration_minutes>
              <equip>Boeing 767-300</equip>
              <miles>-1</miles>
              <dt>2010/09/10 12:50</dt>
              <o>ICN</o>
              <at>2010/09/10 17:15</at>
              <d>SVO</d>
              <cabin>$seg.cabinClass</cabin>
            </segment>
            <segment>
              <airline>SU</airline>
              <flight>469</flight>
              <duration_minutes>165</duration_minutes>
              <equip>Airbus A319</equip>
              <miles>1037</miles>
              <dt>2010/09/10 22:45</dt>
              <o>SVO</o>
              <at>2010/09/10 23:30</at>
              <d>PRG</d>
              <cabin>$seg.cabinClass</cabin>
            </segment>
          </leg>
         </legs>
      </trip>
                   <trip id="b76ccb841c8f5761fd081dfe93f82002">
        <price url="/book/flight?code=a921ea55a7.OOb65z.0.F.CHEAPTICKETS,CHEAPTICKETS.180420.b76ccb841c8f5761fd081dfe93f82002&amp;_sid_=6-gKYBzyWfsSJglwjIEMiJ" currency="USD">1804</price>
        <legs>
           <leg>
            <airline>MULT</airline>
            <airline_display>Multiple Airlines</airline_display>
            <orig>NRT</orig>
            <dest>PRG</dest>
            <depart>2010/09/10 09:25</depart>
            <arrive>2010/09/10 23:30</arrive>
            <stops>2</stops>
            <duration_minutes>-1</duration_minutes>
            <cabin>$sleg.cabinClass</cabin>
            <segment>
              <airline>KE</airline>
              <flight>706</flight>
              <duration_minutes>145</duration_minutes>
              <equip>Boeing 747-400</equip>
              <miles>-1</miles>
              <dt>2010/09/10 09:25</dt>
              <o>NRT</o>
              <at>2010/09/10 11:50</at>
              <d>ICN</d>
              <cabin>$seg.cabinClass</cabin>
            </segment>
            <segment>
              <airline>KE</airline>
              <flight>923</flight>
              <duration_minutes>540</duration_minutes>
              <equip>Boeing 777-200</equip>
              <miles>-1</miles>
              <dt>2010/09/10 14:35</dt>
              <o>ICN</o>
              <at>2010/09/10 18:35</at>
              <d>SVO</d>
              <cabin>$seg.cabinClass</cabin>
            </segment>
            <segment>
              <airline>SU</airline>
              <flight>469</flight>
              <duration_minutes>165</duration_minutes>
              <equip>Airbus A319</equip>
              <miles>1037</miles>
              <dt>2010/09/10 22:45</dt>
              <o>SVO</o>
              <at>2010/09/10 23:30</at>
              <d>PRG</d>
              <cabin>$seg.cabinClass</cabin>
            </segment>
          </leg>
         </legs>
      </trip>
                   <trip id="613a8ab367b9b572a65b23cbb029bed8">
        <price url="/book/flight?code=5931bed19f.OOb65z.0.F.AY,ITA.189300.613a8ab367b9b572a65b23cbb029bed8&amp;_sid_=6-gKYBzyWfsSJglwjIEMiJ" currency="USD">1893</price>
        <legs>
           <leg>
            <airline>AY</airline>
            <airline_display>Finnair</airline_display>
            <orig>NRT</orig>
            <dest>PRG</dest>
            <depart>2010/09/10 11:00</depart>
            <arrive>2010/09/10 18:00</arrive>
            <stops>1</stops>
            <duration_minutes>-1</duration_minutes>
            <cabin>$sleg.cabinClass</cabin>
            <segment>
              <airline>AY</airline>
              <flight>74</flight>
              <duration_minutes>620</duration_minutes>
              <equip>Airbus A340</equip>
              <miles>4862</miles>
              <dt>2010/09/10 11:00</dt>
              <o>NRT</o>
              <at>2010/09/10 15:20</at>
              <d>HEL</d>
              <cabin>$seg.cabinClass</cabin>
            </segment>
            <segment>
              <airline>AY</airline>
              <flight>6881</flight>
              <duration_minutes>135</duration_minutes>
              <equip>Airbus A320-100/200</equip>
              <miles>819</miles>
              <dt>2010/09/10 16:45</dt>
              <o>HEL</o>
              <at>2010/09/10 18:00</at>
              <d>PRG</d>
              <cabin>$seg.cabinClass</cabin>
            </segment>
          </leg>
         </legs>
      </trip>
                   <trip id="ba91b91d00a086695440a437b208be62">
        <price url="/book/flight?code=64ebf61a24.OOb65z.0.F.ORBITZAIR,ORBITZAIR.190839.ba91b91d00a086695440a437b208be62&amp;_sid_=6-gKYBzyWfsSJglwjIEMiJ" currency="USD">1908</price>
        <legs>
           <leg>
            <airline>AY</airline>
            <airline_display>Finnair</airline_display>
            <orig>NRT</orig>
            <dest>PRG</dest>
            <depart>2010/09/10 11:00</depart>
            <arrive>2010/09/11 10:45</arrive>
            <stops>1</stops>
            <duration_minutes>-1</duration_minutes>
            <cabin>$sleg.cabinClass</cabin>
            <segment>
              <airline>AY</airline>
              <flight>74</flight>
              <duration_minutes>620</duration_minutes>
              <equip>Airbus A340</equip>
              <miles>4862</miles>
              <dt>2010/09/10 11:00</dt>
              <o>NRT</o>
              <at>2010/09/10 15:20</at>
              <d>HEL</d>
              <cabin>$seg.cabinClass</cabin>
            </segment>
            <segment>
              <airline>AY</airline>
              <flight>715</flight>
              <duration_minutes>130</duration_minutes>
              <equip>Airbus A320-100/200</equip>
              <miles>-1</miles>
              <dt>2010/09/11 09:35</dt>
              <o>HEL</o>
              <at>2010/09/11 10:45</at>
              <d>PRG</d>
              <cabin>$seg.cabinClass</cabin>
            </segment>
          </leg>
         </legs>
      </trip>
                   <trip id="99f5532f295317425a4933949b10ed31">
        <price url="/book/flight?code=1e31751cbf.OOb65z.0.F.OS,ITA.203370.99f5532f295317425a4933949b10ed31&amp;_sid_=6-gKYBzyWfsSJglwjIEMiJ" currency="USD">2034</price>
        <legs>
           <leg>
            <airline>OS</airline>
            <airline_display>Austrian Airlines</airline_display>
            <orig>NRT</orig>
            <dest>PRG</dest>
            <depart>2010/09/10 10:55</depart>
            <arrive>2010/09/10 17:50</arrive>
            <stops>1</stops>
            <duration_minutes>-1</duration_minutes>
            <cabin>$sleg.cabinClass</cabin>
            <segment>
              <airline>OS</airline>
              <flight>52</flight>
              <duration_minutes>720</duration_minutes>
              <equip>Boeing 777-200</equip>
              <miles>5685</miles>
              <dt>2010/09/10 10:55</dt>
              <o>NRT</o>
              <at>2010/09/10 15:55</at>
              <d>VIE</d>
              <cabin>$seg.cabinClass</cabin>
            </segment>
            <segment>
              <airline>OS</airline>
              <flight>709</flight>
              <duration_minutes>50</duration_minutes>
              <equip>Fokker 70</equip>
              <miles>171</miles>
              <dt>2010/09/10 17:00</dt>
              <o>VIE</o>
              <at>2010/09/10 17:50</at>
              <d>PRG</d>
              <cabin>$seg.cabinClass</cabin>
            </segment>
          </leg>
         </legs>
      </trip>
                   <trip id="b91bb36771cfcc375e8d5249b6d0db0c">
        <price url="/book/flight?code=ad192d03b5.OOb65z.0.F.OS,ITA.203370.b91bb36771cfcc375e8d5249b6d0db0c&amp;_sid_=6-gKYBzyWfsSJglwjIEMiJ" currency="USD">2034</price>
        <legs>
           <leg>
            <airline>OS</airline>
            <airline_display>Austrian Airlines</airline_display>
            <orig>NRT</orig>
            <dest>PRG</dest>
            <depart>2010/09/10 10:55</depart>
            <arrive>2010/09/10 20:35</arrive>
            <stops>1</stops>
            <duration_minutes>-1</duration_minutes>
            <cabin>$sleg.cabinClass</cabin>
            <segment>
              <airline>OS</airline>
              <flight>52</flight>
              <duration_minutes>720</duration_minutes>
              <equip>Boeing 777-200</equip>
              <miles>5685</miles>
              <dt>2010/09/10 10:55</dt>
              <o>NRT</o>
              <at>2010/09/10 15:55</at>
              <d>VIE</d>
              <cabin>$seg.cabinClass</cabin>
            </segment>
            <segment>
              <airline>OS</airline>
              <flight>711</flight>
              <duration_minutes>60</duration_minutes>
              <equip>Fokker 70</equip>
              <miles>171</miles>
              <dt>2010/09/10 19:35</dt>
              <o>VIE</o>
              <at>2010/09/10 20:35</at>
              <d>PRG</d>
              <cabin>$seg.cabinClass</cabin>
            </segment>
          </leg>
         </legs>
      </trip>
                   <trip id="2e97f7cf0dc78f1ae458ff6357fd90fa">
        <price url="/book/flight?code=4c9b392d02.OOb65z.0.F.ORBITZAIR,ORBITZAIR.204929.2e97f7cf0dc78f1ae458ff6357fd90fa&amp;_sid_=6-gKYBzyWfsSJglwjIEMiJ" currency="USD">2049</price>
        <legs>
           <leg>
            <airline>OS</airline>
            <airline_display>Austrian Airlines</airline_display>
            <orig>NRT</orig>
            <dest>PRG</dest>
            <depart>2010/09/10 10:55</depart>
            <arrive>2010/09/11 08:10</arrive>
            <stops>1</stops>
            <duration_minutes>-1</duration_minutes>
            <cabin>$sleg.cabinClass</cabin>
            <segment>
              <airline>OS</airline>
              <flight>52</flight>
              <duration_minutes>720</duration_minutes>
              <equip>Boeing 777-200</equip>
              <miles>5685</miles>
              <dt>2010/09/10 10:55</dt>
              <o>NRT</o>
              <at>2010/09/10 15:55</at>
              <d>VIE</d>
              <cabin>$seg.cabinClass</cabin>
            </segment>
            <segment>
              <airline>OS</airline>
              <flight>703</flight>
              <duration_minutes>55</duration_minutes>
              <equip>Fokker 70</equip>
              <miles>-1</miles>
              <dt>2010/09/11 07:15</dt>
              <o>VIE</o>
              <at>2010/09/11 08:10</at>
              <d>PRG</d>
              <cabin>$seg.cabinClass</cabin>
            </segment>
          </leg>
         </legs>
      </trip>
                   <trip id="d047f6b6227c0afbbe1beaf3e3551e80">
        <price url="/book/flight?code=051710700f.OOb65z.0.F.CHEAPTICKETS,CHEAPTICKETS.204929.d047f6b6227c0afbbe1beaf3e3551e80&amp;_sid_=6-gKYBzyWfsSJglwjIEMiJ" currency="USD">2049</price>
        <legs>
           <leg>
            <airline>OS</airline>
            <airline_display>Austrian Airlines</airline_display>
            <orig>NRT</orig>
            <dest>PRG</dest>
            <depart>2010/09/10 10:55</depart>
            <arrive>2010/09/11 11:05</arrive>
            <stops>1</stops>
            <duration_minutes>-1</duration_minutes>
            <cabin>$sleg.cabinClass</cabin>
            <segment>
              <airline>OS</airline>
              <flight>52</flight>
              <duration_minutes>720</duration_minutes>
              <equip>Boeing 777-200</equip>
              <miles>5685</miles>
              <dt>2010/09/10 10:55</dt>
              <o>NRT</o>
              <at>2010/09/10 15:55</at>
              <d>VIE</d>
              <cabin>$seg.cabinClass</cabin>
            </segment>
            <segment>
              <airline>OS</airline>
              <flight>705</flight>
              <duration_minutes>60</duration_minutes>
              <equip>Fokker 70</equip>
              <miles>-1</miles>
              <dt>2010/09/11 10:05</dt>
              <o>VIE</o>
              <at>2010/09/11 11:05</at>
              <d>PRG</d>
              <cabin>$seg.cabinClass</cabin>
            </segment>
          </leg>
         </legs>
      </trip>
                   <trip id="956f68e7362cddbad48eb5b6fcdef08a">
        <price url="/book/flight?code=30454b9093.OOb65z.0.F.ORBITZAIR,ORBITZAIR.210459.956f68e7362cddbad48eb5b6fcdef08a&amp;_sid_=6-gKYBzyWfsSJglwjIEMiJ" currency="USD">2105</price>
        <legs>
           <leg>
            <airline>MULT</airline>
            <airline_display>Multiple Airlines</airline_display>
            <orig>NRT</orig>
            <dest>PRG</dest>
            <depart>2010/09/10 10:55</depart>
            <arrive>2010/09/10 23:20</arrive>
            <stops>2</stops>
            <duration_minutes>-1</duration_minutes>
            <cabin>$sleg.cabinClass</cabin>
            <segment>
              <airline>OS</airline>
              <flight>52</flight>
              <duration_minutes>720</duration_minutes>
              <equip>Boeing 777-200</equip>
              <miles>5685</miles>
              <dt>2010/09/10 10:55</dt>
              <o>NRT</o>
              <at>2010/09/10 15:55</at>
              <d>VIE</d>
              <cabin>$seg.cabinClass</cabin>
            </segment>
            <segment>
              <airline>LH</airline>
              <flight>3537</flight>
              <duration_minutes>80</duration_minutes>
              <equip>Airbus A320-100/200</equip>
              <miles>-1</miles>
              <dt>2010/09/10 18:30</dt>
              <o>VIE</o>
              <at>2010/09/10 19:50</at>
              <d>FRA</d>
              <cabin>$seg.cabinClass</cabin>
            </segment>
            <segment>
              <airline>LH</airline>
              <flight>3266</flight>
              <duration_minutes>60</duration_minutes>
              <equip>Airbus A321-100/200</equip>
              <miles>252</miles>
              <dt>2010/09/10 22:20</dt>
              <o>FRA</o>
              <at>2010/09/10 23:20</at>
              <d>PRG</d>
              <cabin>$seg.cabinClass</cabin>
            </segment>
          </leg>
         </legs>
      </trip>
                   <trip id="7fb56f10dd2cc4508d40ec3e8429e379">
        <price url="/book/flight?code=9b8149897d.OOb65z.0.F.ORBITZAIR,ORBITZAIR.210459.7fb56f10dd2cc4508d40ec3e8429e379&amp;_sid_=6-gKYBzyWfsSJglwjIEMiJ" currency="USD">2105</price>
        <legs>
           <leg>
            <airline>MULT</airline>
            <airline_display>Multiple Airlines</airline_display>
            <orig>NRT</orig>
            <dest>PRG</dest>
            <depart>2010/09/10 10:55</depart>
            <arrive>2010/09/10 23:20</arrive>
            <stops>2</stops>
            <duration_minutes>-1</duration_minutes>
            <cabin>$sleg.cabinClass</cabin>
            <segment>
              <airline>OS</airline>
              <flight>52</flight>
              <duration_minutes>720</duration_minutes>
              <equip>Boeing 777-200</equip>
              <miles>5685</miles>
              <dt>2010/09/10 10:55</dt>
              <o>NRT</o>
              <at>2010/09/10 15:55</at>
              <d>VIE</d>
              <cabin>$seg.cabinClass</cabin>
            </segment>
            <segment>
              <airline>OS</airline>
              <flight>131</flight>
              <duration_minutes>85</duration_minutes>
              <equip>Fokker 100</equip>
              <miles>-1</miles>
              <dt>2010/09/10 16:25</dt>
              <o>VIE</o>
              <at>2010/09/10 17:50</at>
              <d>FRA</d>
              <cabin>$seg.cabinClass</cabin>
            </segment>
            <segment>
              <airline>LH</airline>
              <flight>3266</flight>
              <duration_minutes>60</duration_minutes>
              <equip>Airbus A321-100/200</equip>
              <miles>252</miles>
              <dt>2010/09/10 22:20</dt>
              <o>FRA</o>
              <at>2010/09/10 23:20</at>
              <d>PRG</d>
              <cabin>$seg.cabinClass</cabin>
            </segment>
          </leg>
         </legs>
      </trip>
                   <trip id="ddf516fe39b6bcae93a110d3e33b061b">
        <price url="/book/flight?code=326dd26134.OOb65z.0.F.ORBITZAIR,ORBITZAIR.210459.ddf516fe39b6bcae93a110d3e33b061b&amp;_sid_=6-gKYBzyWfsSJglwjIEMiJ" currency="USD">2105</price>
        <legs>
           <leg>
            <airline>MULT</airline>
            <airline_display>Multiple Airlines</airline_display>
            <orig>NRT</orig>
            <dest>PRG</dest>
            <depart>2010/09/10 10:55</depart>
            <arrive>2010/09/10 23:20</arrive>
            <stops>2</stops>
            <duration_minutes>-1</duration_minutes>
            <cabin>$sleg.cabinClass</cabin>
            <segment>
              <airline>OS</airline>
              <flight>52</flight>
              <duration_minutes>720</duration_minutes>
              <equip>Boeing 777-200</equip>
              <miles>5685</miles>
              <dt>2010/09/10 10:55</dt>
              <o>NRT</o>
              <at>2010/09/10 15:55</at>
              <d>VIE</d>
              <cabin>$seg.cabinClass</cabin>
            </segment>
            <segment>
              <airline>LH</airline>
              <flight>3539</flight>
              <duration_minutes>80</duration_minutes>
              <equip>Airbus A320-100/200</equip>
              <miles>-1</miles>
              <dt>2010/09/10 19:15</dt>
              <o>VIE</o>
              <at>2010/09/10 20:35</at>
              <d>FRA</d>
              <cabin>$seg.cabinClass</cabin>
            </segment>
            <segment>
              <airline>LH</airline>
              <flight>3266</flight>
              <duration_minutes>60</duration_minutes>
              <equip>Airbus A321-100/200</equip>
              <miles>252</miles>
              <dt>2010/09/10 22:20</dt>
              <o>FRA</o>
              <at>2010/09/10 23:20</at>
              <d>PRG</d>
              <cabin>$seg.cabinClass</cabin>
            </segment>
          </leg>
         </legs>
      </trip>
                   <trip id="a817e9b22ebc394287de457d5f28f2a7">
        <price url="/book/flight?code=2cfc2ae9d7.OOb65z.0.F.ORBITZAIR,ORBITZAIR.210459.a817e9b22ebc394287de457d5f28f2a7&amp;_sid_=6-gKYBzyWfsSJglwjIEMiJ" currency="USD">2105</price>
        <legs>
           <leg>
            <airline>MULT</airline>
            <airline_display>Multiple Airlines</airline_display>
            <orig>NRT</orig>
            <dest>PRG</dest>
            <depart>2010/09/10 10:55</depart>
            <arrive>2010/09/10 23:20</arrive>
            <stops>2</stops>
            <duration_minutes>-1</duration_minutes>
            <cabin>$sleg.cabinClass</cabin>
            <segment>
              <airline>OS</airline>
              <flight>52</flight>
              <duration_minutes>720</duration_minutes>
              <equip>Boeing 777-200</equip>
              <miles>5685</miles>
              <dt>2010/09/10 10:55</dt>
              <o>NRT</o>
              <at>2010/09/10 15:55</at>
              <d>VIE</d>
              <cabin>$seg.cabinClass</cabin>
            </segment>
            <segment>
              <airline>OS</airline>
              <flight>7207</flight>
              <duration_minutes>80</duration_minutes>
              <equip>Airbus A318/319/320/321</equip>
              <miles>-1</miles>
              <dt>2010/09/10 18:30</dt>
              <o>VIE</o>
              <at>2010/09/10 19:50</at>
              <d>FRA</d>
              <cabin>$seg.cabinClass</cabin>
            </segment>
            <segment>
              <airline>LH</airline>
              <flight>3266</flight>
              <duration_minutes>60</duration_minutes>
              <equip>Airbus A321-100/200</equip>
              <miles>252</miles>
              <dt>2010/09/10 22:20</dt>
              <o>FRA</o>
              <at>2010/09/10 23:20</at>
              <d>PRG</d>
              <cabin>$seg.cabinClass</cabin>
            </segment>
          </leg>
         </legs>
      </trip>
                   <trip id="c9ef28039811312eb9197a0e1d64f80d">
        <price url="/book/flight?code=e443d2857a.OOb65z.0.F.ORBITZAIR,ORBITZAIR.210459.c9ef28039811312eb9197a0e1d64f80d&amp;_sid_=6-gKYBzyWfsSJglwjIEMiJ" currency="USD">2105</price>
        <legs>
           <leg>
            <airline>MULT</airline>
            <airline_display>Multiple Airlines</airline_display>
            <orig>NRT</orig>
            <dest>PRG</dest>
            <depart>2010/09/10 10:55</depart>
            <arrive>2010/09/10 23:20</arrive>
            <stops>2</stops>
            <duration_minutes>-1</duration_minutes>
            <cabin>$sleg.cabinClass</cabin>
            <segment>
              <airline>OS</airline>
              <flight>52</flight>
              <duration_minutes>720</duration_minutes>
              <equip>Boeing 777-200</equip>
              <miles>5685</miles>
              <dt>2010/09/10 10:55</dt>
              <o>NRT</o>
              <at>2010/09/10 15:55</at>
              <d>VIE</d>
              <cabin>$seg.cabinClass</cabin>
            </segment>
            <segment>
              <airline>OS</airline>
              <flight>7209</flight>
              <duration_minutes>80</duration_minutes>
              <equip>Airbus A318/319/320/321</equip>
              <miles>-1</miles>
              <dt>2010/09/10 19:15</dt>
              <o>VIE</o>
              <at>2010/09/10 20:35</at>
              <d>FRA</d>
              <cabin>$seg.cabinClass</cabin>
            </segment>
            <segment>
              <airline>LH</airline>
              <flight>3266</flight>
              <duration_minutes>60</duration_minutes>
              <equip>Airbus A321-100/200</equip>
              <miles>252</miles>
              <dt>2010/09/10 22:20</dt>
              <o>FRA</o>
              <at>2010/09/10 23:20</at>
              <d>PRG</d>
              <cabin>$seg.cabinClass</cabin>
            </segment>
          </leg>
         </legs>
      </trip>
                   <trip id="192d51d42cfffb16ff540a44e3f5c2f6">
        <price url="/book/flight?code=96a4580b2c.OOb65z.0.F.ORBITZAIR,ORBITZAIR.210459.192d51d42cfffb16ff540a44e3f5c2f6&amp;_sid_=6-gKYBzyWfsSJglwjIEMiJ" currency="USD">2105</price>
        <legs>
           <leg>
            <airline>MULT</airline>
            <airline_display>Multiple Airlines</airline_display>
            <orig>NRT</orig>
            <dest>PRG</dest>
            <depart>2010/09/10 10:55</depart>
            <arrive>2010/09/10 23:20</arrive>
            <stops>2</stops>
            <duration_minutes>-1</duration_minutes>
            <cabin>$sleg.cabinClass</cabin>
            <segment>
              <airline>OS</airline>
              <flight>52</flight>
              <duration_minutes>720</duration_minutes>
              <equip>Boeing 777-200</equip>
              <miles>5685</miles>
              <dt>2010/09/10 10:55</dt>
              <o>NRT</o>
              <at>2010/09/10 15:55</at>
              <d>VIE</d>
              <cabin>$seg.cabinClass</cabin>
            </segment>
            <segment>
              <airline>OS</airline>
              <flight>125</flight>
              <duration_minutes>95</duration_minutes>
              <equip>Airbus A321-100/200</equip>
              <miles>-1</miles>
              <dt>2010/09/10 17:35</dt>
              <o>VIE</o>
              <at>2010/09/10 19:10</at>
              <d>FRA</d>
              <cabin>$seg.cabinClass</cabin>
            </segment>
            <segment>
              <airline>LH</airline>
              <flight>3266</flight>
              <duration_minutes>60</duration_minutes>
              <equip>Airbus A321-100/200</equip>
              <miles>252</miles>
              <dt>2010/09/10 22:20</dt>
              <o>FRA</o>
              <at>2010/09/10 23:20</at>
              <d>PRG</d>
              <cabin>$seg.cabinClass</cabin>
            </segment>
          </leg>
         </legs>
      </trip>
                   <trip id="7af6661989abf9b29e7733e822803be5">
        <price url="/book/flight?code=37aa4a412c.OOb65z.0.F.ORBITZAIR,ORBITZAIR.210459.7af6661989abf9b29e7733e822803be5&amp;_sid_=6-gKYBzyWfsSJglwjIEMiJ" currency="USD">2105</price>
        <legs>
           <leg>
            <airline>MULT</airline>
            <airline_display>Multiple Airlines</airline_display>
            <orig>NRT</orig>
            <dest>PRG</dest>
            <depart>2010/09/10 10:55</depart>
            <arrive>2010/09/10 23:20</arrive>
            <stops>2</stops>
            <duration_minutes>-1</duration_minutes>
            <cabin>$sleg.cabinClass</cabin>
            <segment>
              <airline>OS</airline>
              <flight>52</flight>
              <duration_minutes>720</duration_minutes>
              <equip>Boeing 777-200</equip>
              <miles>5685</miles>
              <dt>2010/09/10 10:55</dt>
              <o>NRT</o>
              <at>2010/09/10 15:55</at>
              <d>VIE</d>
              <cabin>$seg.cabinClass</cabin>
            </segment>
            <segment>
              <airline>OS</airline>
              <flight>127</flight>
              <duration_minutes>95</duration_minutes>
              <equip>Airbus A321-100/200</equip>
              <miles>-1</miles>
              <dt>2010/09/10 19:45</dt>
              <o>VIE</o>
              <at>2010/09/10 21:20</at>
              <d>FRA</d>
              <cabin>$seg.cabinClass</cabin>
            </segment>
            <segment>
              <airline>LH</airline>
              <flight>3266</flight>
              <duration_minutes>60</duration_minutes>
              <equip>Airbus A321-100/200</equip>
              <miles>252</miles>
              <dt>2010/09/10 22:20</dt>
              <o>FRA</o>
              <at>2010/09/10 23:20</at>
              <d>PRG</d>
              <cabin>$seg.cabinClass</cabin>
            </segment>
          </leg>
         </legs>
      </trip>
                   <trip id="601a7c20fde738f24dfb0cc57f5137cc">
        <price url="/book/flight?code=9cc77f37ae.OOb65z.0.F.ORBITZAIR,ORBITZAIR.216089.601a7c20fde738f24dfb0cc57f5137cc&amp;_sid_=6-gKYBzyWfsSJglwjIEMiJ" currency="USD">2161</price>
        <legs>
           <leg>
            <airline>SK</airline>
            <airline_display>SAS</airline_display>
            <orig>NRT</orig>
            <dest>PRG</dest>
            <depart>2010/09/10 11:40</depart>
            <arrive>2010/09/10 19:45</arrive>
            <stops>1</stops>
            <duration_minutes>-1</duration_minutes>
            <cabin>$sleg.cabinClass</cabin>
            <segment>
              <airline>SK</airline>
              <flight>984</flight>
              <duration_minutes>685</duration_minutes>
              <equip>Airbus A340-300</equip>
              <miles>-1</miles>
              <dt>2010/09/10 11:40</dt>
              <o>NRT</o>
              <at>2010/09/10 16:05</at>
              <d>CPH</d>
              <cabin>$seg.cabinClass</cabin>
            </segment>
            <segment>
              <airline>SK</airline>
              <flight>3129</flight>
              <duration_minutes>75</duration_minutes>
              <equip>Canadair Regional Jet 200</equip>
              <miles>-1</miles>
              <dt>2010/09/10 18:30</dt>
              <o>CPH</o>
              <at>2010/09/10 19:45</at>
              <d>PRG</d>
              <cabin>$seg.cabinClass</cabin>
            </segment>
          </leg>
         </legs>
      </trip>
                   <trip id="d862d14d288289f63c427c94090e065b">
        <price url="/book/flight?code=8f85bcab12.OOb65z.0.F.CHEAPTICKETS,CHEAPTICKETS.223120.d862d14d288289f63c427c94090e065b&amp;_sid_=6-gKYBzyWfsSJglwjIEMiJ" currency="USD">2231</price>
        <legs>
           <leg>
            <airline>TK</airline>
            <airline_display>Turkish Airlines</airline_display>
            <orig>NRT</orig>
            <dest>PRG</dest>
            <depart>2010/09/10 13:35</depart>
            <arrive>2010/09/11 10:45</arrive>
            <stops>1</stops>
            <duration_minutes>-1</duration_minutes>
            <cabin>$sleg.cabinClass</cabin>
            <segment>
              <airline>TK</airline>
              <flight>51</flight>
              <duration_minutes>725</duration_minutes>
              <equip>Boeing 777-300ER</equip>
              <miles>-1</miles>
              <dt>2010/09/10 13:35</dt>
              <o>NRT</o>
              <at>2010/09/10 19:40</at>
              <d>IST</d>
              <cabin>$seg.cabinClass</cabin>
            </segment>
            <segment>
              <airline>TK</airline>
              <flight>1767</flight>
              <duration_minutes>160</duration_minutes>
              <equip>Boeing 737-800</equip>
              <miles>-1</miles>
              <dt>2010/09/11 09:05</dt>
              <o>IST</o>
              <at>2010/09/11 10:45</at>
              <d>PRG</d>
              <cabin>$seg.cabinClass</cabin>
            </segment>
          </leg>
         </legs>
      </trip>
                   <trip id="6dcd5ec35b89845d695f8d682ebe2040">
        <price url="/book/flight?code=b183fdd87d.OOb65z.0.F.CHEAPTICKETS,CHEAPTICKETS.223120.6dcd5ec35b89845d695f8d682ebe2040&amp;_sid_=6-gKYBzyWfsSJglwjIEMiJ" currency="USD">2231</price>
        <legs>
           <leg>
            <airline>TK</airline>
            <airline_display>Turkish Airlines</airline_display>
            <orig>NRT</orig>
            <dest>PRG</dest>
            <depart>2010/09/10 13:35</depart>
            <arrive>2010/09/11 17:25</arrive>
            <stops>1</stops>
            <duration_minutes>-1</duration_minutes>
            <cabin>$sleg.cabinClass</cabin>
            <segment>
              <airline>TK</airline>
              <flight>51</flight>
              <duration_minutes>725</duration_minutes>
              <equip>Boeing 777-300ER</equip>
              <miles>-1</miles>
              <dt>2010/09/10 13:35</dt>
              <o>NRT</o>
              <at>2010/09/10 19:40</at>
              <d>IST</d>
              <cabin>$seg.cabinClass</cabin>
            </segment>
            <segment>
              <airline>TK</airline>
              <flight>1769</flight>
              <duration_minutes>160</duration_minutes>
              <equip>Boeing 737-800</equip>
              <miles>-1</miles>
              <dt>2010/09/11 15:45</dt>
              <o>IST</o>
              <at>2010/09/11 17:25</at>
              <d>PRG</d>
              <cabin>$seg.cabinClass</cabin>
            </segment>
          </leg>
         </legs>
      </trip>
                   <trip id="f324cfc437f87f66342454062b51e4e4">
        <price url="/book/flight?code=61618f8b8d.OOb65z.0.F.ORBITZAIR,ORBITZAIR.233349.f324cfc437f87f66342454062b51e4e4&amp;_sid_=6-gKYBzyWfsSJglwjIEMiJ" currency="USD">2333</price>
        <legs>
           <leg>
            <airline>LX</airline>
            <airline_display>SWISS</airline_display>
            <orig>NRT</orig>
            <dest>PRG</dest>
            <depart>2010/09/10 10:25</depart>
            <arrive>2010/09/10 18:45</arrive>
            <stops>1</stops>
            <duration_minutes>-1</duration_minutes>
            <cabin>$sleg.cabinClass</cabin>
            <segment>
              <airline>LX</airline>
              <flight>161</flight>
              <duration_minutes>750</duration_minutes>
              <equip>Airbus A340-300</equip>
              <miles>-1</miles>
              <dt>2010/09/10 10:25</dt>
              <o>NRT</o>
              <at>2010/09/10 15:55</at>
              <d>ZRH</d>
              <cabin>$seg.cabinClass</cabin>
            </segment>
            <segment>
              <airline>LX</airline>
              <flight>1498</flight>
              <duration_minutes>75</duration_minutes>
              <equip>Fokker 100</equip>
              <miles>-1</miles>
              <dt>2010/09/10 17:30</dt>
              <o>ZRH</o>
              <at>2010/09/10 18:45</at>
              <d>PRG</d>
              <cabin>$seg.cabinClass</cabin>
            </segment>
          </leg>
         </legs>
      </trip>
                   <trip id="4bd4a76c607c0bf9c28902e74d234117">
        <price url="/book/flight?code=b795aa5d28.OOb65z.0.F.ORBITZAIR,ORBITZAIR.233349.4bd4a76c607c0bf9c28902e74d234117&amp;_sid_=6-gKYBzyWfsSJglwjIEMiJ" currency="USD">2333</price>
        <legs>
           <leg>
            <airline>LX</airline>
            <airline_display>SWISS</airline_display>
            <orig>NRT</orig>
            <dest>PRG</dest>
            <depart>2010/09/10 10:25</depart>
            <arrive>2010/09/11 08:45</arrive>
            <stops>1</stops>
            <duration_minutes>-1</duration_minutes>
            <cabin>$sleg.cabinClass</cabin>
            <segment>
              <airline>LX</airline>
              <flight>161</flight>
              <duration_minutes>750</duration_minutes>
              <equip>Airbus A340-300</equip>
              <miles>-1</miles>
              <dt>2010/09/10 10:25</dt>
              <o>NRT</o>
              <at>2010/09/10 15:55</at>
              <d>ZRH</d>
              <cabin>$seg.cabinClass</cabin>
            </segment>
            <segment>
              <airline>LX</airline>
              <flight>1484</flight>
              <duration_minutes>75</duration_minutes>
              <equip>Fokker 100</equip>
              <miles>-1</miles>
              <dt>2010/09/11 07:30</dt>
              <o>ZRH</o>
              <at>2010/09/11 08:45</at>
              <d>PRG</d>
              <cabin>$seg.cabinClass</cabin>
            </segment>
          </leg>
         </legs>
      </trip>
                   <trip id="767e2d4a98054c7eb84abd7ff5af359f">
        <price url="/book/flight?code=06a177da50.OOb65z.0.F.LH,ITA.237200.767e2d4a98054c7eb84abd7ff5af359f&amp;_sid_=6-gKYBzyWfsSJglwjIEMiJ" currency="USD">2372</price>
        <legs>
           <leg>
            <airline>LH</airline>
            <airline_display>Lufthansa</airline_display>
            <orig>NRT</orig>
            <dest>PRG</dest>
            <depart>2010/09/10 09:35</depart>
            <arrive>2010/09/10 17:25</arrive>
            <stops>1</stops>
            <duration_minutes>-1</duration_minutes>
            <cabin>$sleg.cabinClass</cabin>
            <segment>
              <airline>LH</airline>
              <flight>711</flight>
              <duration_minutes>700</duration_minutes>
              <equip>Airbus A380-800</equip>
              <miles>5817</miles>
              <dt>2010/09/10 09:35</dt>
              <o>NRT</o>
              <at>2010/09/10 14:15</at>
              <d>FRA</d>
              <cabin>$seg.cabinClass</cabin>
            </segment>
            <segment>
              <airline>LH</airline>
              <flight>3262</flight>
              <duration_minutes>60</duration_minutes>
              <equip>Boeing 737-300</equip>
              <miles>252</miles>
              <dt>2010/09/10 16:25</dt>
              <o>FRA</o>
              <at>2010/09/10 17:25</at>
              <d>PRG</d>
              <cabin>$seg.cabinClass</cabin>
            </segment>
          </leg>
         </legs>
      </trip>
                   <trip id="b1fa954bd1c691b731be7fe4aa498d74">
        <price url="/book/flight?code=07708a8651.OOb65z.0.F.LH,ITA.237200.b1fa954bd1c691b731be7fe4aa498d74&amp;_sid_=6-gKYBzyWfsSJglwjIEMiJ" currency="USD">2372</price>
        <legs>
           <leg>
            <airline>LH</airline>
            <airline_display>Lufthansa</airline_display>
            <orig>NRT</orig>
            <dest>PRG</dest>
            <depart>2010/09/10 09:35</depart>
            <arrive>2010/09/10 18:30</arrive>
            <stops>1</stops>
            <duration_minutes>-1</duration_minutes>
            <cabin>$sleg.cabinClass</cabin>
            <segment>
              <airline>LH</airline>
              <flight>711</flight>
              <duration_minutes>700</duration_minutes>
              <equip>Airbus A380-800</equip>
              <miles>5817</miles>
              <dt>2010/09/10 09:35</dt>
              <o>NRT</o>
              <at>2010/09/10 14:15</at>
              <d>FRA</d>
              <cabin>$seg.cabinClass</cabin>
            </segment>
            <segment>
              <airline>LH</airline>
              <flight>3264</flight>
              <duration_minutes>60</duration_minutes>
              <equip>Boeing 737-300</equip>
              <miles>252</miles>
              <dt>2010/09/10 17:30</dt>
              <o>FRA</o>
              <at>2010/09/10 18:30</at>
              <d>PRG</d>
              <cabin>$seg.cabinClass</cabin>
            </segment>
          </leg>
         </legs>
      </trip>
                   <trip id="618cd3c408555166336671ffeef8e61d">
        <price url="/book/flight?code=a81919d81c.OOb65z.0.F.LH,ITA.237200.618cd3c408555166336671ffeef8e61d&amp;_sid_=6-gKYBzyWfsSJglwjIEMiJ" currency="USD">2372</price>
        <legs>
           <leg>
            <airline>LH</airline>
            <airline_display>Lufthansa</airline_display>
            <orig>NRT</orig>
            <dest>PRG</dest>
            <depart>2010/09/10 09:35</depart>
            <arrive>2010/09/10 23:20</arrive>
            <stops>1</stops>
            <duration_minutes>-1</duration_minutes>
            <cabin>$sleg.cabinClass</cabin>
            <segment>
              <airline>LH</airline>
              <flight>711</flight>
              <duration_minutes>700</duration_minutes>
              <equip>Airbus A380-800</equip>
              <miles>5817</miles>
              <dt>2010/09/10 09:35</dt>
              <o>NRT</o>
              <at>2010/09/10 14:15</at>
              <d>FRA</d>
              <cabin>$seg.cabinClass</cabin>
            </segment>
            <segment>
              <airline>LH</airline>
              <flight>3266</flight>
              <duration_minutes>60</duration_minutes>
              <equip>Airbus A321-100/200</equip>
              <miles>252</miles>
              <dt>2010/09/10 22:20</dt>
              <o>FRA</o>
              <at>2010/09/10 23:20</at>
              <d>PRG</d>
              <cabin>$seg.cabinClass</cabin>
            </segment>
          </leg>
         </legs>
      </trip>
                   <trip id="b2565897e3f9f4ceefe017a78766385a">
        <price url="/book/flight?code=fdd9c4ef32.OOb65z.0.F.ORBITZAIR,ORBITZAIR.237229.b2565897e3f9f4ceefe017a78766385a&amp;_sid_=6-gKYBzyWfsSJglwjIEMiJ" currency="USD">2372</price>
        <legs>
           <leg>
            <airline>LH</airline>
            <airline_display>Lufthansa</airline_display>
            <orig>NRT</orig>
            <dest>PRG</dest>
            <depart>2010/09/10 09:35</depart>
            <arrive>2010/09/11 09:40</arrive>
            <stops>1</stops>
            <duration_minutes>-1</duration_minutes>
            <cabin>$sleg.cabinClass</cabin>
            <segment>
              <airline>LH</airline>
              <flight>711</flight>
              <duration_minutes>700</duration_minutes>
              <equip>Airbus A380-800</equip>
              <miles>5817</miles>
              <dt>2010/09/10 09:35</dt>
              <o>NRT</o>
              <at>2010/09/10 14:15</at>
              <d>FRA</d>
              <cabin>$seg.cabinClass</cabin>
            </segment>
            <segment>
              <airline>LH</airline>
              <flight>3258</flight>
              <duration_minutes>60</duration_minutes>
              <equip>Boeing 737-300</equip>
              <miles>-1</miles>
              <dt>2010/09/11 08:40</dt>
              <o>FRA</o>
              <at>2010/09/11 09:40</at>
              <d>PRG</d>
              <cabin>$seg.cabinClass</cabin>
            </segment>
          </leg>
         </legs>
      </trip>
                   <trip id="0e228529c318e87872370a54dfb2882b">
        <price url="/book/flight?code=7c1a3b7571.OOb65z.0.F.ORBITZAIR,ORBITZAIR.242109.0e228529c318e87872370a54dfb2882b&amp;_sid_=6-gKYBzyWfsSJglwjIEMiJ" currency="USD">2421</price>
        <legs>
           <leg>
            <airline>LH</airline>
            <airline_display>Lufthansa</airline_display>
            <orig>NRT</orig>
            <dest>PRG</dest>
            <depart>2010/09/10 09:35</depart>
            <arrive>2010/09/10 19:50</arrive>
            <stops>2</stops>
            <duration_minutes>-1</duration_minutes>
            <cabin>$sleg.cabinClass</cabin>
            <segment>
              <airline>LH</airline>
              <flight>711</flight>
              <duration_minutes>700</duration_minutes>
              <equip>Airbus A380-800</equip>
              <miles>5817</miles>
              <dt>2010/09/10 09:35</dt>
              <o>NRT</o>
              <at>2010/09/10 14:15</at>
              <d>FRA</d>
              <cabin>$seg.cabinClass</cabin>
            </segment>
            <segment>
              <airline>LH</airline>
              <flight>808</flight>
              <duration_minutes>45</duration_minutes>
              <equip>Boeing 737-500</equip>
              <miles>-1</miles>
              <dt>2010/09/10 16:40</dt>
              <o>FRA</o>
              <at>2010/09/10 17:25</at>
              <d>DUS</d>
              <cabin>$seg.cabinClass</cabin>
            </segment>
            <segment>
              <airline>LH</airline>
              <flight>3286</flight>
              <duration_minutes>75</duration_minutes>
              <equip>Canadair Regional Jet 900</equip>
              <miles>-1</miles>
              <dt>2010/09/10 18:35</dt>
              <o>DUS</o>
              <at>2010/09/10 19:50</at>
              <d>PRG</d>
              <cabin>$seg.cabinClass</cabin>
            </segment>
          </leg>
         </legs>
      </trip>
                   <trip id="cfa4a7aab89452721b1dafabe2201a76">
        <price url="/book/flight?code=8cde12ca96.OOb65z.0.F.ORBITZAIR,ORBITZAIR.242819.cfa4a7aab89452721b1dafabe2201a76&amp;_sid_=6-gKYBzyWfsSJglwjIEMiJ" currency="USD">2428</price>
        <legs>
           <leg>
            <airline>LH</airline>
            <airline_display>Lufthansa</airline_display>
            <orig>NRT</orig>
            <dest>PRG</dest>
            <depart>2010/09/10 09:35</depart>
            <arrive>2010/09/10 20:15</arrive>
            <stops>2</stops>
            <duration_minutes>-1</duration_minutes>
            <cabin>$sleg.cabinClass</cabin>
            <segment>
              <airline>LH</airline>
              <flight>711</flight>
              <duration_minutes>700</duration_minutes>
              <equip>Airbus A380-800</equip>
              <miles>5817</miles>
              <dt>2010/09/10 09:35</dt>
              <o>NRT</o>
              <at>2010/09/10 14:15</at>
              <d>FRA</d>
              <cabin>$seg.cabinClass</cabin>
            </segment>
            <segment>
              <airline>LH</airline>
              <flight>976</flight>
              <duration_minutes>55</duration_minutes>
              <equip>Airbus A321-100/200</equip>
              <miles>-1</miles>
              <dt>2010/09/10 16:15</dt>
              <o>FRA</o>
              <at>2010/09/10 17:10</at>
              <d>MUC</d>
              <cabin>$seg.cabinClass</cabin>
            </segment>
            <segment>
              <airline>LH</airline>
              <flight>3276</flight>
              <duration_minutes>50</duration_minutes>
              <equip>Avro RJ85 Avroliner</equip>
              <miles>164</miles>
              <dt>2010/09/10 19:25</dt>
              <o>MUC</o>
              <at>2010/09/10 20:15</at>
              <d>PRG</d>
              <cabin>$seg.cabinClass</cabin>
            </segment>
          </leg>
         </legs>
      </trip>
                   <trip id="7d6514c51b8db98722b37b3f96770a2e">
        <price url="/book/flight?code=f88345d174.OOb65z.0.F.ORBITZAIR,ORBITZAIR.242819.7d6514c51b8db98722b37b3f96770a2e&amp;_sid_=6-gKYBzyWfsSJglwjIEMiJ" currency="USD">2428</price>
        <legs>
           <leg>
            <airline>LH</airline>
            <airline_display>Lufthansa</airline_display>
            <orig>NRT</orig>
            <dest>PRG</dest>
            <depart>2010/09/10 09:35</depart>
            <arrive>2010/09/10 20:15</arrive>
            <stops>2</stops>
            <duration_minutes>-1</duration_minutes>
            <cabin>$sleg.cabinClass</cabin>
            <segment>
              <airline>LH</airline>
              <flight>711</flight>
              <duration_minutes>700</duration_minutes>
              <equip>Airbus A380-800</equip>
              <miles>5817</miles>
              <dt>2010/09/10 09:35</dt>
              <o>NRT</o>
              <at>2010/09/10 14:15</at>
              <d>FRA</d>
              <cabin>$seg.cabinClass</cabin>
            </segment>
            <segment>
              <airline>LH</airline>
              <flight>978</flight>
              <duration_minutes>55</duration_minutes>
              <equip>Airbus A321-100/200</equip>
              <miles>-1</miles>
              <dt>2010/09/10 17:15</dt>
              <o>FRA</o>
              <at>2010/09/10 18:10</at>
              <d>MUC</d>
              <cabin>$seg.cabinClass</cabin>
            </segment>
            <segment>
              <airline>LH</airline>
              <flight>3276</flight>
              <duration_minutes>50</duration_minutes>
              <equip>Avro RJ85 Avroliner</equip>
              <miles>164</miles>
              <dt>2010/09/10 19:25</dt>
              <o>MUC</o>
              <at>2010/09/10 20:15</at>
              <d>PRG</d>
              <cabin>$seg.cabinClass</cabin>
            </segment>
          </leg>
         </legs>
      </trip>
                   <trip id="125dc4cb882744af3a271be9f2ac4b4b">
        <price url="/book/flight?code=5c1bc9c62f.OOb65z.0.F.CHEAPTICKETS,CHEAPTICKETS.249200.125dc4cb882744af3a271be9f2ac4b4b&amp;_sid_=6-gKYBzyWfsSJglwjIEMiJ" currency="USD">2492</price>
        <legs>
           <leg>
            <airline>KE</airline>
            <airline_display>Korean Air</airline_display>
            <orig>NRT</orig>
            <dest>PRG</dest>
            <depart>2010/09/10 18:40</depart>
            <arrive>2010/09/11 17:50</arrive>
            <stops>1</stops>
            <duration_minutes>-1</duration_minutes>
            <cabin>$sleg.cabinClass</cabin>
            <segment>
              <airline>KE</airline>
              <flight>5002</flight>
              <duration_minutes>155</duration_minutes>
              <equip>Boeing 777-300</equip>
              <miles>-1</miles>
              <dt>2010/09/10 18:40</dt>
              <o>NRT</o>
              <at>2010/09/10 21:15</at>
              <d>ICN</d>
              <cabin>$seg.cabinClass</cabin>
            </segment>
            <segment>
              <airline>KE</airline>
              <flight>935</flight>
              <duration_minutes>655</duration_minutes>
              <equip>Boeing 777-200</equip>
              <miles>-1</miles>
              <dt>2010/09/11 13:55</dt>
              <o>ICN</o>
              <at>2010/09/11 17:50</at>
              <d>PRG</d>
              <cabin>$seg.cabinClass</cabin>
            </segment>
          </leg>
         </legs>
      </trip>
                   <trip id="66a56825069e924274bd1f68db1b1416">
        <price url="/book/flight?code=4fbfac8348.OOb65z.0.F.CHEAPTICKETS,CHEAPTICKETS.249330.66a56825069e924274bd1f68db1b1416&amp;_sid_=6-gKYBzyWfsSJglwjIEMiJ" currency="USD">2493</price>
        <legs>
           <leg>
            <airline>MULT</airline>
            <airline_display>Multiple Airlines</airline_display>
            <orig>NRT</orig>
            <dest>PRG</dest>
            <depart>2010/09/10 20:30</depart>
            <arrive>2010/09/11 17:50</arrive>
            <stops>1</stops>
            <duration_minutes>-1</duration_minutes>
            <cabin>$sleg.cabinClass</cabin>
            <segment>
              <airline>NH</airline>
              <flight>6975</flight>
              <duration_minutes>150</duration_minutes>
              <equip>Boeing 767</equip>
              <miles>-1</miles>
              <dt>2010/09/10 20:30</dt>
              <o>NRT</o>
              <at>2010/09/10 23:00</at>
              <d>ICN</d>
              <cabin>$seg.cabinClass</cabin>
            </segment>
            <segment>
              <airline>KE</airline>
              <flight>935</flight>
              <duration_minutes>655</duration_minutes>
              <equip>Boeing 777-200</equip>
              <miles>-1</miles>
              <dt>2010/09/11 13:55</dt>
              <o>ICN</o>
              <at>2010/09/11 17:50</at>
              <d>PRG</d>
              <cabin>$seg.cabinClass</cabin>
            </segment>
          </leg>
         </legs>
      </trip>
                   <trip id="e75335917f681f5a5999ec7aabeaa0d9">
        <price url="/book/flight?code=bfdfb01e98.OOb65z.0.F.CHEAPTICKETS,CHEAPTICKETS.249330.e75335917f681f5a5999ec7aabeaa0d9&amp;_sid_=6-gKYBzyWfsSJglwjIEMiJ" currency="USD">2493</price>
        <legs>
           <leg>
            <airline>MULT</airline>
            <airline_display>Multiple Airlines</airline_display>
            <orig>NRT</orig>
            <dest>PRG</dest>
            <depart>2010/09/10 18:40</depart>
            <arrive>2010/09/11 17:50</arrive>
            <stops>1</stops>
            <duration_minutes>-1</duration_minutes>
            <cabin>$sleg.cabinClass</cabin>
            <segment>
              <airline>JL</airline>
              <flight>959</flight>
              <duration_minutes>155</duration_minutes>
              <equip>Boeing 777-300</equip>
              <miles>-1</miles>
              <dt>2010/09/10 18:40</dt>
              <o>NRT</o>
              <at>2010/09/10 21:15</at>
              <d>ICN</d>
              <cabin>$seg.cabinClass</cabin>
            </segment>
            <segment>
              <airline>KE</airline>
              <flight>935</flight>
              <duration_minutes>655</duration_minutes>
              <equip>Boeing 777-200</equip>
              <miles>-1</miles>
              <dt>2010/09/11 13:55</dt>
              <o>ICN</o>
              <at>2010/09/11 17:50</at>
              <d>PRG</d>
              <cabin>$seg.cabinClass</cabin>
            </segment>
          </leg>
         </legs>
      </trip>
                   <trip id="d11bd4dbdb86b7e66598345b866606a1">
        <price url="/book/flight?code=177aa5b544.OOb65z.0.F.CHEAPTICKETS,CHEAPTICKETS.253620.d11bd4dbdb86b7e66598345b866606a1&amp;_sid_=6-gKYBzyWfsSJglwjIEMiJ" currency="USD">2536</price>
        <legs>
           <leg>
            <airline>MULT</airline>
            <airline_display>Multiple Airlines</airline_display>
            <orig>NRT</orig>
            <dest>PRG</dest>
            <depart>2010/09/10 10:00</depart>
            <arrive>2010/09/10 23:30</arrive>
            <stops>2</stops>
            <duration_minutes>-1</duration_minutes>
            <cabin>$sleg.cabinClass</cabin>
            <segment>
              <airline>KE</airline>
              <flight>5702</flight>
              <duration_minutes>155</duration_minutes>
              <equip>Boeing 767</equip>
              <miles>-1</miles>
              <dt>2010/09/10 10:00</dt>
              <o>NRT</o>
              <at>2010/09/10 12:35</at>
              <d>ICN</d>
              <cabin>$seg.cabinClass</cabin>
            </segment>
            <segment>
              <airline>KE</airline>
              <flight>923</flight>
              <duration_minutes>540</duration_minutes>
              <equip>Boeing 777-200</equip>
              <miles>-1</miles>
              <dt>2010/09/10 14:35</dt>
              <o>ICN</o>
              <at>2010/09/10 18:35</at>
              <d>SVO</d>
              <cabin>$seg.cabinClass</cabin>
            </segment>
            <segment>
              <airline>OK</airline>
              <flight>905</flight>
              <duration_minutes>165</duration_minutes>
              <equip>Airbus A319</equip>
              <miles>-1</miles>
              <dt>2010/09/10 22:45</dt>
              <o>SVO</o>
              <at>2010/09/10 23:30</at>
              <d>PRG</d>
              <cabin>$seg.cabinClass</cabin>
            </segment>
          </leg>
         </legs>
      </trip>
                   <trip id="4df0c4f7b42f4bdc6f51166fdfa55d55">
        <price url="/book/flight?code=284cabdb5d.OOb65z.0.F.CHEAPTICKETS,CHEAPTICKETS.253620.4df0c4f7b42f4bdc6f51166fdfa55d55&amp;_sid_=6-gKYBzyWfsSJglwjIEMiJ" currency="USD">2536</price>
        <legs>
           <leg>
            <airline>MULT</airline>
            <airline_display>Multiple Airlines</airline_display>
            <orig>NRT</orig>
            <dest>PRG</dest>
            <depart>2010/09/10 09:25</depart>
            <arrive>2010/09/10 23:30</arrive>
            <stops>2</stops>
            <duration_minutes>-1</duration_minutes>
            <cabin>$sleg.cabinClass</cabin>
            <segment>
              <airline>KE</airline>
              <flight>706</flight>
              <duration_minutes>145</duration_minutes>
              <equip>Boeing 747-400</equip>
              <miles>-1</miles>
              <dt>2010/09/10 09:25</dt>
              <o>NRT</o>
              <at>2010/09/10 11:50</at>
              <d>ICN</d>
              <cabin>$seg.cabinClass</cabin>
            </segment>
            <segment>
              <airline>KE</airline>
              <flight>923</flight>
              <duration_minutes>540</duration_minutes>
              <equip>Boeing 777-200</equip>
              <miles>-1</miles>
              <dt>2010/09/10 14:35</dt>
              <o>ICN</o>
              <at>2010/09/10 18:35</at>
              <d>SVO</d>
              <cabin>$seg.cabinClass</cabin>
            </segment>
            <segment>
              <airline>OK</airline>
              <flight>905</flight>
              <duration_minutes>165</duration_minutes>
              <equip>Airbus A319</equip>
              <miles>-1</miles>
              <dt>2010/09/10 22:45</dt>
              <o>SVO</o>
              <at>2010/09/10 23:30</at>
              <d>PRG</d>
              <cabin>$seg.cabinClass</cabin>
            </segment>
          </leg>
         </legs>
      </trip>
                   <trip id="4c9a744891e4714bfa3e54ed5e2d4209">
        <price url="/book/flight?code=74b85dd3d0.OOb65z.0.F.CHEAPTICKETS,CHEAPTICKETS.253750.4c9a744891e4714bfa3e54ed5e2d4209&amp;_sid_=6-gKYBzyWfsSJglwjIEMiJ" currency="USD">2538</price>
        <legs>
           <leg>
            <airline>MULT</airline>
            <airline_display>Multiple Airlines</airline_display>
            <orig>NRT</orig>
            <dest>PRG</dest>
            <depart>2010/09/10 09:00</depart>
            <arrive>2010/09/10 19:45</arrive>
            <stops>2</stops>
            <duration_minutes>-1</duration_minutes>
            <cabin>$sleg.cabinClass</cabin>
            <segment>
              <airline>NH</airline>
              <flight>6977</flight>
              <duration_minutes>155</duration_minutes>
              <equip>Boeing 777</equip>
              <miles>-1</miles>
              <dt>2010/09/10 09:00</dt>
              <o>NRT</o>
              <at>2010/09/10 11:35</at>
              <d>ICN</d>
              <cabin>$seg.cabinClass</cabin>
            </segment>
            <segment>
              <airline>KE</airline>
              <flight>5923</flight>
              <duration_minutes>565</duration_minutes>
              <equip>Boeing 767-300</equip>
              <miles>-1</miles>
              <dt>2010/09/10 12:50</dt>
              <o>ICN</o>
              <at>2010/09/10 17:15</at>
              <d>SVO</d>
              <cabin>$seg.cabinClass</cabin>
            </segment>
            <segment>
              <airline>OK</airline>
              <flight>4895</flight>
              <duration_minutes>160</duration_minutes>
              <equip>Airbus A320-100/200</equip>
              <miles>-1</miles>
              <dt>2010/09/10 19:05</dt>
              <o>SVO</o>
              <at>2010/09/10 19:45</at>
              <d>PRG</d>
              <cabin>$seg.cabinClass</cabin>
            </segment>
          </leg>
         </legs>
      </trip>
                   <trip id="66649874ffe369f553791c2badbaeddf">
        <price url="/book/flight?code=a737b95d1e.OOb65z.0.F.CHEAPTICKETS,CHEAPTICKETS.253750.66649874ffe369f553791c2badbaeddf&amp;_sid_=6-gKYBzyWfsSJglwjIEMiJ" currency="USD">2538</price>
        <legs>
           <leg>
            <airline>MULT</airline>
            <airline_display>Multiple Airlines</airline_display>
            <orig>NRT</orig>
            <dest>PRG</dest>
            <depart>2010/09/10 10:55</depart>
            <arrive>2010/09/10 23:30</arrive>
            <stops>2</stops>
            <duration_minutes>-1</duration_minutes>
            <cabin>$sleg.cabinClass</cabin>
            <segment>
              <airline>NH</airline>
              <flight>907</flight>
              <duration_minutes>150</duration_minutes>
              <equip>Airbus A320-100/200</equip>
              <miles>-1</miles>
              <dt>2010/09/10 10:55</dt>
              <o>NRT</o>
              <at>2010/09/10 13:25</at>
              <d>ICN</d>
              <cabin>$seg.cabinClass</cabin>
            </segment>
            <segment>
              <airline>KE</airline>
              <flight>923</flight>
              <duration_minutes>540</duration_minutes>
              <equip>Boeing 777-200</equip>
              <miles>-1</miles>
              <dt>2010/09/10 14:35</dt>
              <o>ICN</o>
              <at>2010/09/10 18:35</at>
              <d>SVO</d>
              <cabin>$seg.cabinClass</cabin>
            </segment>
            <segment>
              <airline>OK</airline>
              <flight>905</flight>
              <duration_minutes>165</duration_minutes>
              <equip>Airbus A319</equip>
              <miles>-1</miles>
              <dt>2010/09/10 22:45</dt>
              <o>SVO</o>
              <at>2010/09/10 23:30</at>
              <d>PRG</d>
              <cabin>$seg.cabinClass</cabin>
            </segment>
          </leg>
         </legs>
      </trip>
                   <trip id="343027c9ee7b79e6df5c08202878285a">
        <price url="/book/flight?code=4414d4e612.OOb65z.0.F.CHEAPTICKETS,CHEAPTICKETS.253750.343027c9ee7b79e6df5c08202878285a&amp;_sid_=6-gKYBzyWfsSJglwjIEMiJ" currency="USD">2538</price>
        <legs>
           <leg>
            <airline>MULT</airline>
            <airline_display>Multiple Airlines</airline_display>
            <orig>NRT</orig>
            <dest>PRG</dest>
            <depart>2010/09/10 10:00</depart>
            <arrive>2010/09/10 23:30</arrive>
            <stops>2</stops>
            <duration_minutes>-1</duration_minutes>
            <cabin>$sleg.cabinClass</cabin>
            <segment>
              <airline>JL</airline>
              <flight>951</flight>
              <duration_minutes>155</duration_minutes>
              <equip>Boeing 767</equip>
              <miles>-1</miles>
              <dt>2010/09/10 10:00</dt>
              <o>NRT</o>
              <at>2010/09/10 12:35</at>
              <d>ICN</d>
              <cabin>$seg.cabinClass</cabin>
            </segment>
            <segment>
              <airline>KE</airline>
              <flight>923</flight>
              <duration_minutes>540</duration_minutes>
              <equip>Boeing 777-200</equip>
              <miles>-1</miles>
              <dt>2010/09/10 14:35</dt>
              <o>ICN</o>
              <at>2010/09/10 18:35</at>
              <d>SVO</d>
              <cabin>$seg.cabinClass</cabin>
            </segment>
            <segment>
              <airline>OK</airline>
              <flight>905</flight>
              <duration_minutes>165</duration_minutes>
              <equip>Airbus A319</equip>
              <miles>-1</miles>
              <dt>2010/09/10 22:45</dt>
              <o>SVO</o>
              <at>2010/09/10 23:30</at>
              <d>PRG</d>
              <cabin>$seg.cabinClass</cabin>
            </segment>
          </leg>
         </legs>
      </trip>
                   <trip id="7c8f7dd0455f0ddac7b7ddad7c348e33">
        <price url="/book/flight?code=827b0dbaf1.OOb65z.0.F.CHEAPTICKETS,CHEAPTICKETS.253750.7c8f7dd0455f0ddac7b7ddad7c348e33&amp;_sid_=6-gKYBzyWfsSJglwjIEMiJ" currency="USD">2538</price>
        <legs>
           <leg>
            <airline>MULT</airline>
            <airline_display>Multiple Airlines</airline_display>
            <orig>NRT</orig>
            <dest>PRG</dest>
            <depart>2010/09/10 09:25</depart>
            <arrive>2010/09/10 23:30</arrive>
            <stops>2</stops>
            <duration_minutes>-1</duration_minutes>
            <cabin>$sleg.cabinClass</cabin>
            <segment>
              <airline>JL</airline>
              <flight>5201</flight>
              <duration_minutes>145</duration_minutes>
              <equip>Boeing 747-400</equip>
              <miles>-1</miles>
              <dt>2010/09/10 09:25</dt>
              <o>NRT</o>
              <at>2010/09/10 11:50</at>
              <d>ICN</d>
              <cabin>$seg.cabinClass</cabin>
            </segment>
            <segment>
              <airline>KE</airline>
              <flight>923</flight>
              <duration_minutes>540</duration_minutes>
              <equip>Boeing 777-200</equip>
              <miles>-1</miles>
              <dt>2010/09/10 14:35</dt>
              <o>ICN</o>
              <at>2010/09/10 18:35</at>
              <d>SVO</d>
              <cabin>$seg.cabinClass</cabin>
            </segment>
            <segment>
              <airline>OK</airline>
              <flight>905</flight>
              <duration_minutes>165</duration_minutes>
              <equip>Airbus A319</equip>
              <miles>-1</miles>
              <dt>2010/09/10 22:45</dt>
              <o>SVO</o>
              <at>2010/09/10 23:30</at>
              <d>PRG</d>
              <cabin>$seg.cabinClass</cabin>
            </segment>
          </leg>
         </legs>
      </trip>
                   <trip id="89f13b5970e44a7b090649376bfd26fc">
        <price url="/book/flight?code=5235851110.OOb65z.0.F.CHEAPTICKETS,CHEAPTICKETS.253750.89f13b5970e44a7b090649376bfd26fc&amp;_sid_=6-gKYBzyWfsSJglwjIEMiJ" currency="USD">2538</price>
        <legs>
           <leg>
            <airline>MULT</airline>
            <airline_display>Multiple Airlines</airline_display>
            <orig>NRT</orig>
            <dest>PRG</dest>
            <depart>2010/09/10 09:00</depart>
            <arrive>2010/09/10 23:30</arrive>
            <stops>2</stops>
            <duration_minutes>-1</duration_minutes>
            <cabin>$sleg.cabinClass</cabin>
            <segment>
              <airline>NH</airline>
              <flight>6977</flight>
              <duration_minutes>155</duration_minutes>
              <equip>Boeing 777</equip>
              <miles>-1</miles>
              <dt>2010/09/10 09:00</dt>
              <o>NRT</o>
              <at>2010/09/10 11:35</at>
              <d>ICN</d>
              <cabin>$seg.cabinClass</cabin>
            </segment>
            <segment>
              <airline>KE</airline>
              <flight>5923</flight>
              <duration_minutes>565</duration_minutes>
              <equip>Boeing 767-300</equip>
              <miles>-1</miles>
              <dt>2010/09/10 12:50</dt>
              <o>ICN</o>
              <at>2010/09/10 17:15</at>
              <d>SVO</d>
              <cabin>$seg.cabinClass</cabin>
            </segment>
            <segment>
              <airline>OK</airline>
              <flight>905</flight>
              <duration_minutes>165</duration_minutes>
              <equip>Airbus A319</equip>
              <miles>-1</miles>
              <dt>2010/09/10 22:45</dt>
              <o>SVO</o>
              <at>2010/09/10 23:30</at>
              <d>PRG</d>
              <cabin>$seg.cabinClass</cabin>
            </segment>
          </leg>
         </legs>
      </trip>
                   <trip id="b237e698fbc32d083b8f13f65430098f">
        <price url="/book/flight?code=66dca9f9d5.OOb65z.0.F.CHEAPTICKETS,CHEAPTICKETS.253750.b237e698fbc32d083b8f13f65430098f&amp;_sid_=6-gKYBzyWfsSJglwjIEMiJ" currency="USD">2538</price>
        <legs>
           <leg>
            <airline>MULT</airline>
            <airline_display>Multiple Airlines</airline_display>
            <orig>NRT</orig>
            <dest>PRG</dest>
            <depart>2010/09/10 09:00</depart>
            <arrive>2010/09/10 23:30</arrive>
            <stops>2</stops>
            <duration_minutes>-1</duration_minutes>
            <cabin>$sleg.cabinClass</cabin>
            <segment>
              <airline>NH</airline>
              <flight>6977</flight>
              <duration_minutes>155</duration_minutes>
              <equip>Boeing 777</equip>
              <miles>-1</miles>
              <dt>2010/09/10 09:00</dt>
              <o>NRT</o>
              <at>2010/09/10 11:35</at>
              <d>ICN</d>
              <cabin>$seg.cabinClass</cabin>
            </segment>
            <segment>
              <airline>KE</airline>
              <flight>923</flight>
              <duration_minutes>540</duration_minutes>
              <equip>Boeing 777-200</equip>
              <miles>-1</miles>
              <dt>2010/09/10 14:35</dt>
              <o>ICN</o>
              <at>2010/09/10 18:35</at>
              <d>SVO</d>
              <cabin>$seg.cabinClass</cabin>
            </segment>
            <segment>
              <airline>OK</airline>
              <flight>905</flight>
              <duration_minutes>165</duration_minutes>
              <equip>Airbus A319</equip>
              <miles>-1</miles>
              <dt>2010/09/10 22:45</dt>
              <o>SVO</o>
              <at>2010/09/10 23:30</at>
              <d>PRG</d>
              <cabin>$seg.cabinClass</cabin>
            </segment>
          </leg>
         </legs>
      </trip>
                   <trip id="4e9bf80c2d9a9492e22ddc8e0064dd2a">
        <price url="/book/flight?code=76019b014f.OOb65z.0.F.ORBITZAIR,ORBITZAIR.253799.4e9bf80c2d9a9492e22ddc8e0064dd2a&amp;_sid_=6-gKYBzyWfsSJglwjIEMiJ" currency="USD">2538</price>
        <legs>
           <leg>
            <airline>MULT</airline>
            <airline_display>Multiple Airlines</airline_display>
            <orig>NRT</orig>
            <dest>PRG</dest>
            <depart>2010/09/10 11:40</depart>
            <arrive>2010/09/10 20:35</arrive>
            <stops>2</stops>
            <duration_minutes>-1</duration_minutes>
            <cabin>$sleg.cabinClass</cabin>
            <segment>
              <airline>SK</airline>
              <flight>984</flight>
              <duration_minutes>685</duration_minutes>
              <equip>Airbus A340-300</equip>
              <miles>-1</miles>
              <dt>2010/09/10 11:40</dt>
              <o>NRT</o>
              <at>2010/09/10 16:05</at>
              <d>CPH</d>
              <cabin>$seg.cabinClass</cabin>
            </segment>
            <segment>
              <airline>SK</airline>
              <flight>627</flight>
              <duration_minutes>80</duration_minutes>
              <equip>Canadair Regional Jet 900</equip>
              <miles>-1</miles>
              <dt>2010/09/10 16:55</dt>
              <o>CPH</o>
              <at>2010/09/10 18:15</at>
              <d>DUS</d>
              <cabin>$seg.cabinClass</cabin>
            </segment>
            <segment>
              <airline>OK</airline>
              <flight>527</flight>
              <duration_minutes>80</duration_minutes>
              <equip>Airbus A319</equip>
              <miles>-1</miles>
              <dt>2010/09/10 19:15</dt>
              <o>DUS</o>
              <at>2010/09/10 20:35</at>
              <d>PRG</d>
              <cabin>$seg.cabinClass</cabin>
            </segment>
          </leg>
         </legs>
      </trip>
                   <trip id="469bcabfe2b2ca176ce4ff205f720349">
        <price url="/book/flight?code=0adb913479.OOb65z.0.F.CHEAPTICKETS,CHEAPTICKETS.254320.469bcabfe2b2ca176ce4ff205f720349&amp;_sid_=6-gKYBzyWfsSJglwjIEMiJ" currency="USD">2543</price>
        <legs>
           <leg>
            <airline>MULT</airline>
            <airline_display>Multiple Airlines</airline_display>
            <orig>NRT</orig>
            <dest>PRG</dest>
            <depart>2010/09/10 10:00</depart>
            <arrive>2010/09/10 23:30</arrive>
            <stops>2</stops>
            <duration_minutes>-1</duration_minutes>
            <cabin>$sleg.cabinClass</cabin>
            <segment>
              <airline>KE</airline>
              <flight>5702</flight>
              <duration_minutes>155</duration_minutes>
              <equip>Boeing 767</equip>
              <miles>-1</miles>
              <dt>2010/09/10 10:00</dt>
              <o>NRT</o>
              <at>2010/09/10 12:35</at>
              <d>ICN</d>
              <cabin>$seg.cabinClass</cabin>
            </segment>
            <segment>
              <airline>KE</airline>
              <flight>923</flight>
              <duration_minutes>540</duration_minutes>
              <equip>Boeing 777-200</equip>
              <miles>-1</miles>
              <dt>2010/09/10 14:35</dt>
              <o>ICN</o>
              <at>2010/09/10 18:35</at>
              <d>SVO</d>
              <cabin>$seg.cabinClass</cabin>
            </segment>
            <segment>
              <airline>SU</airline>
              <flight>469</flight>
              <duration_minutes>165</duration_minutes>
              <equip>Airbus A319</equip>
              <miles>1037</miles>
              <dt>2010/09/10 22:45</dt>
              <o>SVO</o>
              <at>2010/09/10 23:30</at>
              <d>PRG</d>
              <cabin>$seg.cabinClass</cabin>
            </segment>
          </leg>
         </legs>
      </trip>
                   <trip id="faf7d062039ef05d12b879bbf18001a9">
        <price url="/book/flight?code=4a244b6bfa.OOb65z.0.F.CHEAPTICKETS,CHEAPTICKETS.254450.faf7d062039ef05d12b879bbf18001a9&amp;_sid_=6-gKYBzyWfsSJglwjIEMiJ" currency="USD">2545</price>
        <legs>
           <leg>
            <airline>MULT</airline>
            <airline_display>Multiple Airlines</airline_display>
            <orig>NRT</orig>
            <dest>PRG</dest>
            <depart>2010/09/10 09:00</depart>
            <arrive>2010/09/10 19:45</arrive>
            <stops>2</stops>
            <duration_minutes>-1</duration_minutes>
            <cabin>$sleg.cabinClass</cabin>
            <segment>
              <airline>NH</airline>
              <flight>6977</flight>
              <duration_minutes>155</duration_minutes>
              <equip>Boeing 777</equip>
              <miles>-1</miles>
              <dt>2010/09/10 09:00</dt>
              <o>NRT</o>
              <at>2010/09/10 11:35</at>
              <d>ICN</d>
              <cabin>$seg.cabinClass</cabin>
            </segment>
            <segment>
              <airline>KE</airline>
              <flight>5923</flight>
              <duration_minutes>565</duration_minutes>
              <equip>Boeing 767-300</equip>
              <miles>-1</miles>
              <dt>2010/09/10 12:50</dt>
              <o>ICN</o>
              <at>2010/09/10 17:15</at>
              <d>SVO</d>
              <cabin>$seg.cabinClass</cabin>
            </segment>
            <segment>
              <airline>SU</airline>
              <flight>143</flight>
              <duration_minutes>160</duration_minutes>
              <equip>Airbus A320-100/200</equip>
              <miles>1037</miles>
              <dt>2010/09/10 19:05</dt>
              <o>SVO</o>
              <at>2010/09/10 19:45</at>
              <d>PRG</d>
              <cabin>$seg.cabinClass</cabin>
            </segment>
          </leg>
         </legs>
      </trip>
                   <trip id="5c0cf10f8098375b42850a127afd2f5b">
        <price url="/book/flight?code=7843e4bd2b.OOb65z.0.F.CHEAPTICKETS,CHEAPTICKETS.254450.5c0cf10f8098375b42850a127afd2f5b&amp;_sid_=6-gKYBzyWfsSJglwjIEMiJ" currency="USD">2545</price>
        <legs>
           <leg>
            <airline>MULT</airline>
            <airline_display>Multiple Airlines</airline_display>
            <orig>NRT</orig>
            <dest>PRG</dest>
            <depart>2010/09/10 10:55</depart>
            <arrive>2010/09/10 23:30</arrive>
            <stops>2</stops>
            <duration_minutes>-1</duration_minutes>
            <cabin>$sleg.cabinClass</cabin>
            <segment>
              <airline>NH</airline>
              <flight>907</flight>
              <duration_minutes>150</duration_minutes>
              <equip>Airbus A320-100/200</equip>
              <miles>-1</miles>
              <dt>2010/09/10 10:55</dt>
              <o>NRT</o>
              <at>2010/09/10 13:25</at>
              <d>ICN</d>
              <cabin>$seg.cabinClass</cabin>
            </segment>
            <segment>
              <airline>KE</airline>
              <flight>923</flight>
              <duration_minutes>540</duration_minutes>
              <equip>Boeing 777-200</equip>
              <miles>-1</miles>
              <dt>2010/09/10 14:35</dt>
              <o>ICN</o>
              <at>2010/09/10 18:35</at>
              <d>SVO</d>
              <cabin>$seg.cabinClass</cabin>
            </segment>
            <segment>
              <airline>SU</airline>
              <flight>469</flight>
              <duration_minutes>165</duration_minutes>
              <equip>Airbus A319</equip>
              <miles>1037</miles>
              <dt>2010/09/10 22:45</dt>
              <o>SVO</o>
              <at>2010/09/10 23:30</at>
              <d>PRG</d>
              <cabin>$seg.cabinClass</cabin>
            </segment>
          </leg>
         </legs>
      </trip>
                   <trip id="d8048ffed0745d4b7a0c3461e71161ba">
        <price url="/book/flight?code=de3fd81751.OOb65z.0.F.CHEAPTICKETS,CHEAPTICKETS.254450.d8048ffed0745d4b7a0c3461e71161ba&amp;_sid_=6-gKYBzyWfsSJglwjIEMiJ" currency="USD">2545</price>
        <legs>
           <leg>
            <airline>MULT</airline>
            <airline_display>Multiple Airlines</airline_display>
            <orig>NRT</orig>
            <dest>PRG</dest>
            <depart>2010/09/10 10:00</depart>
            <arrive>2010/09/10 23:30</arrive>
            <stops>2</stops>
            <duration_minutes>-1</duration_minutes>
            <cabin>$sleg.cabinClass</cabin>
            <segment>
              <airline>JL</airline>
              <flight>951</flight>
              <duration_minutes>155</duration_minutes>
              <equip>Boeing 767</equip>
              <miles>-1</miles>
              <dt>2010/09/10 10:00</dt>
              <o>NRT</o>
              <at>2010/09/10 12:35</at>
              <d>ICN</d>
              <cabin>$seg.cabinClass</cabin>
            </segment>
            <segment>
              <airline>KE</airline>
              <flight>923</flight>
              <duration_minutes>540</duration_minutes>
              <equip>Boeing 777-200</equip>
              <miles>-1</miles>
              <dt>2010/09/10 14:35</dt>
              <o>ICN</o>
              <at>2010/09/10 18:35</at>
              <d>SVO</d>
              <cabin>$seg.cabinClass</cabin>
            </segment>
            <segment>
              <airline>SU</airline>
              <flight>469</flight>
              <duration_minutes>165</duration_minutes>
              <equip>Airbus A319</equip>
              <miles>1037</miles>
              <dt>2010/09/10 22:45</dt>
              <o>SVO</o>
              <at>2010/09/10 23:30</at>
              <d>PRG</d>
              <cabin>$seg.cabinClass</cabin>
            </segment>
          </leg>
         </legs>
      </trip>
                   <trip id="ce0bef232faf105e0b38b052fef01f0c">
        <price url="/book/flight?code=4f90fd3ad2.OOb65z.0.F.CHEAPTICKETS,CHEAPTICKETS.254450.ce0bef232faf105e0b38b052fef01f0c&amp;_sid_=6-gKYBzyWfsSJglwjIEMiJ" currency="USD">2545</price>
        <legs>
           <leg>
            <airline>MULT</airline>
            <airline_display>Multiple Airlines</airline_display>
            <orig>NRT</orig>
            <dest>PRG</dest>
            <depart>2010/09/10 09:25</depart>
            <arrive>2010/09/10 23:30</arrive>
            <stops>2</stops>
            <duration_minutes>-1</duration_minutes>
            <cabin>$sleg.cabinClass</cabin>
            <segment>
              <airline>JL</airline>
              <flight>5201</flight>
              <duration_minutes>145</duration_minutes>
              <equip>Boeing 747-400</equip>
              <miles>-1</miles>
              <dt>2010/09/10 09:25</dt>
              <o>NRT</o>
              <at>2010/09/10 11:50</at>
              <d>ICN</d>
              <cabin>$seg.cabinClass</cabin>
            </segment>
            <segment>
              <airline>KE</airline>
              <flight>923</flight>
              <duration_minutes>540</duration_minutes>
              <equip>Boeing 777-200</equip>
              <miles>-1</miles>
              <dt>2010/09/10 14:35</dt>
              <o>ICN</o>
              <at>2010/09/10 18:35</at>
              <d>SVO</d>
              <cabin>$seg.cabinClass</cabin>
            </segment>
            <segment>
              <airline>SU</airline>
              <flight>469</flight>
              <duration_minutes>165</duration_minutes>
              <equip>Airbus A319</equip>
              <miles>1037</miles>
              <dt>2010/09/10 22:45</dt>
              <o>SVO</o>
              <at>2010/09/10 23:30</at>
              <d>PRG</d>
              <cabin>$seg.cabinClass</cabin>
            </segment>
          </leg>
         </legs>
      </trip>
                   <trip id="572738428df254896562d5652fa1e2f6">
        <price url="/book/flight?code=57ab3ff9f2.OOb65z.0.F.CHEAPTICKETS,CHEAPTICKETS.254450.572738428df254896562d5652fa1e2f6&amp;_sid_=6-gKYBzyWfsSJglwjIEMiJ" currency="USD">2545</price>
        <legs>
           <leg>
            <airline>MULT</airline>
            <airline_display>Multiple Airlines</airline_display>
            <orig>NRT</orig>
            <dest>PRG</dest>
            <depart>2010/09/10 09:00</depart>
            <arrive>2010/09/10 23:30</arrive>
            <stops>2</stops>
            <duration_minutes>-1</duration_minutes>
            <cabin>$sleg.cabinClass</cabin>
            <segment>
              <airline>NH</airline>
              <flight>6977</flight>
              <duration_minutes>155</duration_minutes>
              <equip>Boeing 777</equip>
              <miles>-1</miles>
              <dt>2010/09/10 09:00</dt>
              <o>NRT</o>
              <at>2010/09/10 11:35</at>
              <d>ICN</d>
              <cabin>$seg.cabinClass</cabin>
            </segment>
            <segment>
              <airline>KE</airline>
              <flight>923</flight>
              <duration_minutes>540</duration_minutes>
              <equip>Boeing 777-200</equip>
              <miles>-1</miles>
              <dt>2010/09/10 14:35</dt>
              <o>ICN</o>
              <at>2010/09/10 18:35</at>
              <d>SVO</d>
              <cabin>$seg.cabinClass</cabin>
            </segment>
            <segment>
              <airline>SU</airline>
              <flight>469</flight>
              <duration_minutes>165</duration_minutes>
              <equip>Airbus A319</equip>
              <miles>1037</miles>
              <dt>2010/09/10 22:45</dt>
              <o>SVO</o>
              <at>2010/09/10 23:30</at>
              <d>PRG</d>
              <cabin>$seg.cabinClass</cabin>
            </segment>
          </leg>
         </legs>
      </trip>
                   <trip id="7a9488e30dcfbb6dff0b54cdd16726b5">
        <price url="/book/flight?code=e9b804f52d.OOb65z.0.F.CHEAPTICKETS,CHEAPTICKETS.254450.7a9488e30dcfbb6dff0b54cdd16726b5&amp;_sid_=6-gKYBzyWfsSJglwjIEMiJ" currency="USD">2545</price>
        <legs>
           <leg>
            <airline>MULT</airline>
            <airline_display>Multiple Airlines</airline_display>
            <orig>NRT</orig>
            <dest>PRG</dest>
            <depart>2010/09/10 09:00</depart>
            <arrive>2010/09/10 23:30</arrive>
            <stops>2</stops>
            <duration_minutes>-1</duration_minutes>
            <cabin>$sleg.cabinClass</cabin>
            <segment>
              <airline>NH</airline>
              <flight>6977</flight>
              <duration_minutes>155</duration_minutes>
              <equip>Boeing 777</equip>
              <miles>-1</miles>
              <dt>2010/09/10 09:00</dt>
              <o>NRT</o>
              <at>2010/09/10 11:35</at>
              <d>ICN</d>
              <cabin>$seg.cabinClass</cabin>
            </segment>
            <segment>
              <airline>KE</airline>
              <flight>5923</flight>
              <duration_minutes>565</duration_minutes>
              <equip>Boeing 767-300</equip>
              <miles>-1</miles>
              <dt>2010/09/10 12:50</dt>
              <o>ICN</o>
              <at>2010/09/10 17:15</at>
              <d>SVO</d>
              <cabin>$seg.cabinClass</cabin>
            </segment>
            <segment>
              <airline>SU</airline>
              <flight>469</flight>
              <duration_minutes>165</duration_minutes>
              <equip>Airbus A319</equip>
              <miles>1037</miles>
              <dt>2010/09/10 22:45</dt>
              <o>SVO</o>
              <at>2010/09/10 23:30</at>
              <d>PRG</d>
              <cabin>$seg.cabinClass</cabin>
            </segment>
          </leg>
         </legs>
      </trip>
                   <trip id="72b91e9891ec7d1e2c994ddc4a8e0ccd">
        <price url="/book/flight?code=6411e505bd.OOb65z.0.F.ORBITZAIR,ORBITZAIR.254509.72b91e9891ec7d1e2c994ddc4a8e0ccd&amp;_sid_=6-gKYBzyWfsSJglwjIEMiJ" currency="USD">2545</price>
        <legs>
           <leg>
            <airline>MULT</airline>
            <airline_display>Multiple Airlines</airline_display>
            <orig>NRT</orig>
            <dest>PRG</dest>
            <depart>2010/09/10 11:40</depart>
            <arrive>2010/09/10 21:00</arrive>
            <stops>2</stops>
            <duration_minutes>-1</duration_minutes>
            <cabin>$sleg.cabinClass</cabin>
            <segment>
              <airline>SK</airline>
              <flight>984</flight>
              <duration_minutes>685</duration_minutes>
              <equip>Airbus A340-300</equip>
              <miles>-1</miles>
              <dt>2010/09/10 11:40</dt>
              <o>NRT</o>
              <at>2010/09/10 16:05</at>
              <d>CPH</d>
              <cabin>$seg.cabinClass</cabin>
            </segment>
            <segment>
              <airline>SK</airline>
              <flight>3649</flight>
              <duration_minutes>100</duration_minutes>
              <equip>Canadair Regional Jet 900</equip>
              <miles>-1</miles>
              <dt>2010/09/10 16:50</dt>
              <o>CPH</o>
              <at>2010/09/10 18:30</at>
              <d>MUC</d>
              <cabin>$seg.cabinClass</cabin>
            </segment>
            <segment>
              <airline>OK</airline>
              <flight>553</flight>
              <duration_minutes>70</duration_minutes>
              <equip>Aerospatiale/Alenia ATR 42-300 / 320</equip>
              <miles>-1</miles>
              <dt>2010/09/10 19:50</dt>
              <o>MUC</o>
              <at>2010/09/10 21:00</at>
              <d>PRG</d>
              <cabin>$seg.cabinClass</cabin>
            </segment>
          </leg>
         </legs>
      </trip>
                   <trip id="409047175c97827f017a86460c09b481">
        <price url="/book/flight?code=43a6d77143.OOb65z.0.F.ORBITZAIR,ORBITZAIR.258179.409047175c97827f017a86460c09b481&amp;_sid_=6-gKYBzyWfsSJglwjIEMiJ" currency="USD">2582</price>
        <legs>
           <leg>
            <airline>MULT</airline>
            <airline_display>Multiple Airlines</airline_display>
            <orig>NRT</orig>
            <dest>PRG</dest>
            <depart>2010/09/10 11:40</depart>
            <arrive>2010/09/10 20:20</arrive>
            <stops>1</stops>
            <duration_minutes>-1</duration_minutes>
            <cabin>$sleg.cabinClass</cabin>
            <segment>
              <airline>SK</airline>
              <flight>984</flight>
              <duration_minutes>685</duration_minutes>
              <equip>Airbus A340-300</equip>
              <miles>-1</miles>
              <dt>2010/09/10 11:40</dt>
              <o>NRT</o>
              <at>2010/09/10 16:05</at>
              <d>CPH</d>
              <cabin>$seg.cabinClass</cabin>
            </segment>
            <segment>
              <airline>OK</airline>
              <flight>509</flight>
              <duration_minutes>75</duration_minutes>
              <equip>Boeing 737-500</equip>
              <miles>-1</miles>
              <dt>2010/09/10 19:05</dt>
              <o>CPH</o>
              <at>2010/09/10 20:20</at>
              <d>PRG</d>
              <cabin>$seg.cabinClass</cabin>
            </segment>
          </leg>
         </legs>
      </trip>
                   <trip id="4d3eae2b74f644f4cded58da17f2fb1e">
        <price url="/book/flight?code=dc8a3124f0.OOb65z.0.F.ORBITZAIR,ORBITZAIR.258179.4d3eae2b74f644f4cded58da17f2fb1e&amp;_sid_=6-gKYBzyWfsSJglwjIEMiJ" currency="USD">2582</price>
        <legs>
           <leg>
            <airline>MULT</airline>
            <airline_display>Multiple Airlines</airline_display>
            <orig>NRT</orig>
            <dest>PRG</dest>
            <depart>2010/09/10 11:40</depart>
            <arrive>2010/09/11 10:20</arrive>
            <stops>1</stops>
            <duration_minutes>-1</duration_minutes>
            <cabin>$sleg.cabinClass</cabin>
            <segment>
              <airline>SK</airline>
              <flight>984</flight>
              <duration_minutes>685</duration_minutes>
              <equip>Airbus A340-300</equip>
              <miles>-1</miles>
              <dt>2010/09/10 11:40</dt>
              <o>NRT</o>
              <at>2010/09/10 16:05</at>
              <d>CPH</d>
              <cabin>$seg.cabinClass</cabin>
            </segment>
            <segment>
              <airline>OK</airline>
              <flight>505</flight>
              <duration_minutes>75</duration_minutes>
              <equip>Boeing 737-500</equip>
              <miles>-1</miles>
              <dt>2010/09/11 09:05</dt>
              <o>CPH</o>
              <at>2010/09/11 10:20</at>
              <d>PRG</d>
              <cabin>$seg.cabinClass</cabin>
            </segment>
          </leg>
         </legs>
      </trip>
                   <trip id="5310a4a4af35c35c1e03e24a76bd62c7">
        <price url="/book/flight?code=36329e255d.OOb65z.0.F.ORBITZAIR,ORBITZAIR.259039.5310a4a4af35c35c1e03e24a76bd62c7&amp;_sid_=6-gKYBzyWfsSJglwjIEMiJ" currency="USD">2590</price>
        <legs>
           <leg>
            <airline>MULT</airline>
            <airline_display>Multiple Airlines</airline_display>
            <orig>NRT</orig>
            <dest>PRG</dest>
            <depart>2010/09/10 10:00</depart>
            <arrive>2010/09/10 23:20</arrive>
            <stops>2</stops>
            <duration_minutes>-1</duration_minutes>
            <cabin>$sleg.cabinClass</cabin>
            <segment>
              <airline>KE</airline>
              <flight>5702</flight>
              <duration_minutes>155</duration_minutes>
              <equip>Boeing 767</equip>
              <miles>-1</miles>
              <dt>2010/09/10 10:00</dt>
              <o>NRT</o>
              <at>2010/09/10 12:35</at>
              <d>ICN</d>
              <cabin>$seg.cabinClass</cabin>
            </segment>
            <segment>
              <airline>LH</airline>
              <flight>713</flight>
              <duration_minutes>700</duration_minutes>
              <equip>Airbus A340-600</equip>
              <miles>-1</miles>
              <dt>2010/09/10 14:05</dt>
              <o>ICN</o>
              <at>2010/09/10 18:45</at>
              <d>FRA</d>
              <cabin>$seg.cabinClass</cabin>
            </segment>
            <segment>
              <airline>LH</airline>
              <flight>3266</flight>
              <duration_minutes>60</duration_minutes>
              <equip>Airbus A321-100/200</equip>
              <miles>252</miles>
              <dt>2010/09/10 22:20</dt>
              <o>FRA</o>
              <at>2010/09/10 23:20</at>
              <d>PRG</d>
              <cabin>$seg.cabinClass</cabin>
            </segment>
          </leg>
         </legs>
      </trip>
                   <trip id="2ea2f87ca91d96705758fd55d818f0c8">
        <price url="/book/flight?code=64909ae436.OOb65z.0.F.ORBITZAIR,ORBITZAIR.259039.2ea2f87ca91d96705758fd55d818f0c8&amp;_sid_=6-gKYBzyWfsSJglwjIEMiJ" currency="USD">2590</price>
        <legs>
           <leg>
            <airline>MULT</airline>
            <airline_display>Multiple Airlines</airline_display>
            <orig>NRT</orig>
            <dest>PRG</dest>
            <depart>2010/09/10 09:25</depart>
            <arrive>2010/09/10 23:20</arrive>
            <stops>2</stops>
            <duration_minutes>-1</duration_minutes>
            <cabin>$sleg.cabinClass</cabin>
            <segment>
              <airline>KE</airline>
              <flight>706</flight>
              <duration_minutes>145</duration_minutes>
              <equip>Boeing 747-400</equip>
              <miles>-1</miles>
              <dt>2010/09/10 09:25</dt>
              <o>NRT</o>
              <at>2010/09/10 11:50</at>
              <d>ICN</d>
              <cabin>$seg.cabinClass</cabin>
            </segment>
            <segment>
              <airline>LH</airline>
              <flight>713</flight>
              <duration_minutes>700</duration_minutes>
              <equip>Airbus A340-600</equip>
              <miles>-1</miles>
              <dt>2010/09/10 14:05</dt>
              <o>ICN</o>
              <at>2010/09/10 18:45</at>
              <d>FRA</d>
              <cabin>$seg.cabinClass</cabin>
            </segment>
            <segment>
              <airline>LH</airline>
              <flight>3266</flight>
              <duration_minutes>60</duration_minutes>
              <equip>Airbus A321-100/200</equip>
              <miles>252</miles>
              <dt>2010/09/10 22:20</dt>
              <o>FRA</o>
              <at>2010/09/10 23:20</at>
              <d>PRG</d>
              <cabin>$seg.cabinClass</cabin>
            </segment>
          </leg>
         </legs>
      </trip>
                   <trip id="ade3385c7eacb8d6453e3fa6692f6427">
        <price url="/book/flight?code=4cb126d351.OOb65z.0.F.ORBITZAIR,ORBITZAIR.259099.ade3385c7eacb8d6453e3fa6692f6427&amp;_sid_=6-gKYBzyWfsSJglwjIEMiJ" currency="USD">2591</price>
        <legs>
           <leg>
            <airline>MULT</airline>
            <airline_display>Multiple Airlines</airline_display>
            <orig>NRT</orig>
            <dest>PRG</dest>
            <depart>2010/09/10 11:40</depart>
            <arrive>2010/09/10 20:20</arrive>
            <stops>2</stops>
            <duration_minutes>-1</duration_minutes>
            <cabin>$sleg.cabinClass</cabin>
            <segment>
              <airline>SK</airline>
              <flight>984</flight>
              <duration_minutes>685</duration_minutes>
              <equip>Airbus A340-300</equip>
              <miles>-1</miles>
              <dt>2010/09/10 11:40</dt>
              <o>NRT</o>
              <at>2010/09/10 16:05</at>
              <d>CPH</d>
              <cabin>$seg.cabinClass</cabin>
            </segment>
            <segment>
              <airline>SK</airline>
              <flight>1667</flight>
              <duration_minutes>60</duration_minutes>
              <equip>Canadair Regional Jet 200</equip>
              <miles>-1</miles>
              <dt>2010/09/10 17:00</dt>
              <o>CPH</o>
              <at>2010/09/10 18:00</at>
              <d>HAJ</d>
              <cabin>$seg.cabinClass</cabin>
            </segment>
            <segment>
              <airline>OK</airline>
              <flight>571</flight>
              <duration_minutes>75</duration_minutes>
              <equip>Aerospatiale/Alenia ATR 42-300 / 320</equip>
              <miles>-1</miles>
              <dt>2010/09/10 19:05</dt>
              <o>HAJ</o>
              <at>2010/09/10 20:20</at>
              <d>PRG</d>
              <cabin>$seg.cabinClass</cabin>
            </segment>
          </leg>
         </legs>
      </trip>
                   <trip id="51e3bf4dc8f1a10d7ac987e47880ba12">
        <price url="/book/flight?code=79697ed746.OOb65z.0.F.ORBITZAIR,ORBITZAIR.259269.51e3bf4dc8f1a10d7ac987e47880ba12&amp;_sid_=6-gKYBzyWfsSJglwjIEMiJ" currency="USD">2593</price>
        <legs>
           <leg>
            <airline>MULT</airline>
            <airline_display>Multiple Airlines</airline_display>
            <orig>NRT</orig>
            <dest>PRG</dest>
            <depart>2010/09/10 10:00</depart>
            <arrive>2010/09/10 23:20</arrive>
            <stops>2</stops>
            <duration_minutes>-1</duration_minutes>
            <cabin>$sleg.cabinClass</cabin>
            <segment>
              <airline>JL</airline>
              <flight>951</flight>
              <duration_minutes>155</duration_minutes>
              <equip>Boeing 767</equip>
              <miles>-1</miles>
              <dt>2010/09/10 10:00</dt>
              <o>NRT</o>
              <at>2010/09/10 12:35</at>
              <d>ICN</d>
              <cabin>$seg.cabinClass</cabin>
            </segment>
            <segment>
              <airline>LH</airline>
              <flight>713</flight>
              <duration_minutes>700</duration_minutes>
              <equip>Airbus A340-600</equip>
              <miles>-1</miles>
              <dt>2010/09/10 14:05</dt>
              <o>ICN</o>
              <at>2010/09/10 18:45</at>
              <d>FRA</d>
              <cabin>$seg.cabinClass</cabin>
            </segment>
            <segment>
              <airline>LH</airline>
              <flight>3266</flight>
              <duration_minutes>60</duration_minutes>
              <equip>Airbus A321-100/200</equip>
              <miles>252</miles>
              <dt>2010/09/10 22:20</dt>
              <o>FRA</o>
              <at>2010/09/10 23:20</at>
              <d>PRG</d>
              <cabin>$seg.cabinClass</cabin>
            </segment>
          </leg>
         </legs>
      </trip>
                   <trip id="036913656fe300ed4dc81187b341d3da">
        <price url="/book/flight?code=d3bcd4586a.OOb65z.0.F.ORBITZAIR,ORBITZAIR.259269.036913656fe300ed4dc81187b341d3da&amp;_sid_=6-gKYBzyWfsSJglwjIEMiJ" currency="USD">2593</price>
        <legs>
           <leg>
            <airline>MULT</airline>
            <airline_display>Multiple Airlines</airline_display>
            <orig>NRT</orig>
            <dest>PRG</dest>
            <depart>2010/09/10 09:25</depart>
            <arrive>2010/09/10 23:20</arrive>
            <stops>2</stops>
            <duration_minutes>-1</duration_minutes>
            <cabin>$sleg.cabinClass</cabin>
            <segment>
              <airline>JL</airline>
              <flight>5201</flight>
              <duration_minutes>145</duration_minutes>
              <equip>Boeing 747-400</equip>
              <miles>-1</miles>
              <dt>2010/09/10 09:25</dt>
              <o>NRT</o>
              <at>2010/09/10 11:50</at>
              <d>ICN</d>
              <cabin>$seg.cabinClass</cabin>
            </segment>
            <segment>
              <airline>LH</airline>
              <flight>713</flight>
              <duration_minutes>700</duration_minutes>
              <equip>Airbus A340-600</equip>
              <miles>-1</miles>
              <dt>2010/09/10 14:05</dt>
              <o>ICN</o>
              <at>2010/09/10 18:45</at>
              <d>FRA</d>
              <cabin>$seg.cabinClass</cabin>
            </segment>
            <segment>
              <airline>LH</airline>
              <flight>3266</flight>
              <duration_minutes>60</duration_minutes>
              <equip>Airbus A321-100/200</equip>
              <miles>252</miles>
              <dt>2010/09/10 22:20</dt>
              <o>FRA</o>
              <at>2010/09/10 23:20</at>
              <d>PRG</d>
              <cabin>$seg.cabinClass</cabin>
            </segment>
          </leg>
         </legs>
      </trip>
                   <trip id="414bc9c74385b52dd9e3c6750bafa149">
        <price url="/book/flight?code=180d20e5e3.OOb65z.0.F.ORBITZAIR,ORBITZAIR.259269.414bc9c74385b52dd9e3c6750bafa149&amp;_sid_=6-gKYBzyWfsSJglwjIEMiJ" currency="USD">2593</price>
        <legs>
           <leg>
            <airline>MULT</airline>
            <airline_display>Multiple Airlines</airline_display>
            <orig>NRT</orig>
            <dest>PRG</dest>
            <depart>2010/09/10 09:00</depart>
            <arrive>2010/09/10 23:20</arrive>
            <stops>2</stops>
            <duration_minutes>-1</duration_minutes>
            <cabin>$sleg.cabinClass</cabin>
            <segment>
              <airline>NH</airline>
              <flight>6977</flight>
              <duration_minutes>155</duration_minutes>
              <equip>Boeing 777</equip>
              <miles>-1</miles>
              <dt>2010/09/10 09:00</dt>
              <o>NRT</o>
              <at>2010/09/10 11:35</at>
              <d>ICN</d>
              <cabin>$seg.cabinClass</cabin>
            </segment>
            <segment>
              <airline>LH</airline>
              <flight>713</flight>
              <duration_minutes>700</duration_minutes>
              <equip>Airbus A340-600</equip>
              <miles>-1</miles>
              <dt>2010/09/10 14:05</dt>
              <o>ICN</o>
              <at>2010/09/10 18:45</at>
              <d>FRA</d>
              <cabin>$seg.cabinClass</cabin>
            </segment>
            <segment>
              <airline>LH</airline>
              <flight>3266</flight>
              <duration_minutes>60</duration_minutes>
              <equip>Airbus A321-100/200</equip>
              <miles>252</miles>
              <dt>2010/09/10 22:20</dt>
              <o>FRA</o>
              <at>2010/09/10 23:20</at>
              <d>PRG</d>
              <cabin>$seg.cabinClass</cabin>
            </segment>
          </leg>
         </legs>
      </trip>
                   <trip id="7d04adf19e24dc2f1cc345c158ed3bd6">
        <price url="/book/flight?code=10b3f8b610.OOb65z.0.F.ORBITZAIR,ORBITZAIR.283169.7d04adf19e24dc2f1cc345c158ed3bd6&amp;_sid_=6-gKYBzyWfsSJglwjIEMiJ" currency="USD">2832</price>
        <legs>
           <leg>
            <airline>MULT</airline>
            <airline_display>Multiple Airlines</airline_display>
            <orig>NRT</orig>
            <dest>PRG</dest>
            <depart>2010/09/10 19:00</depart>
            <arrive>2010/09/11 09:25</arrive>
            <stops>2</stops>
            <duration_minutes>-1</duration_minutes>
            <cabin>$sleg.cabinClass</cabin>
            <segment>
              <airline>NH</airline>
              <flight>5707</flight>
              <duration_minutes>235</duration_minutes>
              <equip>Boeing 737-800</equip>
              <miles>-1</miles>
              <dt>2010/09/10 19:00</dt>
              <o>NRT</o>
              <at>2010/09/10 21:55</at>
              <d>PEK</d>
              <cabin>$seg.cabinClass</cabin>
            </segment>
            <segment>
              <airline>SU</airline>
              <flight>574</flight>
              <duration_minutes>505</duration_minutes>
              <equip>Boeing 767-300</equip>
              <miles>-1</miles>
              <dt>2010/09/11 02:30</dt>
              <o>PEK</o>
              <at>2010/09/11 06:55</at>
              <d>SVO</d>
              <cabin>$seg.cabinClass</cabin>
            </segment>
            <segment>
              <airline>SU</airline>
              <flight>141</flight>
              <duration_minutes>165</duration_minutes>
              <equip>Airbus A320-100/200</equip>
              <miles>-1</miles>
              <dt>2010/09/11 08:40</dt>
              <o>SVO</o>
              <at>2010/09/11 09:25</at>
              <d>PRG</d>
              <cabin>$seg.cabinClass</cabin>
            </segment>
          </leg>
         </legs>
      </trip>
                   <trip id="56df5cd912273ce11b9519bda38e5ead">
        <price url="/book/flight?code=3744df64bd.OOb65z.0.F.ORBITZAIR,ORBITZAIR.283169.56df5cd912273ce11b9519bda38e5ead&amp;_sid_=6-gKYBzyWfsSJglwjIEMiJ" currency="USD">2832</price>
        <legs>
           <leg>
            <airline>MULT</airline>
            <airline_display>Multiple Airlines</airline_display>
            <orig>NRT</orig>
            <dest>PRG</dest>
            <depart>2010/09/10 17:20</depart>
            <arrive>2010/09/11 09:25</arrive>
            <stops>2</stops>
            <duration_minutes>-1</duration_minutes>
            <cabin>$sleg.cabinClass</cabin>
            <segment>
              <airline>NH</airline>
              <flight>955</flight>
              <duration_minutes>230</duration_minutes>
              <equip>Boeing 767-300</equip>
              <miles>-1</miles>
              <dt>2010/09/10 17:20</dt>
              <o>NRT</o>
              <at>2010/09/10 20:10</at>
              <d>PEK</d>
              <cabin>$seg.cabinClass</cabin>
            </segment>
            <segment>
              <airline>SU</airline>
              <flight>574</flight>
              <duration_minutes>505</duration_minutes>
              <equip>Boeing 767-300</equip>
              <miles>-1</miles>
              <dt>2010/09/11 02:30</dt>
              <o>PEK</o>
              <at>2010/09/11 06:55</at>
              <d>SVO</d>
              <cabin>$seg.cabinClass</cabin>
            </segment>
            <segment>
              <airline>SU</airline>
              <flight>141</flight>
              <duration_minutes>165</duration_minutes>
              <equip>Airbus A320-100/200</equip>
              <miles>-1</miles>
              <dt>2010/09/11 08:40</dt>
              <o>SVO</o>
              <at>2010/09/11 09:25</at>
              <d>PRG</d>
              <cabin>$seg.cabinClass</cabin>
            </segment>
          </leg>
         </legs>
      </trip>
                   <trip id="31c4f4634d14c2b77e93c357d07a7663">
        <price url="/book/flight?code=95b694d753.OOb65z.0.F.ORBITZAIR,ORBITZAIR.283609.31c4f4634d14c2b77e93c357d07a7663&amp;_sid_=6-gKYBzyWfsSJglwjIEMiJ" currency="USD">2836</price>
        <legs>
           <leg>
            <airline>MULT</airline>
            <airline_display>Multiple Airlines</airline_display>
            <orig>NRT</orig>
            <dest>PRG</dest>
            <depart>2010/09/10 18:15</depart>
            <arrive>2010/09/11 09:25</arrive>
            <stops>2</stops>
            <duration_minutes>-1</duration_minutes>
            <cabin>$sleg.cabinClass</cabin>
            <segment>
              <airline>MU</airline>
              <flight>8720</flight>
              <duration_minutes>240</duration_minutes>
              <equip>Boeing 767</equip>
              <miles>-1</miles>
              <dt>2010/09/10 18:15</dt>
              <o>NRT</o>
              <at>2010/09/10 21:15</at>
              <d>PEK</d>
              <cabin>$seg.cabinClass</cabin>
            </segment>
            <segment>
              <airline>SU</airline>
              <flight>574</flight>
              <duration_minutes>505</duration_minutes>
              <equip>Boeing 767-300</equip>
              <miles>-1</miles>
              <dt>2010/09/11 02:30</dt>
              <o>PEK</o>
              <at>2010/09/11 06:55</at>
              <d>SVO</d>
              <cabin>$seg.cabinClass</cabin>
            </segment>
            <segment>
              <airline>SU</airline>
              <flight>141</flight>
              <duration_minutes>165</duration_minutes>
              <equip>Airbus A320-100/200</equip>
              <miles>-1</miles>
              <dt>2010/09/11 08:40</dt>
              <o>SVO</o>
              <at>2010/09/11 09:25</at>
              <d>PRG</d>
              <cabin>$seg.cabinClass</cabin>
            </segment>
          </leg>
         </legs>
      </trip>
                   <trip id="210d543428305c9f6a81b145341a4f41">
        <price url="/book/flight?code=f40c95482e.OOb65z.0.F.EK,ITA.286600.210d543428305c9f6a81b145341a4f41&amp;_sid_=6-gKYBzyWfsSJglwjIEMiJ" currency="USD">2866</price>
        <legs>
           <leg>
            <airline>EK</airline>
            <airline_display>Emirates</airline_display>
            <orig>NRT</orig>
            <dest>PRG</dest>
            <depart>2010/09/10 21:40</depart>
            <arrive>2010/09/11 14:50</arrive>
            <stops>1</stops>
            <duration_minutes>-1</duration_minutes>
            <cabin>$sleg.cabinClass</cabin>
            <segment>
              <airline>EK</airline>
              <flight>319</flight>
              <duration_minutes>650</duration_minutes>
              <equip>Boeing 777-300ER</equip>
              <miles>4956</miles>
              <dt>2010/09/10 21:40</dt>
              <o>NRT</o>
              <at>2010/09/11 03:30</at>
              <d>DXB</d>
              <cabin>$seg.cabinClass</cabin>
            </segment>
            <segment>
              <airline>EK</airline>
              <flight>139</flight>
              <duration_minutes>380</duration_minutes>
              <equip>Airbus A330-200</equip>
              <miles>2771</miles>
              <dt>2010/09/11 10:30</dt>
              <o>DXB</o>
              <at>2010/09/11 14:50</at>
              <d>PRG</d>
              <cabin>$seg.cabinClass</cabin>
            </segment>
          </leg>
         </legs>
      </trip>
                   <trip id="4469a1fe8c4458422191ad9b03058a11">
        <price url="/book/flight?code=49a9db9666.OOb65z.0.F.CHEAPTICKETS,CHEAPTICKETS.295830.4469a1fe8c4458422191ad9b03058a11&amp;_sid_=6-gKYBzyWfsSJglwjIEMiJ" currency="USD">2958</price>
        <legs>
           <leg>
            <airline>MULT</airline>
            <airline_display>Multiple Airlines</airline_display>
            <orig>NRT</orig>
            <dest>PRG</dest>
            <depart>2010/09/10 18:15</depart>
            <arrive>2010/09/11 09:35</arrive>
            <stops>2</stops>
            <duration_minutes>-1</duration_minutes>
            <cabin>$sleg.cabinClass</cabin>
            <segment>
              <airline>JL</airline>
              <flight>869</flight>
              <duration_minutes>240</duration_minutes>
              <equip>Boeing 767</equip>
              <miles>-1</miles>
              <dt>2010/09/10 18:15</dt>
              <o>NRT</o>
              <at>2010/09/10 21:15</at>
              <d>PEK</d>
              <cabin>$seg.cabinClass</cabin>
            </segment>
            <segment>
              <airline>HU</airline>
              <flight>481</flight>
              <duration_minutes>610</duration_minutes>
              <equip>Boeing 767</equip>
              <miles>-1</miles>
              <dt>2010/09/11 01:20</dt>
              <o>PEK</o>
              <at>2010/09/11 05:30</at>
              <d>BUD</d>
              <cabin>$seg.cabinClass</cabin>
            </segment>
            <segment>
              <airline>MA</airline>
              <flight>820</flight>
              <duration_minutes>75</duration_minutes>
              <equip>De Havilland Canada DHC-8-400 Dash 8Q</equip>
              <miles>-1</miles>
              <dt>2010/09/11 08:20</dt>
              <o>BUD</o>
              <at>2010/09/11 09:35</at>
              <d>PRG</d>
              <cabin>$seg.cabinClass</cabin>
            </segment>
          </leg>
         </legs>
      </trip>
                   <trip id="7229973b3e16200c5ddd02695bed49d2">
        <price url="/book/flight?code=9c3e5add59.OOb65z.0.F.CHEAPTICKETS,CHEAPTICKETS.296170.7229973b3e16200c5ddd02695bed49d2&amp;_sid_=6-gKYBzyWfsSJglwjIEMiJ" currency="USD">2962</price>
        <legs>
           <leg>
            <airline>MULT</airline>
            <airline_display>Multiple Airlines</airline_display>
            <orig>NRT</orig>
            <dest>PRG</dest>
            <depart>2010/09/10 19:00</depart>
            <arrive>2010/09/11 09:35</arrive>
            <stops>2</stops>
            <duration_minutes>-1</duration_minutes>
            <cabin>$sleg.cabinClass</cabin>
            <segment>
              <airline>CA</airline>
              <flight>168</flight>
              <duration_minutes>235</duration_minutes>
              <equip>Boeing 737-800</equip>
              <miles>-1</miles>
              <dt>2010/09/10 19:00</dt>
              <o>NRT</o>
              <at>2010/09/10 21:55</at>
              <d>PEK</d>
              <cabin>$seg.cabinClass</cabin>
            </segment>
            <segment>
              <airline>HU</airline>
              <flight>481</flight>
              <duration_minutes>610</duration_minutes>
              <equip>Boeing 767</equip>
              <miles>-1</miles>
              <dt>2010/09/11 01:20</dt>
              <o>PEK</o>
              <at>2010/09/11 05:30</at>
              <d>BUD</d>
              <cabin>$seg.cabinClass</cabin>
            </segment>
            <segment>
              <airline>MA</airline>
              <flight>820</flight>
              <duration_minutes>75</duration_minutes>
              <equip>De Havilland Canada DHC-8-400 Dash 8Q</equip>
              <miles>-1</miles>
              <dt>2010/09/11 08:20</dt>
              <o>BUD</o>
              <at>2010/09/11 09:35</at>
              <d>PRG</d>
              <cabin>$seg.cabinClass</cabin>
            </segment>
          </leg>
         </legs>
      </trip>
                   <trip id="3bbd625399fe8e9b29dcbc53979ba794">
        <price url="/book/flight?code=6cf47282c9.OOb65z.0.F.CHEAPTICKETS,CHEAPTICKETS.312990.3bbd625399fe8e9b29dcbc53979ba794&amp;_sid_=6-gKYBzyWfsSJglwjIEMiJ" currency="USD">3130</price>
        <legs>
           <leg>
            <airline>MULT</airline>
            <airline_display>Multiple Airlines</airline_display>
            <orig>NRT</orig>
            <dest>PRG</dest>
            <depart>2010/09/10 18:15</depart>
            <arrive>2010/09/11 09:35</arrive>
            <stops>2</stops>
            <duration_minutes>-1</duration_minutes>
            <cabin>$sleg.cabinClass</cabin>
            <segment>
              <airline>JL</airline>
              <flight>869</flight>
              <duration_minutes>240</duration_minutes>
              <equip>Boeing 767</equip>
              <miles>-1</miles>
              <dt>2010/09/10 18:15</dt>
              <o>NRT</o>
              <at>2010/09/10 21:15</at>
              <d>PEK</d>
              <cabin>$seg.cabinClass</cabin>
            </segment>
            <segment>
              <airline>HU</airline>
              <flight>481</flight>
              <duration_minutes>610</duration_minutes>
              <equip>Boeing 767</equip>
              <miles>-1</miles>
              <dt>2010/09/11 01:20</dt>
              <o>PEK</o>
              <at>2010/09/11 05:30</at>
              <d>BUD</d>
              <cabin>$seg.cabinClass</cabin>
            </segment>
            <segment>
              <airline>OK</airline>
              <flight>4787</flight>
              <duration_minutes>75</duration_minutes>
              <equip>De Havilland Canada DHC-8-400 Dash 8Q</equip>
              <miles>-1</miles>
              <dt>2010/09/11 08:20</dt>
              <o>BUD</o>
              <at>2010/09/11 09:35</at>
              <d>PRG</d>
              <cabin>$seg.cabinClass</cabin>
            </segment>
          </leg>
         </legs>
      </trip>
                   <trip id="794d925400b68b4f0c30df866737810c">
        <price url="/book/flight?code=aa7bb76129.OOb65z.0.F.CHEAPTICKETS,CHEAPTICKETS.312990.794d925400b68b4f0c30df866737810c&amp;_sid_=6-gKYBzyWfsSJglwjIEMiJ" currency="USD">3130</price>
        <legs>
           <leg>
            <airline>MULT</airline>
            <airline_display>Multiple Airlines</airline_display>
            <orig>NRT</orig>
            <dest>PRG</dest>
            <depart>2010/09/10 18:15</depart>
            <arrive>2010/09/11 10:05</arrive>
            <stops>2</stops>
            <duration_minutes>-1</duration_minutes>
            <cabin>$sleg.cabinClass</cabin>
            <segment>
              <airline>JL</airline>
              <flight>869</flight>
              <duration_minutes>240</duration_minutes>
              <equip>Boeing 767</equip>
              <miles>-1</miles>
              <dt>2010/09/10 18:15</dt>
              <o>NRT</o>
              <at>2010/09/10 21:15</at>
              <d>PEK</d>
              <cabin>$seg.cabinClass</cabin>
            </segment>
            <segment>
              <airline>HU</airline>
              <flight>481</flight>
              <duration_minutes>610</duration_minutes>
              <equip>Boeing 767</equip>
              <miles>-1</miles>
              <dt>2010/09/11 01:20</dt>
              <o>PEK</o>
              <at>2010/09/11 05:30</at>
              <d>BUD</d>
              <cabin>$seg.cabinClass</cabin>
            </segment>
            <segment>
              <airline>OK</airline>
              <flight>787</flight>
              <duration_minutes>70</duration_minutes>
              <equip>Boeing 737-500</equip>
              <miles>-1</miles>
              <dt>2010/09/11 08:55</dt>
              <o>BUD</o>
              <at>2010/09/11 10:05</at>
              <d>PRG</d>
              <cabin>$seg.cabinClass</cabin>
            </segment>
          </leg>
         </legs>
      </trip>
                   <trip id="194918b07cc8f091ed230dd4e93e65f5">
        <price url="/book/flight?code=b078b7050a.OOb65z.0.F.ORBITZAIR,ORBITZAIR.315649.194918b07cc8f091ed230dd4e93e65f5&amp;_sid_=6-gKYBzyWfsSJglwjIEMiJ" currency="USD">3156</price>
        <legs>
           <leg>
            <airline>MULT</airline>
            <airline_display>Multiple Airlines</airline_display>
            <orig>NRT</orig>
            <dest>PRG</dest>
            <depart>2010/09/10 09:25</depart>
            <arrive>2010/09/10 20:55</arrive>
            <stops>2</stops>
            <duration_minutes>-1</duration_minutes>
            <cabin>$sleg.cabinClass</cabin>
            <segment>
              <airline>KE</airline>
              <flight>706</flight>
              <duration_minutes>145</duration_minutes>
              <equip>Boeing 747-400</equip>
              <miles>-1</miles>
              <dt>2010/09/10 09:25</dt>
              <o>NRT</o>
              <at>2010/09/10 11:50</at>
              <d>ICN</d>
              <cabin>$seg.cabinClass</cabin>
            </segment>
            <segment>
              <airline>KL</airline>
              <flight>866</flight>
              <duration_minutes>680</duration_minutes>
              <equip>Boeing 747 all Combi models</equip>
              <miles>-1</miles>
              <dt>2010/09/10 13:35</dt>
              <o>ICN</o>
              <at>2010/09/10 17:55</at>
              <d>AMS</d>
              <cabin>$seg.cabinClass</cabin>
            </segment>
            <segment>
              <airline>OK</airline>
              <flight>619</flight>
              <duration_minutes>85</duration_minutes>
              <equip>Airbus A320-100/200</equip>
              <miles>-1</miles>
              <dt>2010/09/10 19:30</dt>
              <o>AMS</o>
              <at>2010/09/10 20:55</at>
              <d>PRG</d>
              <cabin>$seg.cabinClass</cabin>
            </segment>
          </leg>
         </legs>
      </trip>
                   <trip id="8b3c36552b95a3c890cd2e26d63994f3">
        <price url="/book/flight?code=a2085d516a.OOb65z.0.F.ORBITZAIR,ORBITZAIR.315779.8b3c36552b95a3c890cd2e26d63994f3&amp;_sid_=6-gKYBzyWfsSJglwjIEMiJ" currency="USD">3158</price>
        <legs>
           <leg>
            <airline>MULT</airline>
            <airline_display>Multiple Airlines</airline_display>
            <orig>NRT</orig>
            <dest>PRG</dest>
            <depart>2010/09/10 09:25</depart>
            <arrive>2010/09/10 20:55</arrive>
            <stops>2</stops>
            <duration_minutes>-1</duration_minutes>
            <cabin>$sleg.cabinClass</cabin>
            <segment>
              <airline>JL</airline>
              <flight>5201</flight>
              <duration_minutes>145</duration_minutes>
              <equip>Boeing 747-400</equip>
              <miles>-1</miles>
              <dt>2010/09/10 09:25</dt>
              <o>NRT</o>
              <at>2010/09/10 11:50</at>
              <d>ICN</d>
              <cabin>$seg.cabinClass</cabin>
            </segment>
            <segment>
              <airline>KL</airline>
              <flight>866</flight>
              <duration_minutes>680</duration_minutes>
              <equip>Boeing 747 all Combi models</equip>
              <miles>-1</miles>
              <dt>2010/09/10 13:35</dt>
              <o>ICN</o>
              <at>2010/09/10 17:55</at>
              <d>AMS</d>
              <cabin>$seg.cabinClass</cabin>
            </segment>
            <segment>
              <airline>OK</airline>
              <flight>619</flight>
              <duration_minutes>85</duration_minutes>
              <equip>Airbus A320-100/200</equip>
              <miles>-1</miles>
              <dt>2010/09/10 19:30</dt>
              <o>AMS</o>
              <at>2010/09/10 20:55</at>
              <d>PRG</d>
              <cabin>$seg.cabinClass</cabin>
            </segment>
          </leg>
         </legs>
      </trip>
                   <trip id="ac02aa35b796b5c68ff436548d4f082a">
        <price url="/book/flight?code=2d0a32183f.OOb65z.0.F.ORBITZAIR,ORBITZAIR.315779.ac02aa35b796b5c68ff436548d4f082a&amp;_sid_=6-gKYBzyWfsSJglwjIEMiJ" currency="USD">3158</price>
        <legs>
           <leg>
            <airline>MULT</airline>
            <airline_display>Multiple Airlines</airline_display>
            <orig>NRT</orig>
            <dest>PRG</dest>
            <depart>2010/09/10 09:00</depart>
            <arrive>2010/09/10 20:55</arrive>
            <stops>2</stops>
            <duration_minutes>-1</duration_minutes>
            <cabin>$sleg.cabinClass</cabin>
            <segment>
              <airline>NH</airline>
              <flight>6977</flight>
              <duration_minutes>155</duration_minutes>
              <equip>Boeing 777</equip>
              <miles>-1</miles>
              <dt>2010/09/10 09:00</dt>
              <o>NRT</o>
              <at>2010/09/10 11:35</at>
              <d>ICN</d>
              <cabin>$seg.cabinClass</cabin>
            </segment>
            <segment>
              <airline>KL</airline>
              <flight>866</flight>
              <duration_minutes>680</duration_minutes>
              <equip>Boeing 747 all Combi models</equip>
              <miles>-1</miles>
              <dt>2010/09/10 13:35</dt>
              <o>ICN</o>
              <at>2010/09/10 17:55</at>
              <d>AMS</d>
              <cabin>$seg.cabinClass</cabin>
            </segment>
            <segment>
              <airline>OK</airline>
              <flight>619</flight>
              <duration_minutes>85</duration_minutes>
              <equip>Airbus A320-100/200</equip>
              <miles>-1</miles>
              <dt>2010/09/10 19:30</dt>
              <o>AMS</o>
              <at>2010/09/10 20:55</at>
              <d>PRG</d>
              <cabin>$seg.cabinClass</cabin>
            </segment>
          </leg>
         </legs>
      </trip>
                   <trip id="4be07b4c09ea37ab78c3e39c3dd97fab">
        <price url="/book/flight?code=21d0ab3de1.OOb65z.0.F.LH,ITA.316850.4be07b4c09ea37ab78c3e39c3dd97fab&amp;_sid_=6-gKYBzyWfsSJglwjIEMiJ" currency="USD">3169</price>
        <legs>
           <leg>
            <airline>LH</airline>
            <airline_display>Lufthansa</airline_display>
            <orig>NRT</orig>
            <dest>PRG</dest>
            <depart>2010/09/10 12:20</depart>
            <arrive>2010/09/10 20:15</arrive>
            <stops>1</stops>
            <duration_minutes>-1</duration_minutes>
            <cabin>$sleg.cabinClass</cabin>
            <segment>
              <airline>LH</airline>
              <flight>715</flight>
              <duration_minutes>735</duration_minutes>
              <equip>Airbus A340-300</equip>
              <miles>5818</miles>
              <dt>2010/09/10 12:20</dt>
              <o>NRT</o>
              <at>2010/09/10 17:35</at>
              <d>MUC</d>
              <cabin>$seg.cabinClass</cabin>
            </segment>
            <segment>
              <airline>LH</airline>
              <flight>3276</flight>
              <duration_minutes>50</duration_minutes>
              <equip>Avro RJ85 Avroliner</equip>
              <miles>164</miles>
              <dt>2010/09/10 19:25</dt>
              <o>MUC</o>
              <at>2010/09/10 20:15</at>
              <d>PRG</d>
              <cabin>$seg.cabinClass</cabin>
            </segment>
          </leg>
         </legs>
      </trip>
                   <trip id="8d78ea207071057e252eb67008033705">
        <price url="/book/flight?code=42768f8c90.OOb65z.0.F.ORBITZAIR,ORBITZAIR.317079.8d78ea207071057e252eb67008033705&amp;_sid_=6-gKYBzyWfsSJglwjIEMiJ" currency="USD">3171</price>
        <legs>
           <leg>
            <airline>LH</airline>
            <airline_display>Lufthansa</airline_display>
            <orig>NRT</orig>
            <dest>PRG</dest>
            <depart>2010/09/10 12:20</depart>
            <arrive>2010/09/11 08:40</arrive>
            <stops>1</stops>
            <duration_minutes>-1</duration_minutes>
            <cabin>$sleg.cabinClass</cabin>
            <segment>
              <airline>LH</airline>
              <flight>715</flight>
              <duration_minutes>735</duration_minutes>
              <equip>Airbus A340-300</equip>
              <miles>5818</miles>
              <dt>2010/09/10 12:20</dt>
              <o>NRT</o>
              <at>2010/09/10 17:35</at>
              <d>MUC</d>
              <cabin>$seg.cabinClass</cabin>
            </segment>
            <segment>
              <airline>LH</airline>
              <flight>3268</flight>
              <duration_minutes>60</duration_minutes>
              <equip>De Havilland Canada DHC-8-400 Dash 8Q</equip>
              <miles>-1</miles>
              <dt>2010/09/11 07:40</dt>
              <o>MUC</o>
              <at>2010/09/11 08:40</at>
              <d>PRG</d>
              <cabin>$seg.cabinClass</cabin>
            </segment>
          </leg>
         </legs>
      </trip>
                   <trip id="aa36fb1733e4fe4478dd86facbf7b68c">
        <price url="/book/flight?code=12946bc87a.OOb65z.0.F.CHEAPTICKETS,CHEAPTICKETS.317079.aa36fb1733e4fe4478dd86facbf7b68c&amp;_sid_=6-gKYBzyWfsSJglwjIEMiJ" currency="USD">3171</price>
        <legs>
           <leg>
            <airline>LH</airline>
            <airline_display>Lufthansa</airline_display>
            <orig>NRT</orig>
            <dest>PRG</dest>
            <depart>2010/09/10 12:20</depart>
            <arrive>2010/09/11 12:20</arrive>
            <stops>1</stops>
            <duration_minutes>-1</duration_minutes>
            <cabin>$sleg.cabinClass</cabin>
            <segment>
              <airline>LH</airline>
              <flight>715</flight>
              <duration_minutes>735</duration_minutes>
              <equip>Airbus A340-300</equip>
              <miles>5818</miles>
              <dt>2010/09/10 12:20</dt>
              <o>NRT</o>
              <at>2010/09/10 17:35</at>
              <d>MUC</d>
              <cabin>$seg.cabinClass</cabin>
            </segment>
            <segment>
              <airline>LH</airline>
              <flight>3270</flight>
              <duration_minutes>60</duration_minutes>
              <equip>De Havilland Canada DHC-8-400 Dash 8Q</equip>
              <miles>-1</miles>
              <dt>2010/09/11 11:20</dt>
              <o>MUC</o>
              <at>2010/09/11 12:20</at>
              <d>PRG</d>
              <cabin>$seg.cabinClass</cabin>
            </segment>
          </leg>
         </legs>
      </trip>
                   <trip id="3487be5b64d05cd08e5f68b904b67fff">
        <price url="/book/flight?code=0e664e2526.OOb65z.0.F.ORBITZAIR,ORBITZAIR.317189.3487be5b64d05cd08e5f68b904b67fff&amp;_sid_=6-gKYBzyWfsSJglwjIEMiJ" currency="USD">3172</price>
        <legs>
           <leg>
            <airline>MULT</airline>
            <airline_display>Multiple Airlines</airline_display>
            <orig>NRT</orig>
            <dest>PRG</dest>
            <depart>2010/09/10 09:25</depart>
            <arrive>2010/09/10 20:55</arrive>
            <stops>2</stops>
            <duration_minutes>-1</duration_minutes>
            <cabin>$sleg.cabinClass</cabin>
            <segment>
              <airline>KE</airline>
              <flight>706</flight>
              <duration_minutes>145</duration_minutes>
              <equip>Boeing 747-400</equip>
              <miles>-1</miles>
              <dt>2010/09/10 09:25</dt>
              <o>NRT</o>
              <at>2010/09/10 11:50</at>
              <d>ICN</d>
              <cabin>$seg.cabinClass</cabin>
            </segment>
            <segment>
              <airline>KL</airline>
              <flight>866</flight>
              <duration_minutes>680</duration_minutes>
              <equip>Boeing 747 all Combi models</equip>
              <miles>-1</miles>
              <dt>2010/09/10 13:35</dt>
              <o>ICN</o>
              <at>2010/09/10 17:55</at>
              <d>AMS</d>
              <cabin>$seg.cabinClass</cabin>
            </segment>
            <segment>
              <airline>KL</airline>
              <flight>3123</flight>
              <duration_minutes>85</duration_minutes>
              <equip>Airbus A320-100/200</equip>
              <miles>-1</miles>
              <dt>2010/09/10 19:30</dt>
              <o>AMS</o>
              <at>2010/09/10 20:55</at>
              <d>PRG</d>
              <cabin>$seg.cabinClass</cabin>
            </segment>
          </leg>
         </legs>
      </trip>
                   <trip id="e974ece0ea6f6fe14e003f6407e6f6dd">
        <price url="/book/flight?code=fb5feec720.OOb65z.0.F.ORBITZAIR,ORBITZAIR.317319.e974ece0ea6f6fe14e003f6407e6f6dd&amp;_sid_=6-gKYBzyWfsSJglwjIEMiJ" currency="USD">3173</price>
        <legs>
           <leg>
            <airline>MULT</airline>
            <airline_display>Multiple Airlines</airline_display>
            <orig>NRT</orig>
            <dest>PRG</dest>
            <depart>2010/09/10 09:25</depart>
            <arrive>2010/09/10 20:55</arrive>
            <stops>2</stops>
            <duration_minutes>-1</duration_minutes>
            <cabin>$sleg.cabinClass</cabin>
            <segment>
              <airline>JL</airline>
              <flight>5201</flight>
              <duration_minutes>145</duration_minutes>
              <equip>Boeing 747-400</equip>
              <miles>-1</miles>
              <dt>2010/09/10 09:25</dt>
              <o>NRT</o>
              <at>2010/09/10 11:50</at>
              <d>ICN</d>
              <cabin>$seg.cabinClass</cabin>
            </segment>
            <segment>
              <airline>KL</airline>
              <flight>866</flight>
              <duration_minutes>680</duration_minutes>
              <equip>Boeing 747 all Combi models</equip>
              <miles>-1</miles>
              <dt>2010/09/10 13:35</dt>
              <o>ICN</o>
              <at>2010/09/10 17:55</at>
              <d>AMS</d>
              <cabin>$seg.cabinClass</cabin>
            </segment>
            <segment>
              <airline>KL</airline>
              <flight>3123</flight>
              <duration_minutes>85</duration_minutes>
              <equip>Airbus A320-100/200</equip>
              <miles>-1</miles>
              <dt>2010/09/10 19:30</dt>
              <o>AMS</o>
              <at>2010/09/10 20:55</at>
              <d>PRG</d>
              <cabin>$seg.cabinClass</cabin>
            </segment>
          </leg>
         </legs>
      </trip>
                   <trip id="d267d9bad996d3b371bb961120cca99b">
        <price url="/book/flight?code=1fd7adb6d5.OOb65z.0.F.ORBITZAIR,ORBITZAIR.317319.d267d9bad996d3b371bb961120cca99b&amp;_sid_=6-gKYBzyWfsSJglwjIEMiJ" currency="USD">3173</price>
        <legs>
           <leg>
            <airline>MULT</airline>
            <airline_display>Multiple Airlines</airline_display>
            <orig>NRT</orig>
            <dest>PRG</dest>
            <depart>2010/09/10 09:00</depart>
            <arrive>2010/09/10 20:55</arrive>
            <stops>2</stops>
            <duration_minutes>-1</duration_minutes>
            <cabin>$sleg.cabinClass</cabin>
            <segment>
              <airline>NH</airline>
              <flight>6977</flight>
              <duration_minutes>155</duration_minutes>
              <equip>Boeing 777</equip>
              <miles>-1</miles>
              <dt>2010/09/10 09:00</dt>
              <o>NRT</o>
              <at>2010/09/10 11:35</at>
              <d>ICN</d>
              <cabin>$seg.cabinClass</cabin>
            </segment>
            <segment>
              <airline>KL</airline>
              <flight>866</flight>
              <duration_minutes>680</duration_minutes>
              <equip>Boeing 747 all Combi models</equip>
              <miles>-1</miles>
              <dt>2010/09/10 13:35</dt>
              <o>ICN</o>
              <at>2010/09/10 17:55</at>
              <d>AMS</d>
              <cabin>$seg.cabinClass</cabin>
            </segment>
            <segment>
              <airline>KL</airline>
              <flight>3123</flight>
              <duration_minutes>85</duration_minutes>
              <equip>Airbus A320-100/200</equip>
              <miles>-1</miles>
              <dt>2010/09/10 19:30</dt>
              <o>AMS</o>
              <at>2010/09/10 20:55</at>
              <d>PRG</d>
              <cabin>$seg.cabinClass</cabin>
            </segment>
          </leg>
         </legs>
      </trip>
                   <trip id="ac150fc9831efc305ec14393cc46231f">
        <price url="/book/flight?code=4a8bbe3dd5.OOb65z.0.F.ORBITZAIR,ORBITZAIR.322609.ac150fc9831efc305ec14393cc46231f&amp;_sid_=6-gKYBzyWfsSJglwjIEMiJ" currency="USD">3226</price>
        <legs>
           <leg>
            <airline>LH</airline>
            <airline_display>Lufthansa</airline_display>
            <orig>NRT</orig>
            <dest>PRG</dest>
            <depart>2010/09/10 12:20</depart>
            <arrive>2010/09/10 23:20</arrive>
            <stops>2</stops>
            <duration_minutes>-1</duration_minutes>
            <cabin>$sleg.cabinClass</cabin>
            <segment>
              <airline>LH</airline>
              <flight>715</flight>
              <duration_minutes>735</duration_minutes>
              <equip>Airbus A340-300</equip>
              <miles>5818</miles>
              <dt>2010/09/10 12:20</dt>
              <o>NRT</o>
              <at>2010/09/10 17:35</at>
              <d>MUC</d>
              <cabin>$seg.cabinClass</cabin>
            </segment>
            <segment>
              <airline>LH</airline>
              <flight>985</flight>
              <duration_minutes>60</duration_minutes>
              <equip>Airbus A321-100/200</equip>
              <miles>-1</miles>
              <dt>2010/09/10 20:15</dt>
              <o>MUC</o>
              <at>2010/09/10 21:15</at>
              <d>FRA</d>
              <cabin>$seg.cabinClass</cabin>
            </segment>
            <segment>
              <airline>LH</airline>
              <flight>3266</flight>
              <duration_minutes>60</duration_minutes>
              <equip>Airbus A321-100/200</equip>
              <miles>252</miles>
              <dt>2010/09/10 22:20</dt>
              <o>FRA</o>
              <at>2010/09/10 23:20</at>
              <d>PRG</d>
              <cabin>$seg.cabinClass</cabin>
            </segment>
          </leg>
         </legs>
      </trip>
                   <trip id="e080fa905354698b44ba1034a1f110fd">
        <price url="/book/flight?code=d81cbd73ae.OOb65z.0.F.ORBITZAIR,ORBITZAIR.322609.e080fa905354698b44ba1034a1f110fd&amp;_sid_=6-gKYBzyWfsSJglwjIEMiJ" currency="USD">3226</price>
        <legs>
           <leg>
            <airline>LH</airline>
            <airline_display>Lufthansa</airline_display>
            <orig>NRT</orig>
            <dest>PRG</dest>
            <depart>2010/09/10 12:20</depart>
            <arrive>2010/09/10 23:20</arrive>
            <stops>2</stops>
            <duration_minutes>-1</duration_minutes>
            <cabin>$sleg.cabinClass</cabin>
            <segment>
              <airline>LH</airline>
              <flight>715</flight>
              <duration_minutes>735</duration_minutes>
              <equip>Airbus A340-300</equip>
              <miles>5818</miles>
              <dt>2010/09/10 12:20</dt>
              <o>NRT</o>
              <at>2010/09/10 17:35</at>
              <d>MUC</d>
              <cabin>$seg.cabinClass</cabin>
            </segment>
            <segment>
              <airline>LH</airline>
              <flight>983</flight>
              <duration_minutes>60</duration_minutes>
              <equip>Airbus A321-100/200</equip>
              <miles>-1</miles>
              <dt>2010/09/10 18:55</dt>
              <o>MUC</o>
              <at>2010/09/10 19:55</at>
              <d>FRA</d>
              <cabin>$seg.cabinClass</cabin>
            </segment>
            <segment>
              <airline>LH</airline>
              <flight>3266</flight>
              <duration_minutes>60</duration_minutes>
              <equip>Airbus A321-100/200</equip>
              <miles>252</miles>
              <dt>2010/09/10 22:20</dt>
              <o>FRA</o>
              <at>2010/09/10 23:20</at>
              <d>PRG</d>
              <cabin>$seg.cabinClass</cabin>
            </segment>
          </leg>
         </legs>
      </trip>
                   <trip id="6f62374f28aea3632d1b6d0fcd1e5c6e">
        <price url="/book/flight?code=a386aeeca4.OOb65z.0.F.CHEAPTICKETS,CHEAPTICKETS.322609.6f62374f28aea3632d1b6d0fcd1e5c6e&amp;_sid_=6-gKYBzyWfsSJglwjIEMiJ" currency="USD">3226</price>
        <legs>
           <leg>
            <airline>MULT</airline>
            <airline_display>Multiple Airlines</airline_display>
            <orig>NRT</orig>
            <dest>PRG</dest>
            <depart>2010/09/10 19:25</depart>
            <arrive>2010/09/11 10:30</arrive>
            <stops>2</stops>
            <duration_minutes>-1</duration_minutes>
            <cabin>$sleg.cabinClass</cabin>
            <segment>
              <airline>JL</airline>
              <flight>879</flight>
              <duration_minutes>190</duration_minutes>
              <equip>Boeing 767</equip>
              <miles>-1</miles>
              <dt>2010/09/10 19:25</dt>
              <o>NRT</o>
              <at>2010/09/10 21:35</at>
              <d>PVG</d>
              <cabin>$seg.cabinClass</cabin>
            </segment>
            <segment>
              <airline>MU</airline>
              <flight>219</flight>
              <duration_minutes>730</duration_minutes>
              <equip>Airbus A330-200</equip>
              <miles>-1</miles>
              <dt>2010/09/10 23:55</dt>
              <o>PVG</o>
              <at>2010/09/11 06:05</at>
              <d>FRA</d>
              <cabin>$seg.cabinClass</cabin>
            </segment>
            <segment>
              <airline>OK</airline>
              <flight>535</flight>
              <duration_minutes>65</duration_minutes>
              <equip>Airbus A320-100/200</equip>
              <miles>-1</miles>
              <dt>2010/09/11 09:25</dt>
              <o>FRA</o>
              <at>2010/09/11 10:30</at>
              <d>PRG</d>
              <cabin>$seg.cabinClass</cabin>
            </segment>
          </leg>
         </legs>
      </trip>
                   <trip id="9ec27ca2ec2a7c0458e3ca6298d1e0ca">
        <price url="/book/flight?code=6bda937d5f.OOb65z.0.F.ORBITZAIR,ORBITZAIR.326089.9ec27ca2ec2a7c0458e3ca6298d1e0ca&amp;_sid_=6-gKYBzyWfsSJglwjIEMiJ" currency="USD">3261</price>
        <legs>
           <leg>
            <airline>MULT</airline>
            <airline_display>Multiple Airlines</airline_display>
            <orig>NRT</orig>
            <dest>PRG</dest>
            <depart>2010/09/10 09:00</depart>
            <arrive>2010/09/10 20:55</arrive>
            <stops>2</stops>
            <duration_minutes>-1</duration_minutes>
            <cabin>$sleg.cabinClass</cabin>
            <segment>
              <airline>NH</airline>
              <flight>5709</flight>
              <duration_minutes>235</duration_minutes>
              <equip>Boeing 757</equip>
              <miles>-1</miles>
              <dt>2010/09/10 09:00</dt>
              <o>NRT</o>
              <at>2010/09/10 11:55</at>
              <d>PEK</d>
              <cabin>$seg.cabinClass</cabin>
            </segment>
            <segment>
              <airline>CZ</airline>
              <flight>345</flight>
              <duration_minutes>615</duration_minutes>
              <equip>Boeing 777-200</equip>
              <miles>-1</miles>
              <dt>2010/09/10 14:20</dt>
              <o>PEK</o>
              <at>2010/09/10 18:35</at>
              <d>AMS</d>
              <cabin>$seg.cabinClass</cabin>
            </segment>
            <segment>
              <airline>CZ</airline>
              <flight>7301</flight>
              <duration_minutes>85</duration_minutes>
              <equip>Airbus A320-100/200</equip>
              <miles>-1</miles>
              <dt>2010/09/10 19:30</dt>
              <o>AMS</o>
              <at>2010/09/10 20:55</at>
              <d>PRG</d>
              <cabin>$seg.cabinClass</cabin>
            </segment>
          </leg>
         </legs>
      </trip>
                   <trip id="287c34709a7715d1ea212d137c6c147e">
        <price url="/book/flight?code=99d1ccfa7c.OOb65z.0.F.ORBITZAIR,ORBITZAIR.327579.287c34709a7715d1ea212d137c6c147e&amp;_sid_=6-gKYBzyWfsSJglwjIEMiJ" currency="USD">3276</price>
        <legs>
           <leg>
            <airline>MULT</airline>
            <airline_display>Multiple Airlines</airline_display>
            <orig>NRT</orig>
            <dest>PRG</dest>
            <depart>2010/09/10 09:00</depart>
            <arrive>2010/09/10 20:55</arrive>
            <stops>2</stops>
            <duration_minutes>-1</duration_minutes>
            <cabin>$sleg.cabinClass</cabin>
            <segment>
              <airline>NH</airline>
              <flight>5709</flight>
              <duration_minutes>235</duration_minutes>
              <equip>Boeing 757</equip>
              <miles>-1</miles>
              <dt>2010/09/10 09:00</dt>
              <o>NRT</o>
              <at>2010/09/10 11:55</at>
              <d>PEK</d>
              <cabin>$seg.cabinClass</cabin>
            </segment>
            <segment>
              <airline>CZ</airline>
              <flight>345</flight>
              <duration_minutes>615</duration_minutes>
              <equip>Boeing 777-200</equip>
              <miles>-1</miles>
              <dt>2010/09/10 14:20</dt>
              <o>PEK</o>
              <at>2010/09/10 18:35</at>
              <d>AMS</d>
              <cabin>$seg.cabinClass</cabin>
            </segment>
            <segment>
              <airline>OK</airline>
              <flight>619</flight>
              <duration_minutes>85</duration_minutes>
              <equip>Airbus A320-100/200</equip>
              <miles>-1</miles>
              <dt>2010/09/10 19:30</dt>
              <o>AMS</o>
              <at>2010/09/10 20:55</at>
              <d>PRG</d>
              <cabin>$seg.cabinClass</cabin>
            </segment>
          </leg>
         </legs>
      </trip>
                   <trip id="7db97ec0a25ed8add175b47fe71abeac">
        <price url="/book/flight?code=28fc439615.OOb65z.0.F.ORBITZAIR,ORBITZAIR.338959.7db97ec0a25ed8add175b47fe71abeac&amp;_sid_=6-gKYBzyWfsSJglwjIEMiJ" currency="USD">3390</price>
        <legs>
           <leg>
            <airline>MULT</airline>
            <airline_display>Multiple Airlines</airline_display>
            <orig>NRT</orig>
            <dest>PRG</dest>
            <depart>2010/09/10 13:30</depart>
            <arrive>2010/09/10 20:55</arrive>
            <stops>1</stops>
            <duration_minutes>-1</duration_minutes>
            <cabin>$sleg.cabinClass</cabin>
            <segment>
              <airline>KL</airline>
              <flight>862</flight>
              <duration_minutes>695</duration_minutes>
              <equip>Boeing 747</equip>
              <miles>-1</miles>
              <dt>2010/09/10 13:30</dt>
              <o>NRT</o>
              <at>2010/09/10 18:05</at>
              <d>AMS</d>
              <cabin>$seg.cabinClass</cabin>
            </segment>
            <segment>
              <airline>OK</airline>
              <flight>619</flight>
              <duration_minutes>85</duration_minutes>
              <equip>Airbus A320-100/200</equip>
              <miles>-1</miles>
              <dt>2010/09/10 19:30</dt>
              <o>AMS</o>
              <at>2010/09/10 20:55</at>
              <d>PRG</d>
              <cabin>$seg.cabinClass</cabin>
            </segment>
          </leg>
         </legs>
      </trip>
                   <trip id="0b7148716cc1dfcaaea5e5c0e003dc2a">
        <price url="/book/flight?code=fb9bd04a65.OOb65z.0.F.ORBITZAIR,ORBITZAIR.338959.0b7148716cc1dfcaaea5e5c0e003dc2a&amp;_sid_=6-gKYBzyWfsSJglwjIEMiJ" currency="USD">3390</price>
        <legs>
           <leg>
            <airline>MULT</airline>
            <airline_display>Multiple Airlines</airline_display>
            <orig>NRT</orig>
            <dest>PRG</dest>
            <depart>2010/09/10 13:30</depart>
            <arrive>2010/09/11 08:35</arrive>
            <stops>1</stops>
            <duration_minutes>-1</duration_minutes>
            <cabin>$sleg.cabinClass</cabin>
            <segment>
              <airline>KL</airline>
              <flight>862</flight>
              <duration_minutes>695</duration_minutes>
              <equip>Boeing 747</equip>
              <miles>-1</miles>
              <dt>2010/09/10 13:30</dt>
              <o>NRT</o>
              <at>2010/09/10 18:05</at>
              <d>AMS</d>
              <cabin>$seg.cabinClass</cabin>
            </segment>
            <segment>
              <airline>OK</airline>
              <flight>4627</flight>
              <duration_minutes>95</duration_minutes>
              <equip>Fokker 70</equip>
              <miles>-1</miles>
              <dt>2010/09/11 07:00</dt>
              <o>AMS</o>
              <at>2010/09/11 08:35</at>
              <d>PRG</d>
              <cabin>$seg.cabinClass</cabin>
            </segment>
          </leg>
         </legs>
      </trip>
                   <trip id="33ded89b07d5bf9da61483655239b3bb">
        <price url="/book/flight?code=ef919aaf30.OOb65z.0.F.ORBITZAIR,ORBITZAIR.338959.33ded89b07d5bf9da61483655239b3bb&amp;_sid_=6-gKYBzyWfsSJglwjIEMiJ" currency="USD">3390</price>
        <legs>
           <leg>
            <airline>MULT</airline>
            <airline_display>Multiple Airlines</airline_display>
            <orig>NRT</orig>
            <dest>PRG</dest>
            <depart>2010/09/10 13:30</depart>
            <arrive>2010/09/11 10:50</arrive>
            <stops>1</stops>
            <duration_minutes>-1</duration_minutes>
            <cabin>$sleg.cabinClass</cabin>
            <segment>
              <airline>KL</airline>
              <flight>862</flight>
              <duration_minutes>695</duration_minutes>
              <equip>Boeing 747</equip>
              <miles>-1</miles>
              <dt>2010/09/10 13:30</dt>
              <o>NRT</o>
              <at>2010/09/10 18:05</at>
              <d>AMS</d>
              <cabin>$seg.cabinClass</cabin>
            </segment>
            <segment>
              <airline>OK</airline>
              <flight>617</flight>
              <duration_minutes>85</duration_minutes>
              <equip>Airbus A320-100/200</equip>
              <miles>-1</miles>
              <dt>2010/09/11 09:25</dt>
              <o>AMS</o>
              <at>2010/09/11 10:50</at>
              <d>PRG</d>
              <cabin>$seg.cabinClass</cabin>
            </segment>
          </leg>
         </legs>
      </trip>
                   <trip id="f4e643b78abf5cade2442845278d660d">
        <price url="/book/flight?code=f2de57afec.OOb65z.0.F.ORBITZAIR,ORBITZAIR.340499.f4e643b78abf5cade2442845278d660d&amp;_sid_=6-gKYBzyWfsSJglwjIEMiJ" currency="USD">3405</price>
        <legs>
           <leg>
            <airline>KL</airline>
            <airline_display>KLM Royal Dutch</airline_display>
            <orig>NRT</orig>
            <dest>PRG</dest>
            <depart>2010/09/10 13:30</depart>
            <arrive>2010/09/10 20:55</arrive>
            <stops>1</stops>
            <duration_minutes>-1</duration_minutes>
            <cabin>$sleg.cabinClass</cabin>
            <segment>
              <airline>KL</airline>
              <flight>862</flight>
              <duration_minutes>695</duration_minutes>
              <equip>Boeing 747</equip>
              <miles>-1</miles>
              <dt>2010/09/10 13:30</dt>
              <o>NRT</o>
              <at>2010/09/10 18:05</at>
              <d>AMS</d>
              <cabin>$seg.cabinClass</cabin>
            </segment>
            <segment>
              <airline>KL</airline>
              <flight>3123</flight>
              <duration_minutes>85</duration_minutes>
              <equip>Airbus A320-100/200</equip>
              <miles>-1</miles>
              <dt>2010/09/10 19:30</dt>
              <o>AMS</o>
              <at>2010/09/10 20:55</at>
              <d>PRG</d>
              <cabin>$seg.cabinClass</cabin>
            </segment>
          </leg>
         </legs>
      </trip>
                   <trip id="6073b187d000bbcd6ce46ae1a572ff55">
        <price url="/book/flight?code=47928a9887.OOb65z.0.F.ORBITZAIR,ORBITZAIR.340499.6073b187d000bbcd6ce46ae1a572ff55&amp;_sid_=6-gKYBzyWfsSJglwjIEMiJ" currency="USD">3405</price>
        <legs>
           <leg>
            <airline>KL</airline>
            <airline_display>KLM Royal Dutch</airline_display>
            <orig>NRT</orig>
            <dest>PRG</dest>
            <depart>2010/09/10 13:30</depart>
            <arrive>2010/09/11 08:35</arrive>
            <stops>1</stops>
            <duration_minutes>-1</duration_minutes>
            <cabin>$sleg.cabinClass</cabin>
            <segment>
              <airline>KL</airline>
              <flight>862</flight>
              <duration_minutes>695</duration_minutes>
              <equip>Boeing 747</equip>
              <miles>-1</miles>
              <dt>2010/09/10 13:30</dt>
              <o>NRT</o>
              <at>2010/09/10 18:05</at>
              <d>AMS</d>
              <cabin>$seg.cabinClass</cabin>
            </segment>
            <segment>
              <airline>KL</airline>
              <flight>1351</flight>
              <duration_minutes>95</duration_minutes>
              <equip>Fokker 70</equip>
              <miles>-1</miles>
              <dt>2010/09/11 07:00</dt>
              <o>AMS</o>
              <at>2010/09/11 08:35</at>
              <d>PRG</d>
              <cabin>$seg.cabinClass</cabin>
            </segment>
          </leg>
         </legs>
      </trip>
                   <trip id="7d558cdfb19f11d84385e70dd658ba3e">
        <price url="/book/flight?code=df657edcc7.OOb65z.0.F.ORBITZAIR,ORBITZAIR.340499.7d558cdfb19f11d84385e70dd658ba3e&amp;_sid_=6-gKYBzyWfsSJglwjIEMiJ" currency="USD">3405</price>
        <legs>
           <leg>
            <airline>KL</airline>
            <airline_display>KLM Royal Dutch</airline_display>
            <orig>NRT</orig>
            <dest>PRG</dest>
            <depart>2010/09/10 13:30</depart>
            <arrive>2010/09/11 10:50</arrive>
            <stops>1</stops>
            <duration_minutes>-1</duration_minutes>
            <cabin>$sleg.cabinClass</cabin>
            <segment>
              <airline>KL</airline>
              <flight>862</flight>
              <duration_minutes>695</duration_minutes>
              <equip>Boeing 747</equip>
              <miles>-1</miles>
              <dt>2010/09/10 13:30</dt>
              <o>NRT</o>
              <at>2010/09/10 18:05</at>
              <d>AMS</d>
              <cabin>$seg.cabinClass</cabin>
            </segment>
            <segment>
              <airline>KL</airline>
              <flight>3121</flight>
              <duration_minutes>85</duration_minutes>
              <equip>Airbus A320-100/200</equip>
              <miles>-1</miles>
              <dt>2010/09/11 09:25</dt>
              <o>AMS</o>
              <at>2010/09/11 10:50</at>
              <d>PRG</d>
              <cabin>$seg.cabinClass</cabin>
            </segment>
          </leg>
         </legs>
      </trip>
                   <trip id="fc02810e333a38ba20590eed9a0e8edd">
        <price url="/book/flight?code=cedcb55639.OOb65z.0.F.CHEAPTICKETS,CHEAPTICKETS.340860.fc02810e333a38ba20590eed9a0e8edd&amp;_sid_=6-gKYBzyWfsSJglwjIEMiJ" currency="USD">3409</price>
        <legs>
           <leg>
            <airline>MULT</airline>
            <airline_display>Multiple Airlines</airline_display>
            <orig>NRT</orig>
            <dest>PRG</dest>
            <depart>2010/09/10 09:00</depart>
            <arrive>2010/09/10 20:10</arrive>
            <stops>2</stops>
            <duration_minutes>-1</duration_minutes>
            <cabin>$sleg.cabinClass</cabin>
            <segment>
              <airline>OZ</airline>
              <flight>107</flight>
              <duration_minutes>155</duration_minutes>
              <equip>Boeing 777</equip>
              <miles>-1</miles>
              <dt>2010/09/10 09:00</dt>
              <o>NRT</o>
              <at>2010/09/10 11:35</at>
              <d>ICN</d>
              <cabin>$seg.cabinClass</cabin>
            </segment>
            <segment>
              <airline>OZ</airline>
              <flight>541</flight>
              <duration_minutes>690</duration_minutes>
              <equip>Boeing 777</equip>
              <miles>-1</miles>
              <dt>2010/09/10 12:30</dt>
              <o>ICN</o>
              <at>2010/09/10 17:00</at>
              <d>FRA</d>
              <cabin>$seg.cabinClass</cabin>
            </segment>
            <segment>
              <airline>OK</airline>
              <flight>537</flight>
              <duration_minutes>65</duration_minutes>
              <equip>Airbus A319</equip>
              <miles>-1</miles>
              <dt>2010/09/10 19:05</dt>
              <o>FRA</o>
              <at>2010/09/10 20:10</at>
              <d>PRG</d>
              <cabin>$seg.cabinClass</cabin>
            </segment>
          </leg>
         </legs>
      </trip>
                   <trip id="9a2df91c888450cadadb71bed58bae5e">
        <price url="/book/flight?code=b9afdda92b.OOb65z.0.F.CHEAPTICKETS,CHEAPTICKETS.343730.9a2df91c888450cadadb71bed58bae5e&amp;_sid_=6-gKYBzyWfsSJglwjIEMiJ" currency="USD">3437</price>
        <legs>
           <leg>
            <airline>MULT</airline>
            <airline_display>Multiple Airlines</airline_display>
            <orig>NRT</orig>
            <dest>PRG</dest>
            <depart>2010/09/10 09:00</depart>
            <arrive>2010/09/10 19:45</arrive>
            <stops>2</stops>
            <duration_minutes>-1</duration_minutes>
            <cabin>$sleg.cabinClass</cabin>
            <segment>
              <airline>NH</airline>
              <flight>5709</flight>
              <duration_minutes>235</duration_minutes>
              <equip>Boeing 757</equip>
              <miles>-1</miles>
              <dt>2010/09/10 09:00</dt>
              <o>NRT</o>
              <at>2010/09/10 11:55</at>
              <d>PEK</d>
              <cabin>$seg.cabinClass</cabin>
            </segment>
            <segment>
              <airline>CA</airline>
              <flight>909</flight>
              <duration_minutes>490</duration_minutes>
              <equip>Boeing 777</equip>
              <miles>-1</miles>
              <dt>2010/09/10 13:45</dt>
              <o>PEK</o>
              <at>2010/09/10 17:55</at>
              <d>SVO</d>
              <cabin>$seg.cabinClass</cabin>
            </segment>
            <segment>
              <airline>OK</airline>
              <flight>4895</flight>
              <duration_minutes>160</duration_minutes>
              <equip>Airbus A320-100/200</equip>
              <miles>-1</miles>
              <dt>2010/09/10 19:05</dt>
              <o>SVO</o>
              <at>2010/09/10 19:45</at>
              <d>PRG</d>
              <cabin>$seg.cabinClass</cabin>
            </segment>
          </leg>
         </legs>
      </trip>
                   <trip id="09a65084d89b772be0c25ba47f9ed9fb">
        <price url="/book/flight?code=0774fa25f4.OOb65z.0.F.CHEAPTICKETS,CHEAPTICKETS.343730.09a65084d89b772be0c25ba47f9ed9fb&amp;_sid_=6-gKYBzyWfsSJglwjIEMiJ" currency="USD">3437</price>
        <legs>
           <leg>
            <airline>MULT</airline>
            <airline_display>Multiple Airlines</airline_display>
            <orig>NRT</orig>
            <dest>PRG</dest>
            <depart>2010/09/10 09:00</depart>
            <arrive>2010/09/10 23:30</arrive>
            <stops>2</stops>
            <duration_minutes>-1</duration_minutes>
            <cabin>$sleg.cabinClass</cabin>
            <segment>
              <airline>NH</airline>
              <flight>5709</flight>
              <duration_minutes>235</duration_minutes>
              <equip>Boeing 757</equip>
              <miles>-1</miles>
              <dt>2010/09/10 09:00</dt>
              <o>NRT</o>
              <at>2010/09/10 11:55</at>
              <d>PEK</d>
              <cabin>$seg.cabinClass</cabin>
            </segment>
            <segment>
              <airline>CA</airline>
              <flight>909</flight>
              <duration_minutes>490</duration_minutes>
              <equip>Boeing 777</equip>
              <miles>-1</miles>
              <dt>2010/09/10 13:45</dt>
              <o>PEK</o>
              <at>2010/09/10 17:55</at>
              <d>SVO</d>
              <cabin>$seg.cabinClass</cabin>
            </segment>
            <segment>
              <airline>OK</airline>
              <flight>905</flight>
              <duration_minutes>165</duration_minutes>
              <equip>Airbus A319</equip>
              <miles>-1</miles>
              <dt>2010/09/10 22:45</dt>
              <o>SVO</o>
              <at>2010/09/10 23:30</at>
              <d>PRG</d>
              <cabin>$seg.cabinClass</cabin>
            </segment>
          </leg>
         </legs>
      </trip>
                   <trip id="9f8adfb081257849042a7a1e874a12f0">
        <price url="/book/flight?code=eb351a49c7.OOb65z.0.F.CHEAPTICKETS,CHEAPTICKETS.352650.9f8adfb081257849042a7a1e874a12f0&amp;_sid_=6-gKYBzyWfsSJglwjIEMiJ" currency="USD">3527</price>
        <legs>
           <leg>
            <airline>MULT</airline>
            <airline_display>Multiple Airlines</airline_display>
            <orig>NRT</orig>
            <dest>PRG</dest>
            <depart>2010/09/10 09:00</depart>
            <arrive>2010/09/10 19:45</arrive>
            <stops>2</stops>
            <duration_minutes>-1</duration_minutes>
            <cabin>$sleg.cabinClass</cabin>
            <segment>
              <airline>CA</airline>
              <flight>422</flight>
              <duration_minutes>235</duration_minutes>
              <equip>Boeing 757</equip>
              <miles>-1</miles>
              <dt>2010/09/10 09:00</dt>
              <o>NRT</o>
              <at>2010/09/10 11:55</at>
              <d>PEK</d>
              <cabin>$seg.cabinClass</cabin>
            </segment>
            <segment>
              <airline>CA</airline>
              <flight>909</flight>
              <duration_minutes>490</duration_minutes>
              <equip>Boeing 777</equip>
              <miles>-1</miles>
              <dt>2010/09/10 13:45</dt>
              <o>PEK</o>
              <at>2010/09/10 17:55</at>
              <d>SVO</d>
              <cabin>$seg.cabinClass</cabin>
            </segment>
            <segment>
              <airline>SU</airline>
              <flight>143</flight>
              <duration_minutes>160</duration_minutes>
              <equip>Airbus A320-100/200</equip>
              <miles>1037</miles>
              <dt>2010/09/10 19:05</dt>
              <o>SVO</o>
              <at>2010/09/10 19:45</at>
              <d>PRG</d>
              <cabin>$seg.cabinClass</cabin>
            </segment>
          </leg>
         </legs>
      </trip>
                   <trip id="1429c2ca6862986c84659a8581339309">
        <price url="/book/flight?code=f495887468.OOb65z.0.F.AZ,ITA.353270.1429c2ca6862986c84659a8581339309&amp;_sid_=6-gKYBzyWfsSJglwjIEMiJ" currency="USD">3533</price>
        <legs>
           <leg>
            <airline>AZ</airline>
            <airline_display>Alitalia</airline_display>
            <orig>NRT</orig>
            <dest>PRG</dest>
            <depart>2010/09/10 12:25</depart>
            <arrive>2010/09/10 20:45</arrive>
            <stops>1</stops>
            <duration_minutes>-1</duration_minutes>
            <cabin>$sleg.cabinClass</cabin>
            <segment>
              <airline>AZ</airline>
              <flight>7787</flight>
              <duration_minutes>745</duration_minutes>
              <equip>Boeing 747-400</equip>
              <miles>6054</miles>
              <dt>2010/09/10 12:25</dt>
              <o>NRT</o>
              <at>2010/09/10 17:50</at>
              <d>MXP</d>
              <cabin>$seg.cabinClass</cabin>
            </segment>
            <segment>
              <airline>AZ</airline>
              <flight>7562</flight>
              <duration_minutes>85</duration_minutes>
              <equip>Airbus A320-100/200</equip>
              <miles>400</miles>
              <dt>2010/09/10 19:20</dt>
              <o>MXP</o>
              <at>2010/09/10 20:45</at>
              <d>PRG</d>
              <cabin>$seg.cabinClass</cabin>
            </segment>
          </leg>
         </legs>
      </trip>
                   <trip id="28f412dc075d8d037bb1d46102caa96f">
        <price url="/book/flight?code=eccb64d0ef.OOb65z.0.F.CHEAPTICKETS,CHEAPTICKETS.353940.28f412dc075d8d037bb1d46102caa96f&amp;_sid_=6-gKYBzyWfsSJglwjIEMiJ" currency="USD">3539</price>
        <legs>
           <leg>
            <airline>MULT</airline>
            <airline_display>Multiple Airlines</airline_display>
            <orig>NRT</orig>
            <dest>PRG</dest>
            <depart>2010/09/10 09:00</depart>
            <arrive>2010/09/10 23:20</arrive>
            <stops>2</stops>
            <duration_minutes>-1</duration_minutes>
            <cabin>$sleg.cabinClass</cabin>
            <segment>
              <airline>CA</airline>
              <flight>422</flight>
              <duration_minutes>235</duration_minutes>
              <equip>Boeing 757</equip>
              <miles>-1</miles>
              <dt>2010/09/10 09:00</dt>
              <o>NRT</o>
              <at>2010/09/10 11:55</at>
              <d>PEK</d>
              <cabin>$seg.cabinClass</cabin>
            </segment>
            <segment>
              <airline>CA</airline>
              <flight>931</flight>
              <duration_minutes>610</duration_minutes>
              <equip>Boeing 747-400</equip>
              <miles>-1</miles>
              <dt>2010/09/10 14:00</dt>
              <o>PEK</o>
              <at>2010/09/10 18:10</at>
              <d>FRA</d>
              <cabin>$seg.cabinClass</cabin>
            </segment>
            <segment>
              <airline>LH</airline>
              <flight>3266</flight>
              <duration_minutes>60</duration_minutes>
              <equip>Airbus A321-100/200</equip>
              <miles>252</miles>
              <dt>2010/09/10 22:20</dt>
              <o>FRA</o>
              <at>2010/09/10 23:20</at>
              <d>PRG</d>
              <cabin>$seg.cabinClass</cabin>
            </segment>
          </leg>
         </legs>
      </trip>
                   <trip id="4facf4d17eddc98b3143e4fef42c8330">
        <price url="/book/flight?code=8c5cc0907a.OOb65z.0.F.CHEAPTICKETS,CHEAPTICKETS.353940.4facf4d17eddc98b3143e4fef42c8330&amp;_sid_=6-gKYBzyWfsSJglwjIEMiJ" currency="USD">3539</price>
        <legs>
           <leg>
            <airline>MULT</airline>
            <airline_display>Multiple Airlines</airline_display>
            <orig>NRT</orig>
            <dest>PRG</dest>
            <depart>2010/09/10 19:00</depart>
            <arrive>2010/09/11 09:40</arrive>
            <stops>2</stops>
            <duration_minutes>-1</duration_minutes>
            <cabin>$sleg.cabinClass</cabin>
            <segment>
              <airline>CA</airline>
              <flight>168</flight>
              <duration_minutes>235</duration_minutes>
              <equip>Boeing 737-800</equip>
              <miles>-1</miles>
              <dt>2010/09/10 19:00</dt>
              <o>NRT</o>
              <at>2010/09/10 21:55</at>
              <d>PEK</d>
              <cabin>$seg.cabinClass</cabin>
            </segment>
            <segment>
              <airline>CA</airline>
              <flight>965</flight>
              <duration_minutes>620</duration_minutes>
              <equip>Airbus A330</equip>
              <miles>-1</miles>
              <dt>2010/09/11 01:20</dt>
              <o>PEK</o>
              <at>2010/09/11 05:40</at>
              <d>FRA</d>
              <cabin>$seg.cabinClass</cabin>
            </segment>
            <segment>
              <airline>LH</airline>
              <flight>3258</flight>
              <duration_minutes>60</duration_minutes>
              <equip>Boeing 737-300</equip>
              <miles>-1</miles>
              <dt>2010/09/11 08:40</dt>
              <o>FRA</o>
              <at>2010/09/11 09:40</at>
              <d>PRG</d>
              <cabin>$seg.cabinClass</cabin>
            </segment>
          </leg>
         </legs>
      </trip>
                   <trip id="42c21a82a47c40172effadcfc675d34f">
        <price url="/book/flight?code=21f4cf3033.OOb65z.0.F.ORBITZAIR,ORBITZAIR.355169.42c21a82a47c40172effadcfc675d34f&amp;_sid_=6-gKYBzyWfsSJglwjIEMiJ" currency="USD">3552</price>
        <legs>
           <leg>
            <airline>AZ</airline>
            <airline_display>Alitalia</airline_display>
            <orig>NRT</orig>
            <dest>PRG</dest>
            <depart>2010/09/10 13:20</depart>
            <arrive>2010/09/11 09:45</arrive>
            <stops>1</stops>
            <duration_minutes>-1</duration_minutes>
            <cabin>$sleg.cabinClass</cabin>
            <segment>
              <airline>AZ</airline>
              <flight>785</flight>
              <duration_minutes>760</duration_minutes>
              <equip>Boeing 777-200</equip>
              <miles>6151</miles>
              <dt>2010/09/10 13:20</dt>
              <o>NRT</o>
              <at>2010/09/10 19:00</at>
              <d>FCO</d>
              <cabin>$seg.cabinClass</cabin>
            </segment>
            <segment>
              <airline>AZ</airline>
              <flight>7512</flight>
              <duration_minutes>120</duration_minutes>
              <equip>Airbus A320-100/200</equip>
              <miles>-1</miles>
              <dt>2010/09/11 07:45</dt>
              <o>FCO</o>
              <at>2010/09/11 09:45</at>
              <d>PRG</d>
              <cabin>$seg.cabinClass</cabin>
            </segment>
          </leg>
         </legs>
      </trip>
                   <trip id="85fa98b3688400ee47e261f8850d7d30">
        <price url="/book/flight?code=8c8a7cb44d.OOb65z.0.F.CHEAPTICKETS,CHEAPTICKETS.355229.85fa98b3688400ee47e261f8850d7d30&amp;_sid_=6-gKYBzyWfsSJglwjIEMiJ" currency="USD">3552</price>
        <legs>
           <leg>
            <airline>AZ</airline>
            <airline_display>Alitalia</airline_display>
            <orig>NRT</orig>
            <dest>PRG</dest>
            <depart>2010/09/10 12:25</depart>
            <arrive>2010/09/11 10:45</arrive>
            <stops>1</stops>
            <duration_minutes>-1</duration_minutes>
            <cabin>$sleg.cabinClass</cabin>
            <segment>
              <airline>AZ</airline>
              <flight>7787</flight>
              <duration_minutes>745</duration_minutes>
              <equip>Boeing 747-400</equip>
              <miles>6054</miles>
              <dt>2010/09/10 12:25</dt>
              <o>NRT</o>
              <at>2010/09/10 17:50</at>
              <d>MXP</d>
              <cabin>$seg.cabinClass</cabin>
            </segment>
            <segment>
              <airline>AZ</airline>
              <flight>7560</flight>
              <duration_minutes>90</duration_minutes>
              <equip>Airbus A319</equip>
              <miles>-1</miles>
              <dt>2010/09/11 09:15</dt>
              <o>MXP</o>
              <at>2010/09/11 10:45</at>
              <d>PRG</d>
              <cabin>$seg.cabinClass</cabin>
            </segment>
          </leg>
         </legs>
      </trip>
                   <trip id="5e8c0e1a436c2ecfa552aac89bc994e1">
        <price url="/book/flight?code=165ca5aa4a.OOb65z.0.F.CHEAPTICKETS,CHEAPTICKETS.356030.5e8c0e1a436c2ecfa552aac89bc994e1&amp;_sid_=6-gKYBzyWfsSJglwjIEMiJ" currency="USD">3560</price>
        <legs>
           <leg>
            <airline>MULT</airline>
            <airline_display>Multiple Airlines</airline_display>
            <orig>NRT</orig>
            <dest>PRG</dest>
            <depart>2010/09/10 09:00</depart>
            <arrive>2010/09/10 19:45</arrive>
            <stops>2</stops>
            <duration_minutes>-1</duration_minutes>
            <cabin>$sleg.cabinClass</cabin>
            <segment>
              <airline>NH</airline>
              <flight>5709</flight>
              <duration_minutes>235</duration_minutes>
              <equip>Boeing 757</equip>
              <miles>-1</miles>
              <dt>2010/09/10 09:00</dt>
              <o>NRT</o>
              <at>2010/09/10 11:55</at>
              <d>PEK</d>
              <cabin>$seg.cabinClass</cabin>
            </segment>
            <segment>
              <airline>CA</airline>
              <flight>909</flight>
              <duration_minutes>490</duration_minutes>
              <equip>Boeing 777</equip>
              <miles>-1</miles>
              <dt>2010/09/10 13:45</dt>
              <o>PEK</o>
              <at>2010/09/10 17:55</at>
              <d>SVO</d>
              <cabin>$seg.cabinClass</cabin>
            </segment>
            <segment>
              <airline>SU</airline>
              <flight>143</flight>
              <duration_minutes>160</duration_minutes>
              <equip>Airbus A320-100/200</equip>
              <miles>1037</miles>
              <dt>2010/09/10 19:05</dt>
              <o>SVO</o>
              <at>2010/09/10 19:45</at>
              <d>PRG</d>
              <cabin>$seg.cabinClass</cabin>
            </segment>
          </leg>
         </legs>
      </trip>
                   <trip id="f18371194a3c0099c3635a4875530743">
        <price url="/book/flight?code=76905d9fcf.OOb65z.0.F.AZ,ITA.357080.f18371194a3c0099c3635a4875530743&amp;_sid_=6-gKYBzyWfsSJglwjIEMiJ" currency="USD">3571</price>
        <legs>
           <leg>
            <airline>AZ</airline>
            <airline_display>Alitalia</airline_display>
            <orig>NRT</orig>
            <dest>PRG</dest>
            <depart>2010/09/10 09:20</depart>
            <arrive>2010/09/10 20:45</arrive>
            <stops>2</stops>
            <duration_minutes>-1</duration_minutes>
            <cabin>$sleg.cabinClass</cabin>
            <segment>
              <airline>AZ</airline>
              <flight>783</flight>
              <duration_minutes>760</duration_minutes>
              <equip>Boeing 777-200</equip>
              <miles>6151</miles>
              <dt>2010/09/10 09:20</dt>
              <o>NRT</o>
              <at>2010/09/10 15:00</at>
              <d>FCO</d>
              <cabin>$seg.cabinClass</cabin>
            </segment>
            <segment>
              <airline>AZ</airline>
              <flight>1028</flight>
              <duration_minutes>70</duration_minutes>
              <equip>McDonnell Douglas MD82</equip>
              <miles>316</miles>
              <dt>2010/09/10 17:15</dt>
              <o>FCO</o>
              <at>2010/09/10 18:25</at>
              <d>MXP</d>
              <cabin>$seg.cabinClass</cabin>
            </segment>
            <segment>
              <airline>AZ</airline>
              <flight>7562</flight>
              <duration_minutes>85</duration_minutes>
              <equip>Airbus A320-100/200</equip>
              <miles>400</miles>
              <dt>2010/09/10 19:20</dt>
              <o>MXP</o>
              <at>2010/09/10 20:45</at>
              <d>PRG</d>
              <cabin>$seg.cabinClass</cabin>
            </segment>
          </leg>
         </legs>
      </trip>
                   <trip id="977b62b600629682e76736672f070896">
        <price url="/book/flight?code=e23386dd67.OOb65z.0.F.AZ,ITA.357110.977b62b600629682e76736672f070896&amp;_sid_=6-gKYBzyWfsSJglwjIEMiJ" currency="USD">3571</price>
        <legs>
           <leg>
            <airline>AZ</airline>
            <airline_display>Alitalia</airline_display>
            <orig>NRT</orig>
            <dest>PRG</dest>
            <depart>2010/09/10 13:20</depart>
            <arrive>2010/09/11 08:10</arrive>
            <stops>2</stops>
            <duration_minutes>-1</duration_minutes>
            <cabin>$sleg.cabinClass</cabin>
            <segment>
              <airline>AZ</airline>
              <flight>785</flight>
              <duration_minutes>760</duration_minutes>
              <equip>Boeing 777-200</equip>
              <miles>6151</miles>
              <dt>2010/09/10 13:20</dt>
              <o>NRT</o>
              <at>2010/09/10 19:00</at>
              <d>FCO</d>
              <cabin>$seg.cabinClass</cabin>
            </segment>
            <segment>
              <airline>AZ</airline>
              <flight>1321</flight>
              <duration_minutes>65</duration_minutes>
              <equip>Airbus A318/319/320/321</equip>
              <miles>193</miles>
              <dt>2010/09/10 21:25</dt>
              <o>FCO</o>
              <at>2010/09/10 22:30</at>
              <d>BLQ</d>
              <cabin>$seg.cabinClass</cabin>
            </segment>
            <segment>
              <airline>AZ</airline>
              <flight>7518</flight>
              <duration_minutes>115</duration_minutes>
              <equip>Aerospatiale/Alenia ATR 72</equip>
              <miles>408</miles>
              <dt>2010/09/11 06:15</dt>
              <o>BLQ</o>
              <at>2010/09/11 08:10</at>
              <d>PRG</d>
              <cabin>$seg.cabinClass</cabin>
            </segment>
          </leg>
         </legs>
      </trip>
                   <trip id="96210242e3c92c1e5c4e268102c088ae">
        <price url="/book/flight?code=8ad21360c7.OOb65z.0.F.AZ,ITA.360090.96210242e3c92c1e5c4e268102c088ae&amp;_sid_=6-gKYBzyWfsSJglwjIEMiJ" currency="USD">3601</price>
        <legs>
           <leg>
            <airline>AZ</airline>
            <airline_display>Alitalia</airline_display>
            <orig>NRT</orig>
            <dest>PRG</dest>
            <depart>2010/09/10 12:25</depart>
            <arrive>2010/09/11 08:10</arrive>
            <stops>3</stops>
            <duration_minutes>-1</duration_minutes>
            <cabin>$sleg.cabinClass</cabin>
            <segment>
              <airline>AZ</airline>
              <flight>7787</flight>
              <duration_minutes>745</duration_minutes>
              <equip>Boeing 747-400</equip>
              <miles>6054</miles>
              <dt>2010/09/10 12:25</dt>
              <o>NRT</o>
              <at>2010/09/10 17:50</at>
              <d>MXP</d>
              <cabin>$seg.cabinClass</cabin>
            </segment>
            <segment>
              <airline>AZ</airline>
              <flight>1023</flight>
              <duration_minutes>70</duration_minutes>
              <equip>McDonnell Douglas MD82</equip>
              <miles>316</miles>
              <dt>2010/09/10 19:15</dt>
              <o>MXP</o>
              <at>2010/09/10 20:25</at>
              <d>FCO</d>
              <cabin>$seg.cabinClass</cabin>
            </segment>
            <segment>
              <airline>AZ</airline>
              <flight>1321</flight>
              <duration_minutes>65</duration_minutes>
              <equip>Airbus A318/319/320/321</equip>
              <miles>193</miles>
              <dt>2010/09/10 21:25</dt>
              <o>FCO</o>
              <at>2010/09/10 22:30</at>
              <d>BLQ</d>
              <cabin>$seg.cabinClass</cabin>
            </segment>
            <segment>
              <airline>AZ</airline>
              <flight>7518</flight>
              <duration_minutes>115</duration_minutes>
              <equip>Aerospatiale/Alenia ATR 72</equip>
              <miles>408</miles>
              <dt>2010/09/11 06:15</dt>
              <o>BLQ</o>
              <at>2010/09/11 08:10</at>
              <d>PRG</d>
              <cabin>$seg.cabinClass</cabin>
            </segment>
          </leg>
         </legs>
      </trip>
                   <trip id="336333bb15c9d19497629808608ea65d">
        <price url="/book/flight?code=15d514fdeb.OOb65z.0.F.ORBITZAIR,ORBITZAIR.360109.336333bb15c9d19497629808608ea65d&amp;_sid_=6-gKYBzyWfsSJglwjIEMiJ" currency="USD">3601</price>
        <legs>
           <leg>
            <airline>MULT</airline>
            <airline_display>Multiple Airlines</airline_display>
            <orig>NRT</orig>
            <dest>PRG</dest>
            <depart>2010/09/10 11:40</depart>
            <arrive>2010/09/10 20:55</arrive>
            <stops>2</stops>
            <duration_minutes>-1</duration_minutes>
            <cabin>$sleg.cabinClass</cabin>
            <segment>
              <airline>SK</airline>
              <flight>984</flight>
              <duration_minutes>685</duration_minutes>
              <equip>Airbus A340-300</equip>
              <miles>-1</miles>
              <dt>2010/09/10 11:40</dt>
              <o>NRT</o>
              <at>2010/09/10 16:05</at>
              <d>CPH</d>
              <cabin>$seg.cabinClass</cabin>
            </segment>
            <segment>
              <airline>BD</airline>
              <flight>5460</flight>
              <duration_minutes>95</duration_minutes>
              <equip>Avro RJ100 Avroliner</equip>
              <miles>-1</miles>
              <dt>2010/09/10 16:55</dt>
              <o>CPH</o>
              <at>2010/09/10 18:30</at>
              <d>BRU</d>
              <cabin>$seg.cabinClass</cabin>
            </segment>
            <segment>
              <airline>OK</airline>
              <flight>633</flight>
              <duration_minutes>90</duration_minutes>
              <equip>Boeing 737-500</equip>
              <miles>-1</miles>
              <dt>2010/09/10 19:25</dt>
              <o>BRU</o>
              <at>2010/09/10 20:55</at>
              <d>PRG</d>
              <cabin>$seg.cabinClass</cabin>
            </segment>
          </leg>
         </legs>
      </trip>
                   <trip id="05d3191e390ebc0e8bbfc04227989d8c">
        <price url="/book/flight?code=5dcc1d717c.OOb65z.0.F.CHEAPTICKETS,CHEAPTICKETS.360270.05d3191e390ebc0e8bbfc04227989d8c&amp;_sid_=6-gKYBzyWfsSJglwjIEMiJ" currency="USD">3603</price>
        <legs>
           <leg>
            <airline>MULT</airline>
            <airline_display>Multiple Airlines</airline_display>
            <orig>NRT</orig>
            <dest>PRG</dest>
            <depart>2010/09/10 09:00</depart>
            <arrive>2010/09/10 23:20</arrive>
            <stops>2</stops>
            <duration_minutes>-1</duration_minutes>
            <cabin>$sleg.cabinClass</cabin>
            <segment>
              <airline>NH</airline>
              <flight>5709</flight>
              <duration_minutes>235</duration_minutes>
              <equip>Boeing 757</equip>
              <miles>-1</miles>
              <dt>2010/09/10 09:00</dt>
              <o>NRT</o>
              <at>2010/09/10 11:55</at>
              <d>PEK</d>
              <cabin>$seg.cabinClass</cabin>
            </segment>
            <segment>
              <airline>CA</airline>
              <flight>931</flight>
              <duration_minutes>610</duration_minutes>
              <equip>Boeing 747-400</equip>
              <miles>-1</miles>
              <dt>2010/09/10 14:00</dt>
              <o>PEK</o>
              <at>2010/09/10 18:10</at>
              <d>FRA</d>
              <cabin>$seg.cabinClass</cabin>
            </segment>
            <segment>
              <airline>LH</airline>
              <flight>3266</flight>
              <duration_minutes>60</duration_minutes>
              <equip>Airbus A321-100/200</equip>
              <miles>252</miles>
              <dt>2010/09/10 22:20</dt>
              <o>FRA</o>
              <at>2010/09/10 23:20</at>
              <d>PRG</d>
              <cabin>$seg.cabinClass</cabin>
            </segment>
          </leg>
         </legs>
      </trip>
                   <trip id="39f675573d2cdac240e3e76083d79090">
        <price url="/book/flight?code=d33de3cd1a.OOb65z.0.F.CHEAPTICKETS,CHEAPTICKETS.360270.39f675573d2cdac240e3e76083d79090&amp;_sid_=6-gKYBzyWfsSJglwjIEMiJ" currency="USD">3603</price>
        <legs>
           <leg>
            <airline>MULT</airline>
            <airline_display>Multiple Airlines</airline_display>
            <orig>NRT</orig>
            <dest>PRG</dest>
            <depart>2010/09/10 19:00</depart>
            <arrive>2010/09/11 09:40</arrive>
            <stops>2</stops>
            <duration_minutes>-1</duration_minutes>
            <cabin>$sleg.cabinClass</cabin>
            <segment>
              <airline>NH</airline>
              <flight>5707</flight>
              <duration_minutes>235</duration_minutes>
              <equip>Boeing 737-800</equip>
              <miles>-1</miles>
              <dt>2010/09/10 19:00</dt>
              <o>NRT</o>
              <at>2010/09/10 21:55</at>
              <d>PEK</d>
              <cabin>$seg.cabinClass</cabin>
            </segment>
            <segment>
              <airline>CA</airline>
              <flight>965</flight>
              <duration_minutes>620</duration_minutes>
              <equip>Airbus A330</equip>
              <miles>-1</miles>
              <dt>2010/09/11 01:20</dt>
              <o>PEK</o>
              <at>2010/09/11 05:40</at>
              <d>FRA</d>
              <cabin>$seg.cabinClass</cabin>
            </segment>
            <segment>
              <airline>LH</airline>
              <flight>3258</flight>
              <duration_minutes>60</duration_minutes>
              <equip>Boeing 737-300</equip>
              <miles>-1</miles>
              <dt>2010/09/11 08:40</dt>
              <o>FRA</o>
              <at>2010/09/11 09:40</at>
              <d>PRG</d>
              <cabin>$seg.cabinClass</cabin>
            </segment>
          </leg>
         </legs>
      </trip>
                   <trip id="5439f1d231b780eea7943339ad61b77c">
        <price url="/book/flight?code=7f6cf1c568.OOb65z.0.F.CHEAPTICKETS,CHEAPTICKETS.360270.5439f1d231b780eea7943339ad61b77c&amp;_sid_=6-gKYBzyWfsSJglwjIEMiJ" currency="USD">3603</price>
        <legs>
           <leg>
            <airline>MULT</airline>
            <airline_display>Multiple Airlines</airline_display>
            <orig>NRT</orig>
            <dest>PRG</dest>
            <depart>2010/09/10 17:20</depart>
            <arrive>2010/09/11 09:40</arrive>
            <stops>2</stops>
            <duration_minutes>-1</duration_minutes>
            <cabin>$sleg.cabinClass</cabin>
            <segment>
              <airline>NH</airline>
              <flight>955</flight>
              <duration_minutes>230</duration_minutes>
              <equip>Boeing 767-300</equip>
              <miles>-1</miles>
              <dt>2010/09/10 17:20</dt>
              <o>NRT</o>
              <at>2010/09/10 20:10</at>
              <d>PEK</d>
              <cabin>$seg.cabinClass</cabin>
            </segment>
            <segment>
              <airline>CA</airline>
              <flight>965</flight>
              <duration_minutes>620</duration_minutes>
              <equip>Airbus A330</equip>
              <miles>-1</miles>
              <dt>2010/09/11 01:20</dt>
              <o>PEK</o>
              <at>2010/09/11 05:40</at>
              <d>FRA</d>
              <cabin>$seg.cabinClass</cabin>
            </segment>
            <segment>
              <airline>LH</airline>
              <flight>3258</flight>
              <duration_minutes>60</duration_minutes>
              <equip>Boeing 737-300</equip>
              <miles>-1</miles>
              <dt>2010/09/11 08:40</dt>
              <o>FRA</o>
              <at>2010/09/11 09:40</at>
              <d>PRG</d>
              <cabin>$seg.cabinClass</cabin>
            </segment>
          </leg>
         </legs>
      </trip>
                   <trip id="23d9ee409b8dac1caf7cacfcb880fb90">
        <price url="/book/flight?code=83c0300857.OOb65z.0.F.CHEAPTICKETS,CHEAPTICKETS.360370.23d9ee409b8dac1caf7cacfcb880fb90&amp;_sid_=6-gKYBzyWfsSJglwjIEMiJ" currency="USD">3604</price>
        <legs>
           <leg>
            <airline>MULT</airline>
            <airline_display>Multiple Airlines</airline_display>
            <orig>NRT</orig>
            <dest>PRG</dest>
            <depart>2010/09/10 18:15</depart>
            <arrive>2010/09/11 09:40</arrive>
            <stops>2</stops>
            <duration_minutes>-1</duration_minutes>
            <cabin>$sleg.cabinClass</cabin>
            <segment>
              <airline>JL</airline>
              <flight>869</flight>
              <duration_minutes>240</duration_minutes>
              <equip>Boeing 767</equip>
              <miles>-1</miles>
              <dt>2010/09/10 18:15</dt>
              <o>NRT</o>
              <at>2010/09/10 21:15</at>
              <d>PEK</d>
              <cabin>$seg.cabinClass</cabin>
            </segment>
            <segment>
              <airline>CA</airline>
              <flight>965</flight>
              <duration_minutes>620</duration_minutes>
              <equip>Airbus A330</equip>
              <miles>-1</miles>
              <dt>2010/09/11 01:20</dt>
              <o>PEK</o>
              <at>2010/09/11 05:40</at>
              <d>FRA</d>
              <cabin>$seg.cabinClass</cabin>
            </segment>
            <segment>
              <airline>LH</airline>
              <flight>3258</flight>
              <duration_minutes>60</duration_minutes>
              <equip>Boeing 737-300</equip>
              <miles>-1</miles>
              <dt>2010/09/11 08:40</dt>
              <o>FRA</o>
              <at>2010/09/11 09:40</at>
              <d>PRG</d>
              <cabin>$seg.cabinClass</cabin>
            </segment>
          </leg>
         </legs>
      </trip>
                   <trip id="e46e55574ee913b1dcd1911e97227fa9">
        <price url="/book/flight?code=f762d7b293.OOb65z.0.F.CHEAPTICKETS,CHEAPTICKETS.361170.e46e55574ee913b1dcd1911e97227fa9&amp;_sid_=6-gKYBzyWfsSJglwjIEMiJ" currency="USD">3612</price>
        <legs>
           <leg>
            <airline>MULT</airline>
            <airline_display>Multiple Airlines</airline_display>
            <orig>NRT</orig>
            <dest>PRG</dest>
            <depart>2010/09/10 11:30</depart>
            <arrive>2010/09/11 10:30</arrive>
            <stops>1</stops>
            <duration_minutes>-1</duration_minutes>
            <cabin>$sleg.cabinClass</cabin>
            <segment>
              <airline>VS</airline>
              <flight>901</flight>
              <duration_minutes>735</duration_minutes>
              <equip>Airbus A340-600</equip>
              <miles>-1</miles>
              <dt>2010/09/10 11:30</dt>
              <o>NRT</o>
              <at>2010/09/10 15:45</at>
              <d>LHR</d>
              <cabin>$seg.cabinClass</cabin>
            </segment>
            <segment>
              <airline>OK</airline>
              <flight>653</flight>
              <duration_minutes>115</duration_minutes>
              <equip>Airbus A319</equip>
              <miles>-1</miles>
              <dt>2010/09/11 07:35</dt>
              <o>LHR</o>
              <at>2010/09/11 10:30</at>
              <d>PRG</d>
              <cabin>$seg.cabinClass</cabin>
            </segment>
          </leg>
         </legs>
      </trip>
                   <trip id="d43ed90a1b22aab657abe5cf06e36deb">
        <price url="/book/flight?code=336ffb536b.OOb65z.0.F.CHEAPTICKETS,CHEAPTICKETS.362300.d43ed90a1b22aab657abe5cf06e36deb&amp;_sid_=6-gKYBzyWfsSJglwjIEMiJ" currency="USD">3623</price>
        <legs>
           <leg>
            <airline>MULT</airline>
            <airline_display>Multiple Airlines</airline_display>
            <orig>NRT</orig>
            <dest>PRG</dest>
            <depart>2010/09/10 09:00</depart>
            <arrive>2010/09/10 20:10</arrive>
            <stops>2</stops>
            <duration_minutes>-1</duration_minutes>
            <cabin>$sleg.cabinClass</cabin>
            <segment>
              <airline>NH</airline>
              <flight>5709</flight>
              <duration_minutes>235</duration_minutes>
              <equip>Boeing 757</equip>
              <miles>-1</miles>
              <dt>2010/09/10 09:00</dt>
              <o>NRT</o>
              <at>2010/09/10 11:55</at>
              <d>PEK</d>
              <cabin>$seg.cabinClass</cabin>
            </segment>
            <segment>
              <airline>CA</airline>
              <flight>931</flight>
              <duration_minutes>610</duration_minutes>
              <equip>Boeing 747-400</equip>
              <miles>-1</miles>
              <dt>2010/09/10 14:00</dt>
              <o>PEK</o>
              <at>2010/09/10 18:10</at>
              <d>FRA</d>
              <cabin>$seg.cabinClass</cabin>
            </segment>
            <segment>
              <airline>OK</airline>
              <flight>537</flight>
              <duration_minutes>65</duration_minutes>
              <equip>Airbus A319</equip>
              <miles>-1</miles>
              <dt>2010/09/10 19:05</dt>
              <o>FRA</o>
              <at>2010/09/10 20:10</at>
              <d>PRG</d>
              <cabin>$seg.cabinClass</cabin>
            </segment>
          </leg>
         </legs>
      </trip>
                   <trip id="6ee547246537837c132e99be8943dd5a">
        <price url="/book/flight?code=4e4c0296e8.OOb65z.0.F.CHEAPTICKETS,CHEAPTICKETS.362300.6ee547246537837c132e99be8943dd5a&amp;_sid_=6-gKYBzyWfsSJglwjIEMiJ" currency="USD">3623</price>
        <legs>
           <leg>
            <airline>MULT</airline>
            <airline_display>Multiple Airlines</airline_display>
            <orig>NRT</orig>
            <dest>PRG</dest>
            <depart>2010/09/10 19:00</depart>
            <arrive>2010/09/11 10:30</arrive>
            <stops>2</stops>
            <duration_minutes>-1</duration_minutes>
            <cabin>$sleg.cabinClass</cabin>
            <segment>
              <airline>NH</airline>
              <flight>5707</flight>
              <duration_minutes>235</duration_minutes>
              <equip>Boeing 737-800</equip>
              <miles>-1</miles>
              <dt>2010/09/10 19:00</dt>
              <o>NRT</o>
              <at>2010/09/10 21:55</at>
              <d>PEK</d>
              <cabin>$seg.cabinClass</cabin>
            </segment>
            <segment>
              <airline>CA</airline>
              <flight>965</flight>
              <duration_minutes>620</duration_minutes>
              <equip>Airbus A330</equip>
              <miles>-1</miles>
              <dt>2010/09/11 01:20</dt>
              <o>PEK</o>
              <at>2010/09/11 05:40</at>
              <d>FRA</d>
              <cabin>$seg.cabinClass</cabin>
            </segment>
            <segment>
              <airline>OK</airline>
              <flight>535</flight>
              <duration_minutes>65</duration_minutes>
              <equip>Airbus A320-100/200</equip>
              <miles>-1</miles>
              <dt>2010/09/11 09:25</dt>
              <o>FRA</o>
              <at>2010/09/11 10:30</at>
              <d>PRG</d>
              <cabin>$seg.cabinClass</cabin>
            </segment>
          </leg>
         </legs>
      </trip>
                   <trip id="89efb8acf1564f1b797cc0a459978fc5">
        <price url="/book/flight?code=f4a5d9cf84.OOb65z.0.F.BA,ITA.374480.89efb8acf1564f1b797cc0a459978fc5&amp;_sid_=6-gKYBzyWfsSJglwjIEMiJ" currency="USD">3745</price>
        <legs>
           <leg>
            <airline>BA</airline>
            <airline_display>British Airways</airline_display>
            <orig>NRT</orig>
            <dest>PRG</dest>
            <depart>2010/09/10 10:55</depart>
            <arrive>2010/09/10 21:35</arrive>
            <stops>1</stops>
            <duration_minutes>-1</duration_minutes>
            <cabin>$sleg.cabinClass</cabin>
            <segment>
              <airline>BA</airline>
              <flight>6</flight>
              <duration_minutes>710</duration_minutes>
              <equip>Boeing 747-400</equip>
              <miles>5957</miles>
              <dt>2010/09/10 10:55</dt>
              <o>NRT</o>
              <at>2010/09/10 14:45</at>
              <d>LHR</d>
              <cabin>$seg.cabinClass</cabin>
            </segment>
            <segment>
              <airline>BA</airline>
              <flight>858</flight>
              <duration_minutes>120</duration_minutes>
              <equip>Airbus A320-100/200</equip>
              <miles>648</miles>
              <dt>2010/09/10 18:35</dt>
              <o>LHR</o>
              <at>2010/09/10 21:35</at>
              <d>PRG</d>
              <cabin>$seg.cabinClass</cabin>
            </segment>
          </leg>
         </legs>
      </trip>
                   <trip id="2309282c98e8f26a0697ff38347be476">
        <price url="/book/flight?code=1cb4be7690.OOb65z.0.F.ORBITZAIR,ORBITZAIR.391039.2309282c98e8f26a0697ff38347be476&amp;_sid_=6-gKYBzyWfsSJglwjIEMiJ" currency="USD">3910</price>
        <legs>
           <leg>
            <airline>AF</airline>
            <airline_display>Air France</airline_display>
            <orig>NRT</orig>
            <dest>PRG</dest>
            <depart>2010/09/10 11:50</depart>
            <arrive>2010/09/10 19:50</arrive>
            <stops>1</stops>
            <duration_minutes>-1</duration_minutes>
            <cabin>$sleg.cabinClass</cabin>
            <segment>
              <airline>AF</airline>
              <flight>275</flight>
              <duration_minutes>745</duration_minutes>
              <equip>Boeing 777-200</equip>
              <miles>-1</miles>
              <dt>2010/09/10 11:50</dt>
              <o>NRT</o>
              <at>2010/09/10 17:15</at>
              <d>CDG</d>
              <cabin>$seg.cabinClass</cabin>
            </segment>
            <segment>
              <airline>AF</airline>
              <flight>2482</flight>
              <duration_minutes>95</duration_minutes>
              <equip>Airbus A320-100/200</equip>
              <miles>-1</miles>
              <dt>2010/09/10 18:15</dt>
              <o>CDG</o>
              <at>2010/09/10 19:50</at>
              <d>PRG</d>
              <cabin>$seg.cabinClass</cabin>
            </segment>
          </leg>
         </legs>
      </trip>
                   <trip id="2c3c51c15920c1dbbbb961295148af04">
        <price url="/book/flight?code=e0ef4352f5.OOb65z.0.F.ORBITZAIR,ORBITZAIR.391039.2c3c51c15920c1dbbbb961295148af04&amp;_sid_=6-gKYBzyWfsSJglwjIEMiJ" currency="USD">3910</price>
        <legs>
           <leg>
            <airline>AF</airline>
            <airline_display>Air France</airline_display>
            <orig>NRT</orig>
            <dest>PRG</dest>
            <depart>2010/09/10 11:05</depart>
            <arrive>2010/09/10 19:50</arrive>
            <stops>1</stops>
            <duration_minutes>-1</duration_minutes>
            <cabin>$sleg.cabinClass</cabin>
            <segment>
              <airline>AF</airline>
              <flight>271</flight>
              <duration_minutes>755</duration_minutes>
              <equip>Boeing 777</equip>
              <miles>-1</miles>
              <dt>2010/09/10 11:05</dt>
              <o>NRT</o>
              <at>2010/09/10 16:40</at>
              <d>CDG</d>
              <cabin>$seg.cabinClass</cabin>
            </segment>
            <segment>
              <airline>AF</airline>
              <flight>2482</flight>
              <duration_minutes>95</duration_minutes>
              <equip>Airbus A320-100/200</equip>
              <miles>-1</miles>
              <dt>2010/09/10 18:15</dt>
              <o>CDG</o>
              <at>2010/09/10 19:50</at>
              <d>PRG</d>
              <cabin>$seg.cabinClass</cabin>
            </segment>
          </leg>
         </legs>
      </trip>
                   <trip id="6cc261bbc9c477af42e67668b341acf3">
        <price url="/book/flight?code=75060e9257.OOb65z.0.F.ORBITZAIR,ORBITZAIR.391039.6cc261bbc9c477af42e67668b341acf3&amp;_sid_=6-gKYBzyWfsSJglwjIEMiJ" currency="USD">3910</price>
        <legs>
           <leg>
            <airline>AF</airline>
            <airline_display>Air France</airline_display>
            <orig>NRT</orig>
            <dest>PRG</dest>
            <depart>2010/09/10 11:50</depart>
            <arrive>2010/09/10 20:50</arrive>
            <stops>1</stops>
            <duration_minutes>-1</duration_minutes>
            <cabin>$sleg.cabinClass</cabin>
            <segment>
              <airline>AF</airline>
              <flight>275</flight>
              <duration_minutes>745</duration_minutes>
              <equip>Boeing 777-200</equip>
              <miles>-1</miles>
              <dt>2010/09/10 11:50</dt>
              <o>NRT</o>
              <at>2010/09/10 17:15</at>
              <d>CDG</d>
              <cabin>$seg.cabinClass</cabin>
            </segment>
            <segment>
              <airline>AF</airline>
              <flight>4906</flight>
              <duration_minutes>100</duration_minutes>
              <equip>Airbus A319</equip>
              <miles>-1</miles>
              <dt>2010/09/10 19:10</dt>
              <o>CDG</o>
              <at>2010/09/10 20:50</at>
              <d>PRG</d>
              <cabin>$seg.cabinClass</cabin>
            </segment>
          </leg>
         </legs>
      </trip>
                   <trip id="0245d356c752dbc2b41b4b0630d162c7">
        <price url="/book/flight?code=7d7e670d41.OOb65z.0.F.ORBITZAIR,ORBITZAIR.391039.0245d356c752dbc2b41b4b0630d162c7&amp;_sid_=6-gKYBzyWfsSJglwjIEMiJ" currency="USD">3910</price>
        <legs>
           <leg>
            <airline>AF</airline>
            <airline_display>Air France</airline_display>
            <orig>NRT</orig>
            <dest>PRG</dest>
            <depart>2010/09/10 10:30</depart>
            <arrive>2010/09/10 19:50</arrive>
            <stops>1</stops>
            <duration_minutes>-1</duration_minutes>
            <cabin>$sleg.cabinClass</cabin>
            <segment>
              <airline>AF</airline>
              <flight>279</flight>
              <duration_minutes>755</duration_minutes>
              <equip>Airbus A340-300</equip>
              <miles>-1</miles>
              <dt>2010/09/10 10:30</dt>
              <o>NRT</o>
              <at>2010/09/10 16:05</at>
              <d>CDG</d>
              <cabin>$seg.cabinClass</cabin>
            </segment>
            <segment>
              <airline>AF</airline>
              <flight>2482</flight>
              <duration_minutes>95</duration_minutes>
              <equip>Airbus A320-100/200</equip>
              <miles>-1</miles>
              <dt>2010/09/10 18:15</dt>
              <o>CDG</o>
              <at>2010/09/10 19:50</at>
              <d>PRG</d>
              <cabin>$seg.cabinClass</cabin>
            </segment>
          </leg>
         </legs>
      </trip>
                   <trip id="7cfdcd6fd5ed784dca2f9866c274b3d7">
        <price url="/book/flight?code=6cc019810b.OOb65z.0.F.ORBITZAIR,ORBITZAIR.391039.7cfdcd6fd5ed784dca2f9866c274b3d7&amp;_sid_=6-gKYBzyWfsSJglwjIEMiJ" currency="USD">3910</price>
        <legs>
           <leg>
            <airline>AF</airline>
            <airline_display>Air France</airline_display>
            <orig>NRT</orig>
            <dest>PRG</dest>
            <depart>2010/09/10 11:05</depart>
            <arrive>2010/09/10 20:50</arrive>
            <stops>1</stops>
            <duration_minutes>-1</duration_minutes>
            <cabin>$sleg.cabinClass</cabin>
            <segment>
              <airline>AF</airline>
              <flight>271</flight>
              <duration_minutes>755</duration_minutes>
              <equip>Boeing 777</equip>
              <miles>-1</miles>
              <dt>2010/09/10 11:05</dt>
              <o>NRT</o>
              <at>2010/09/10 16:40</at>
              <d>CDG</d>
              <cabin>$seg.cabinClass</cabin>
            </segment>
            <segment>
              <airline>AF</airline>
              <flight>4906</flight>
              <duration_minutes>100</duration_minutes>
              <equip>Airbus A319</equip>
              <miles>-1</miles>
              <dt>2010/09/10 19:10</dt>
              <o>CDG</o>
              <at>2010/09/10 20:50</at>
              <d>PRG</d>
              <cabin>$seg.cabinClass</cabin>
            </segment>
          </leg>
         </legs>
      </trip>
                   <trip id="f506306710ac0abaddc0a0ffbff87d03">
        <price url="/book/flight?code=66fb36ecee.OOb65z.0.F.ORBITZAIR,ORBITZAIR.391039.f506306710ac0abaddc0a0ffbff87d03&amp;_sid_=6-gKYBzyWfsSJglwjIEMiJ" currency="USD">3910</price>
        <legs>
           <leg>
            <airline>AF</airline>
            <airline_display>Air France</airline_display>
            <orig>NRT</orig>
            <dest>PRG</dest>
            <depart>2010/09/10 10:30</depart>
            <arrive>2010/09/10 20:50</arrive>
            <stops>1</stops>
            <duration_minutes>-1</duration_minutes>
            <cabin>$sleg.cabinClass</cabin>
            <segment>
              <airline>AF</airline>
              <flight>279</flight>
              <duration_minutes>755</duration_minutes>
              <equip>Airbus A340-300</equip>
              <miles>-1</miles>
              <dt>2010/09/10 10:30</dt>
              <o>NRT</o>
              <at>2010/09/10 16:05</at>
              <d>CDG</d>
              <cabin>$seg.cabinClass</cabin>
            </segment>
            <segment>
              <airline>AF</airline>
              <flight>4906</flight>
              <duration_minutes>100</duration_minutes>
              <equip>Airbus A319</equip>
              <miles>-1</miles>
              <dt>2010/09/10 19:10</dt>
              <o>CDG</o>
              <at>2010/09/10 20:50</at>
              <d>PRG</d>
              <cabin>$seg.cabinClass</cabin>
            </segment>
          </leg>
         </legs>
      </trip>
                   <trip id="10396ca1bf09f82cc592c13ac34636fd">
        <price url="/book/flight?code=b730d7e85f.OOb65z.0.F.ORBITZAIR,ORBITZAIR.391039.10396ca1bf09f82cc592c13ac34636fd&amp;_sid_=6-gKYBzyWfsSJglwjIEMiJ" currency="USD">3910</price>
        <legs>
           <leg>
            <airline>AF</airline>
            <airline_display>Air France</airline_display>
            <orig>NRT</orig>
            <dest>PRG</dest>
            <depart>2010/09/10 11:50</depart>
            <arrive>2010/09/10 22:30</arrive>
            <stops>1</stops>
            <duration_minutes>-1</duration_minutes>
            <cabin>$sleg.cabinClass</cabin>
            <segment>
              <airline>AF</airline>
              <flight>275</flight>
              <duration_minutes>745</duration_minutes>
              <equip>Boeing 777-200</equip>
              <miles>-1</miles>
              <dt>2010/09/10 11:50</dt>
              <o>NRT</o>
              <at>2010/09/10 17:15</at>
              <d>CDG</d>
              <cabin>$seg.cabinClass</cabin>
            </segment>
            <segment>
              <airline>AF</airline>
              <flight>4904</flight>
              <duration_minutes>105</duration_minutes>
              <equip>Airbus A320-100/200</equip>
              <miles>-1</miles>
              <dt>2010/09/10 20:45</dt>
              <o>CDG</o>
              <at>2010/09/10 22:30</at>
              <d>PRG</d>
              <cabin>$seg.cabinClass</cabin>
            </segment>
          </leg>
         </legs>
      </trip>
                   <trip id="1df490a5a7e0384e83dd2831def87a6d">
        <price url="/book/flight?code=553db6a98e.OOb65z.0.F.ORBITZAIR,ORBITZAIR.391039.1df490a5a7e0384e83dd2831def87a6d&amp;_sid_=6-gKYBzyWfsSJglwjIEMiJ" currency="USD">3910</price>
        <legs>
           <leg>
            <airline>AF</airline>
            <airline_display>Air France</airline_display>
            <orig>NRT</orig>
            <dest>PRG</dest>
            <depart>2010/09/10 21:55</depart>
            <arrive>2010/09/11 08:50</arrive>
            <stops>1</stops>
            <duration_minutes>-1</duration_minutes>
            <cabin>$sleg.cabinClass</cabin>
            <segment>
              <airline>AF</airline>
              <flight>277</flight>
              <duration_minutes>800</duration_minutes>
              <equip>Boeing 777</equip>
              <miles>-1</miles>
              <dt>2010/09/10 21:55</dt>
              <o>NRT</o>
              <at>2010/09/11 04:15</at>
              <d>CDG</d>
              <cabin>$seg.cabinClass</cabin>
            </segment>
            <segment>
              <airline>AF</airline>
              <flight>1382</flight>
              <duration_minutes>95</duration_minutes>
              <equip>Airbus A320-100/200</equip>
              <miles>-1</miles>
              <dt>2010/09/11 07:15</dt>
              <o>CDG</o>
              <at>2010/09/11 08:50</at>
              <d>PRG</d>
              <cabin>$seg.cabinClass</cabin>
            </segment>
          </leg>
         </legs>
      </trip>
                   <trip id="b5ab97f44a1b4e7e59714cd02eb9ea97">
        <price url="/book/flight?code=22eb17af1a.OOb65z.0.F.ORBITZAIR,ORBITZAIR.391039.b5ab97f44a1b4e7e59714cd02eb9ea97&amp;_sid_=6-gKYBzyWfsSJglwjIEMiJ" currency="USD">3910</price>
        <legs>
           <leg>
            <airline>AF</airline>
            <airline_display>Air France</airline_display>
            <orig>NRT</orig>
            <dest>PRG</dest>
            <depart>2010/09/10 11:05</depart>
            <arrive>2010/09/10 22:30</arrive>
            <stops>1</stops>
            <duration_minutes>-1</duration_minutes>
            <cabin>$sleg.cabinClass</cabin>
            <segment>
              <airline>AF</airline>
              <flight>271</flight>
              <duration_minutes>755</duration_minutes>
              <equip>Boeing 777</equip>
              <miles>-1</miles>
              <dt>2010/09/10 11:05</dt>
              <o>NRT</o>
              <at>2010/09/10 16:40</at>
              <d>CDG</d>
              <cabin>$seg.cabinClass</cabin>
            </segment>
            <segment>
              <airline>AF</airline>
              <flight>4904</flight>
              <duration_minutes>105</duration_minutes>
              <equip>Airbus A320-100/200</equip>
              <miles>-1</miles>
              <dt>2010/09/10 20:45</dt>
              <o>CDG</o>
              <at>2010/09/10 22:30</at>
              <d>PRG</d>
              <cabin>$seg.cabinClass</cabin>
            </segment>
          </leg>
         </legs>
      </trip>
                   <trip id="586a89b2954e132bcfe186e4464a80ba">
        <price url="/book/flight?code=01bb3961c4.OOb65z.0.F.ORBITZAIR,ORBITZAIR.391039.586a89b2954e132bcfe186e4464a80ba&amp;_sid_=6-gKYBzyWfsSJglwjIEMiJ" currency="USD">3910</price>
        <legs>
           <leg>
            <airline>AF</airline>
            <airline_display>Air France</airline_display>
            <orig>NRT</orig>
            <dest>PRG</dest>
            <depart>2010/09/10 10:30</depart>
            <arrive>2010/09/10 22:30</arrive>
            <stops>1</stops>
            <duration_minutes>-1</duration_minutes>
            <cabin>$sleg.cabinClass</cabin>
            <segment>
              <airline>AF</airline>
              <flight>279</flight>
              <duration_minutes>755</duration_minutes>
              <equip>Airbus A340-300</equip>
              <miles>-1</miles>
              <dt>2010/09/10 10:30</dt>
              <o>NRT</o>
              <at>2010/09/10 16:05</at>
              <d>CDG</d>
              <cabin>$seg.cabinClass</cabin>
            </segment>
            <segment>
              <airline>AF</airline>
              <flight>4904</flight>
              <duration_minutes>105</duration_minutes>
              <equip>Airbus A320-100/200</equip>
              <miles>-1</miles>
              <dt>2010/09/10 20:45</dt>
              <o>CDG</o>
              <at>2010/09/10 22:30</at>
              <d>PRG</d>
              <cabin>$seg.cabinClass</cabin>
            </segment>
          </leg>
         </legs>
      </trip>
                   <trip id="22a3ee2dcb4e4a4f68278b3ad0428fef">
        <price url="/book/flight?code=66266d009f.OOb65z.0.F.ORBITZAIR,ORBITZAIR.391039.22a3ee2dcb4e4a4f68278b3ad0428fef&amp;_sid_=6-gKYBzyWfsSJglwjIEMiJ" currency="USD">3910</price>
        <legs>
           <leg>
            <airline>AF</airline>
            <airline_display>Air France</airline_display>
            <orig>NRT</orig>
            <dest>PRG</dest>
            <depart>2010/09/10 21:55</depart>
            <arrive>2010/09/11 11:40</arrive>
            <stops>1</stops>
            <duration_minutes>-1</duration_minutes>
            <cabin>$sleg.cabinClass</cabin>
            <segment>
              <airline>AF</airline>
              <flight>277</flight>
              <duration_minutes>800</duration_minutes>
              <equip>Boeing 777</equip>
              <miles>-1</miles>
              <dt>2010/09/10 21:55</dt>
              <o>NRT</o>
              <at>2010/09/11 04:15</at>
              <d>CDG</d>
              <cabin>$seg.cabinClass</cabin>
            </segment>
            <segment>
              <airline>AF</airline>
              <flight>4900</flight>
              <duration_minutes>105</duration_minutes>
              <equip>Airbus A320-100/200</equip>
              <miles>-1</miles>
              <dt>2010/09/11 09:55</dt>
              <o>CDG</o>
              <at>2010/09/11 11:40</at>
              <d>PRG</d>
              <cabin>$seg.cabinClass</cabin>
            </segment>
          </leg>
         </legs>
      </trip>
                   <trip id="9affca134cb740224eb1cc4438f43818">
        <price url="/book/flight?code=a2814580a0.OOb65z.0.F.ORBITZAIR,ORBITZAIR.391039.9affca134cb740224eb1cc4438f43818&amp;_sid_=6-gKYBzyWfsSJglwjIEMiJ" currency="USD">3910</price>
        <legs>
           <leg>
            <airline>AF</airline>
            <airline_display>Air France</airline_display>
            <orig>NRT</orig>
            <dest>PRG</dest>
            <depart>2010/09/10 21:55</depart>
            <arrive>2010/09/11 14:30</arrive>
            <stops>1</stops>
            <duration_minutes>-1</duration_minutes>
            <cabin>$sleg.cabinClass</cabin>
            <segment>
              <airline>AF</airline>
              <flight>277</flight>
              <duration_minutes>800</duration_minutes>
              <equip>Boeing 777</equip>
              <miles>-1</miles>
              <dt>2010/09/10 21:55</dt>
              <o>NRT</o>
              <at>2010/09/11 04:15</at>
              <d>CDG</d>
              <cabin>$seg.cabinClass</cabin>
            </segment>
            <segment>
              <airline>AF</airline>
              <flight>1982</flight>
              <duration_minutes>95</duration_minutes>
              <equip>Airbus A320-100/200</equip>
              <miles>-1</miles>
              <dt>2010/09/11 12:55</dt>
              <o>CDG</o>
              <at>2010/09/11 14:30</at>
              <d>PRG</d>
              <cabin>$seg.cabinClass</cabin>
            </segment>
          </leg>
         </legs>
      </trip>
                   <trip id="d8be159add36184cee328a0a0fe68057">
        <price url="/book/flight?code=af12f13eb3.OOb65z.0.F.ORBITZAIR,ORBITZAIR.391039.d8be159add36184cee328a0a0fe68057&amp;_sid_=6-gKYBzyWfsSJglwjIEMiJ" currency="USD">3910</price>
        <legs>
           <leg>
            <airline>AF</airline>
            <airline_display>Air France</airline_display>
            <orig>NRT</orig>
            <dest>PRG</dest>
            <depart>2010/09/10 21:55</depart>
            <arrive>2010/09/11 17:35</arrive>
            <stops>1</stops>
            <duration_minutes>-1</duration_minutes>
            <cabin>$sleg.cabinClass</cabin>
            <segment>
              <airline>AF</airline>
              <flight>277</flight>
              <duration_minutes>800</duration_minutes>
              <equip>Boeing 777</equip>
              <miles>-1</miles>
              <dt>2010/09/10 21:55</dt>
              <o>NRT</o>
              <at>2010/09/11 04:15</at>
              <d>CDG</d>
              <cabin>$seg.cabinClass</cabin>
            </segment>
            <segment>
              <airline>AF</airline>
              <flight>4902</flight>
              <duration_minutes>110</duration_minutes>
              <equip>Boeing 737</equip>
              <miles>-1</miles>
              <dt>2010/09/11 15:45</dt>
              <o>CDG</o>
              <at>2010/09/11 17:35</at>
              <d>PRG</d>
              <cabin>$seg.cabinClass</cabin>
            </segment>
          </leg>
         </legs>
      </trip>
                   <trip id="4223b0b758de010829bb4d17c92b274f">
        <price url="/book/flight?code=a881b88598.OOb65z.0.F.ORBITZAIR,ORBITZAIR.391529.4223b0b758de010829bb4d17c92b274f&amp;_sid_=6-gKYBzyWfsSJglwjIEMiJ" currency="USD">3915</price>
        <legs>
           <leg>
            <airline>AF</airline>
            <airline_display>Air France</airline_display>
            <orig>NRT</orig>
            <dest>PRG</dest>
            <depart>2010/09/10 11:50</depart>
            <arrive>2010/09/11 08:50</arrive>
            <stops>1</stops>
            <duration_minutes>-1</duration_minutes>
            <cabin>$sleg.cabinClass</cabin>
            <segment>
              <airline>AF</airline>
              <flight>275</flight>
              <duration_minutes>745</duration_minutes>
              <equip>Boeing 777-200</equip>
              <miles>-1</miles>
              <dt>2010/09/10 11:50</dt>
              <o>NRT</o>
              <at>2010/09/10 17:15</at>
              <d>CDG</d>
              <cabin>$seg.cabinClass</cabin>
            </segment>
            <segment>
              <airline>AF</airline>
              <flight>1382</flight>
              <duration_minutes>95</duration_minutes>
              <equip>Airbus A320-100/200</equip>
              <miles>-1</miles>
              <dt>2010/09/11 07:15</dt>
              <o>CDG</o>
              <at>2010/09/11 08:50</at>
              <d>PRG</d>
              <cabin>$seg.cabinClass</cabin>
            </segment>
          </leg>
         </legs>
      </trip>
                   <trip id="6571bc779848328d99e9319e43e42d07">
        <price url="/book/flight?code=36d1f35833.OOb65z.0.F.ORBITZAIR,ORBITZAIR.391529.6571bc779848328d99e9319e43e42d07&amp;_sid_=6-gKYBzyWfsSJglwjIEMiJ" currency="USD">3915</price>
        <legs>
           <leg>
            <airline>AF</airline>
            <airline_display>Air France</airline_display>
            <orig>NRT</orig>
            <dest>PRG</dest>
            <depart>2010/09/10 11:05</depart>
            <arrive>2010/09/11 08:50</arrive>
            <stops>1</stops>
            <duration_minutes>-1</duration_minutes>
            <cabin>$sleg.cabinClass</cabin>
            <segment>
              <airline>AF</airline>
              <flight>271</flight>
              <duration_minutes>755</duration_minutes>
              <equip>Boeing 777</equip>
              <miles>-1</miles>
              <dt>2010/09/10 11:05</dt>
              <o>NRT</o>
              <at>2010/09/10 16:40</at>
              <d>CDG</d>
              <cabin>$seg.cabinClass</cabin>
            </segment>
            <segment>
              <airline>AF</airline>
              <flight>1382</flight>
              <duration_minutes>95</duration_minutes>
              <equip>Airbus A320-100/200</equip>
              <miles>-1</miles>
              <dt>2010/09/11 07:15</dt>
              <o>CDG</o>
              <at>2010/09/11 08:50</at>
              <d>PRG</d>
              <cabin>$seg.cabinClass</cabin>
            </segment>
          </leg>
         </legs>
      </trip>
                   <trip id="b13a5c0b268a334568122478f5391a09">
        <price url="/book/flight?code=7c4cb74e62.OOb65z.0.F.ORBITZAIR,ORBITZAIR.391529.b13a5c0b268a334568122478f5391a09&amp;_sid_=6-gKYBzyWfsSJglwjIEMiJ" currency="USD">3915</price>
        <legs>
           <leg>
            <airline>AF</airline>
            <airline_display>Air France</airline_display>
            <orig>NRT</orig>
            <dest>PRG</dest>
            <depart>2010/09/10 21:55</depart>
            <arrive>2010/09/11 19:50</arrive>
            <stops>1</stops>
            <duration_minutes>-1</duration_minutes>
            <cabin>$sleg.cabinClass</cabin>
            <segment>
              <airline>AF</airline>
              <flight>277</flight>
              <duration_minutes>800</duration_minutes>
              <equip>Boeing 777</equip>
              <miles>-1</miles>
              <dt>2010/09/10 21:55</dt>
              <o>NRT</o>
              <at>2010/09/11 04:15</at>
              <d>CDG</d>
              <cabin>$seg.cabinClass</cabin>
            </segment>
            <segment>
              <airline>AF</airline>
              <flight>2482</flight>
              <duration_minutes>95</duration_minutes>
              <equip>Airbus A318</equip>
              <miles>-1</miles>
              <dt>2010/09/11 18:15</dt>
              <o>CDG</o>
              <at>2010/09/11 19:50</at>
              <d>PRG</d>
              <cabin>$seg.cabinClass</cabin>
            </segment>
          </leg>
         </legs>
      </trip>
                   <trip id="31e02fee0e6ac0a4ae03d8c2ad25b777">
        <price url="/book/flight?code=75782e5c18.OOb65z.0.F.ORBITZAIR,ORBITZAIR.391529.31e02fee0e6ac0a4ae03d8c2ad25b777&amp;_sid_=6-gKYBzyWfsSJglwjIEMiJ" currency="USD">3915</price>
        <legs>
           <leg>
            <airline>AF</airline>
            <airline_display>Air France</airline_display>
            <orig>NRT</orig>
            <dest>PRG</dest>
            <depart>2010/09/10 10:30</depart>
            <arrive>2010/09/11 08:50</arrive>
            <stops>1</stops>
            <duration_minutes>-1</duration_minutes>
            <cabin>$sleg.cabinClass</cabin>
            <segment>
              <airline>AF</airline>
              <flight>279</flight>
              <duration_minutes>755</duration_minutes>
              <equip>Airbus A340-300</equip>
              <miles>-1</miles>
              <dt>2010/09/10 10:30</dt>
              <o>NRT</o>
              <at>2010/09/10 16:05</at>
              <d>CDG</d>
              <cabin>$seg.cabinClass</cabin>
            </segment>
            <segment>
              <airline>AF</airline>
              <flight>1382</flight>
              <duration_minutes>95</duration_minutes>
              <equip>Airbus A320-100/200</equip>
              <miles>-1</miles>
              <dt>2010/09/11 07:15</dt>
              <o>CDG</o>
              <at>2010/09/11 08:50</at>
              <d>PRG</d>
              <cabin>$seg.cabinClass</cabin>
            </segment>
          </leg>
         </legs>
      </trip>
                   <trip id="b1b094093ee076534cd5c4ebc3e17fd3">
        <price url="/book/flight?code=855e7cf864.OOb65z.0.F.CHEAPTICKETS,CHEAPTICKETS.393080.b1b094093ee076534cd5c4ebc3e17fd3&amp;_sid_=6-gKYBzyWfsSJglwjIEMiJ" currency="USD">3931</price>
        <legs>
           <leg>
            <airline>MULT</airline>
            <airline_display>Multiple Airlines</airline_display>
            <orig>NRT</orig>
            <dest>PRG</dest>
            <depart>2010/09/10 09:00</depart>
            <arrive>2010/09/10 22:30</arrive>
            <stops>2</stops>
            <duration_minutes>-1</duration_minutes>
            <cabin>$sleg.cabinClass</cabin>
            <segment>
              <airline>NH</airline>
              <flight>5709</flight>
              <duration_minutes>235</duration_minutes>
              <equip>Boeing 757</equip>
              <miles>-1</miles>
              <dt>2010/09/10 09:00</dt>
              <o>NRT</o>
              <at>2010/09/10 11:55</at>
              <d>PEK</d>
              <cabin>$seg.cabinClass</cabin>
            </segment>
            <segment>
              <airline>CA</airline>
              <flight>933</flight>
              <duration_minutes>665</duration_minutes>
              <equip>Airbus A340</equip>
              <miles>-1</miles>
              <dt>2010/09/10 13:35</dt>
              <o>PEK</o>
              <at>2010/09/10 18:40</at>
              <d>CDG</d>
              <cabin>$seg.cabinClass</cabin>
            </segment>
            <segment>
              <airline>OK</airline>
              <flight>763</flight>
              <duration_minutes>105</duration_minutes>
              <equip>Airbus A320-100/200</equip>
              <miles>-1</miles>
              <dt>2010/09/10 20:45</dt>
              <o>CDG</o>
              <at>2010/09/10 22:30</at>
              <d>PRG</d>
              <cabin>$seg.cabinClass</cabin>
            </segment>
          </leg>
         </legs>
      </trip>
                   <trip id="14db0df803964c293f87197a24706f25">
        <price url="/book/flight?code=2352bf9cda.OOb65z.0.F.ORBITZAIR,ORBITZAIR.403729.14db0df803964c293f87197a24706f25&amp;_sid_=6-gKYBzyWfsSJglwjIEMiJ" currency="USD">4037</price>
        <legs>
           <leg>
            <airline>MULT</airline>
            <airline_display>Multiple Airlines</airline_display>
            <orig>NRT</orig>
            <dest>PRG</dest>
            <depart>2010/09/10 18:10</depart>
            <arrive>2010/09/11 08:40</arrive>
            <stops>2</stops>
            <duration_minutes>-1</duration_minutes>
            <cabin>$sleg.cabinClass</cabin>
            <segment>
              <airline>NH</airline>
              <flight>921</flight>
              <duration_minutes>185</duration_minutes>
              <equip>Boeing 777</equip>
              <miles>-1</miles>
              <dt>2010/09/10 18:10</dt>
              <o>NRT</o>
              <at>2010/09/10 20:15</at>
              <d>PVG</d>
              <cabin>$seg.cabinClass</cabin>
            </segment>
            <segment>
              <airline>LH</airline>
              <flight>727</flight>
              <duration_minutes>715</duration_minutes>
              <equip>Airbus A340-600</equip>
              <miles>-1</miles>
              <dt>2010/09/10 23:40</dt>
              <o>PVG</o>
              <at>2010/09/11 05:35</at>
              <d>MUC</d>
              <cabin>$seg.cabinClass</cabin>
            </segment>
            <segment>
              <airline>LH</airline>
              <flight>3268</flight>
              <duration_minutes>60</duration_minutes>
              <equip>De Havilland Canada DHC-8-400 Dash 8Q</equip>
              <miles>-1</miles>
              <dt>2010/09/11 07:40</dt>
              <o>MUC</o>
              <at>2010/09/11 08:40</at>
              <d>PRG</d>
              <cabin>$seg.cabinClass</cabin>
            </segment>
          </leg>
         </legs>
      </trip>
                   <trip id="2ce1e844a831fda76cffa1dbc34d6b55">
        <price url="/book/flight?code=3988d8bd9a.OOb65z.0.F.CHEAPTICKETS,CHEAPTICKETS.403879.2ce1e844a831fda76cffa1dbc34d6b55&amp;_sid_=6-gKYBzyWfsSJglwjIEMiJ" currency="USD">4039</price>
        <legs>
           <leg>
            <airline>MULT</airline>
            <airline_display>Multiple Airlines</airline_display>
            <orig>NRT</orig>
            <dest>PRG</dest>
            <depart>2010/09/10 08:55</depart>
            <arrive>2010/09/10 23:20</arrive>
            <stops>2</stops>
            <duration_minutes>-1</duration_minutes>
            <cabin>$sleg.cabinClass</cabin>
            <segment>
              <airline>NH</airline>
              <flight>5711</flight>
              <duration_minutes>200</duration_minutes>
              <equip>Boeing 737-800</equip>
              <miles>-1</miles>
              <dt>2010/09/10 08:55</dt>
              <o>NRT</o>
              <at>2010/09/10 11:15</at>
              <d>PVG</d>
              <cabin>$seg.cabinClass</cabin>
            </segment>
            <segment>
              <airline>LH</airline>
              <flight>729</flight>
              <duration_minutes>730</duration_minutes>
              <equip>Boeing 747-400</equip>
              <miles>-1</miles>
              <dt>2010/09/10 13:15</dt>
              <o>PVG</o>
              <at>2010/09/10 19:25</at>
              <d>FRA</d>
              <cabin>$seg.cabinClass</cabin>
            </segment>
            <segment>
              <airline>LH</airline>
              <flight>3266</flight>
              <duration_minutes>60</duration_minutes>
              <equip>Airbus A321-100/200</equip>
              <miles>252</miles>
              <dt>2010/09/10 22:20</dt>
              <o>FRA</o>
              <at>2010/09/10 23:20</at>
              <d>PRG</d>
              <cabin>$seg.cabinClass</cabin>
            </segment>
          </leg>
         </legs>
      </trip>
                   <trip id="041f313a66f02aadf81dcecbc0253410">
        <price url="/book/flight?code=044fe7b850.OOb65z.0.F.CHEAPTICKETS,CHEAPTICKETS.404169.041f313a66f02aadf81dcecbc0253410&amp;_sid_=6-gKYBzyWfsSJglwjIEMiJ" currency="USD">4042</price>
        <legs>
           <leg>
            <airline>MULT</airline>
            <airline_display>Multiple Airlines</airline_display>
            <orig>NRT</orig>
            <dest>PRG</dest>
            <depart>2010/09/10 18:10</depart>
            <arrive>2010/09/11 08:40</arrive>
            <stops>2</stops>
            <duration_minutes>-1</duration_minutes>
            <cabin>$sleg.cabinClass</cabin>
            <segment>
              <airline>CA</airline>
              <flight>6660</flight>
              <duration_minutes>185</duration_minutes>
              <equip>Boeing 777</equip>
              <miles>-1</miles>
              <dt>2010/09/10 18:10</dt>
              <o>NRT</o>
              <at>2010/09/10 20:15</at>
              <d>PVG</d>
              <cabin>$seg.cabinClass</cabin>
            </segment>
            <segment>
              <airline>LH</airline>
              <flight>727</flight>
              <duration_minutes>715</duration_minutes>
              <equip>Airbus A340-600</equip>
              <miles>-1</miles>
              <dt>2010/09/10 23:40</dt>
              <o>PVG</o>
              <at>2010/09/11 05:35</at>
              <d>MUC</d>
              <cabin>$seg.cabinClass</cabin>
            </segment>
            <segment>
              <airline>LH</airline>
              <flight>3268</flight>
              <duration_minutes>60</duration_minutes>
              <equip>De Havilland Canada DHC-8-400 Dash 8Q</equip>
              <miles>-1</miles>
              <dt>2010/09/11 07:40</dt>
              <o>MUC</o>
              <at>2010/09/11 08:40</at>
              <d>PRG</d>
              <cabin>$seg.cabinClass</cabin>
            </segment>
          </leg>
         </legs>
      </trip>
                   <trip id="48d01f8a55c6d14a2de5aace308edbc7">
        <price url="/book/flight?code=579191f15e.OOb65z.0.F.ORBITZAIR,ORBITZAIR.404319.48d01f8a55c6d14a2de5aace308edbc7&amp;_sid_=6-gKYBzyWfsSJglwjIEMiJ" currency="USD">4043</price>
        <legs>
           <leg>
            <airline>MULT</airline>
            <airline_display>Multiple Airlines</airline_display>
            <orig>NRT</orig>
            <dest>PRG</dest>
            <depart>2010/09/10 08:55</depart>
            <arrive>2010/09/10 23:20</arrive>
            <stops>2</stops>
            <duration_minutes>-1</duration_minutes>
            <cabin>$sleg.cabinClass</cabin>
            <segment>
              <airline>CA</airline>
              <flight>158</flight>
              <duration_minutes>200</duration_minutes>
              <equip>Boeing 737-800</equip>
              <miles>-1</miles>
              <dt>2010/09/10 08:55</dt>
              <o>NRT</o>
              <at>2010/09/10 11:15</at>
              <d>PVG</d>
              <cabin>$seg.cabinClass</cabin>
            </segment>
            <segment>
              <airline>LH</airline>
              <flight>729</flight>
              <duration_minutes>730</duration_minutes>
              <equip>Boeing 747-400</equip>
              <miles>-1</miles>
              <dt>2010/09/10 13:15</dt>
              <o>PVG</o>
              <at>2010/09/10 19:25</at>
              <d>FRA</d>
              <cabin>$seg.cabinClass</cabin>
            </segment>
            <segment>
              <airline>LH</airline>
              <flight>3266</flight>
              <duration_minutes>60</duration_minutes>
              <equip>Airbus A321-100/200</equip>
              <miles>252</miles>
              <dt>2010/09/10 22:20</dt>
              <o>FRA</o>
              <at>2010/09/10 23:20</at>
              <d>PRG</d>
              <cabin>$seg.cabinClass</cabin>
            </segment>
          </leg>
         </legs>
      </trip>
                   <trip id="9255d6947de1581c593043f6c99d3c9e">
        <price url="/book/flight?code=0e913160ec.OOb65z.0.F.CHEAPTICKETS,CHEAPTICKETS.407150.9255d6947de1581c593043f6c99d3c9e&amp;_sid_=6-gKYBzyWfsSJglwjIEMiJ" currency="USD">4072</price>
        <legs>
           <leg>
            <airline>MULT</airline>
            <airline_display>Multiple Airlines</airline_display>
            <orig>NRT</orig>
            <dest>PRG</dest>
            <depart>2010/09/10 09:00</depart>
            <arrive>2010/09/10 21:00</arrive>
            <stops>2</stops>
            <duration_minutes>-1</duration_minutes>
            <cabin>$sleg.cabinClass</cabin>
            <segment>
              <airline>NH</airline>
              <flight>5709</flight>
              <duration_minutes>235</duration_minutes>
              <equip>Boeing 757</equip>
              <miles>-1</miles>
              <dt>2010/09/10 09:00</dt>
              <o>NRT</o>
              <at>2010/09/10 11:55</at>
              <d>PEK</d>
              <cabin>$seg.cabinClass</cabin>
            </segment>
            <segment>
              <airline>CA</airline>
              <flight>6223</flight>
              <duration_minutes>635</duration_minutes>
              <equip>Airbus A340-300</equip>
              <miles>-1</miles>
              <dt>2010/09/10 13:20</dt>
              <o>PEK</o>
              <at>2010/09/10 17:55</at>
              <d>MUC</d>
              <cabin>$seg.cabinClass</cabin>
            </segment>
            <segment>
              <airline>OK</airline>
              <flight>553</flight>
              <duration_minutes>70</duration_minutes>
              <equip>Aerospatiale/Alenia ATR 42-300 / 320</equip>
              <miles>-1</miles>
              <dt>2010/09/10 19:50</dt>
              <o>MUC</o>
              <at>2010/09/10 21:00</at>
              <d>PRG</d>
              <cabin>$seg.cabinClass</cabin>
            </segment>
          </leg>
         </legs>
      </trip>
                   <trip id="7eaae7729f395038039b2ebea1f8340e">
        <price url="/book/flight?code=95e569baec.OOb65z.0.F.ORBITZAIR,ORBITZAIR.412819.7eaae7729f395038039b2ebea1f8340e&amp;_sid_=6-gKYBzyWfsSJglwjIEMiJ" currency="USD">4128</price>
        <legs>
           <leg>
            <airline>MULT</airline>
            <airline_display>Multiple Airlines</airline_display>
            <orig>NRT</orig>
            <dest>PRG</dest>
            <depart>2010/09/10 09:00</depart>
            <arrive>2010/09/10 20:55</arrive>
            <stops>2</stops>
            <duration_minutes>-1</duration_minutes>
            <cabin>$sleg.cabinClass</cabin>
            <segment>
              <airline>NH</airline>
              <flight>5709</flight>
              <duration_minutes>235</duration_minutes>
              <equip>Boeing 757</equip>
              <miles>-1</miles>
              <dt>2010/09/10 09:00</dt>
              <o>NRT</o>
              <at>2010/09/10 11:55</at>
              <d>PEK</d>
              <cabin>$seg.cabinClass</cabin>
            </segment>
            <segment>
              <airline>CZ</airline>
              <flight>345</flight>
              <duration_minutes>615</duration_minutes>
              <equip>Boeing 777-200</equip>
              <miles>-1</miles>
              <dt>2010/09/10 14:20</dt>
              <o>PEK</o>
              <at>2010/09/10 18:35</at>
              <d>AMS</d>
              <cabin>$seg.cabinClass</cabin>
            </segment>
            <segment>
              <airline>KL</airline>
              <flight>3123</flight>
              <duration_minutes>85</duration_minutes>
              <equip>Airbus A320-100/200</equip>
              <miles>-1</miles>
              <dt>2010/09/10 19:30</dt>
              <o>AMS</o>
              <at>2010/09/10 20:55</at>
              <d>PRG</d>
              <cabin>$seg.cabinClass</cabin>
            </segment>
          </leg>
         </legs>
      </trip>
                   <trip id="5a78516f11162ed57c21a13890e72faa">
        <price url="/book/flight?code=a3b8b7b784.OOb65z.0.F.ORBITZAIR,ORBITZAIR.424199.5a78516f11162ed57c21a13890e72faa&amp;_sid_=6-gKYBzyWfsSJglwjIEMiJ" currency="USD">4242</price>
        <legs>
           <leg>
            <airline>MULT</airline>
            <airline_display>Multiple Airlines</airline_display>
            <orig>NRT</orig>
            <dest>PRG</dest>
            <depart>2010/09/10 11:40</depart>
            <arrive>2010/09/10 23:20</arrive>
            <stops>2</stops>
            <duration_minutes>-1</duration_minutes>
            <cabin>$sleg.cabinClass</cabin>
            <segment>
              <airline>SK</airline>
              <flight>984</flight>
              <duration_minutes>685</duration_minutes>
              <equip>Airbus A340-300</equip>
              <miles>-1</miles>
              <dt>2010/09/10 11:40</dt>
              <o>NRT</o>
              <at>2010/09/10 16:05</at>
              <d>CPH</d>
              <cabin>$seg.cabinClass</cabin>
            </segment>
            <segment>
              <airline>NH</airline>
              <flight>6180</flight>
              <duration_minutes>90</duration_minutes>
              <equip>Airbus A320-100/200</equip>
              <miles>-1</miles>
              <dt>2010/09/10 17:00</dt>
              <o>CPH</o>
              <at>2010/09/10 18:30</at>
              <d>FRA</d>
              <cabin>$seg.cabinClass</cabin>
            </segment>
            <segment>
              <airline>NH</airline>
              <flight>6199</flight>
              <duration_minutes>60</duration_minutes>
              <equip>Airbus A321-100/200</equip>
              <miles>252</miles>
              <dt>2010/09/10 22:20</dt>
              <o>FRA</o>
              <at>2010/09/10 23:20</at>
              <d>PRG</d>
              <cabin>$seg.cabinClass</cabin>
            </segment>
          </leg>
         </legs>
      </trip>
                   <trip id="2b3924ac101a4a9b9247f09478749431">
        <price url="/book/flight?code=fdde663c9d.OOb65z.0.F.ORBITZAIR,ORBITZAIR.444329.2b3924ac101a4a9b9247f09478749431&amp;_sid_=6-gKYBzyWfsSJglwjIEMiJ" currency="USD">4443</price>
        <legs>
           <leg>
            <airline>MULT</airline>
            <airline_display>Multiple Airlines</airline_display>
            <orig>NRT</orig>
            <dest>PRG</dest>
            <depart>2010/09/10 09:00</depart>
            <arrive>2010/09/10 20:15</arrive>
            <stops>2</stops>
            <duration_minutes>-1</duration_minutes>
            <cabin>$sleg.cabinClass</cabin>
            <segment>
              <airline>NH</airline>
              <flight>5709</flight>
              <duration_minutes>235</duration_minutes>
              <equip>Boeing 757</equip>
              <miles>-1</miles>
              <dt>2010/09/10 09:00</dt>
              <o>NRT</o>
              <at>2010/09/10 11:55</at>
              <d>PEK</d>
              <cabin>$seg.cabinClass</cabin>
            </segment>
            <segment>
              <airline>LH</airline>
              <flight>723</flight>
              <duration_minutes>635</duration_minutes>
              <equip>Airbus A340-300</equip>
              <miles>-1</miles>
              <dt>2010/09/10 13:20</dt>
              <o>PEK</o>
              <at>2010/09/10 17:55</at>
              <d>MUC</d>
              <cabin>$seg.cabinClass</cabin>
            </segment>
            <segment>
              <airline>LH</airline>
              <flight>3276</flight>
              <duration_minutes>50</duration_minutes>
              <equip>Avro RJ85 Avroliner</equip>
              <miles>164</miles>
              <dt>2010/09/10 19:25</dt>
              <o>MUC</o>
              <at>2010/09/10 20:15</at>
              <d>PRG</d>
              <cabin>$seg.cabinClass</cabin>
            </segment>
          </leg>
         </legs>
      </trip>
                   <trip id="b7398d885cef90fbf47c2b5bbae528b9">
        <price url="/book/flight?code=05594babc9.OOb65z.0.F.ORBITZAIR,ORBITZAIR.444479.b7398d885cef90fbf47c2b5bbae528b9&amp;_sid_=6-gKYBzyWfsSJglwjIEMiJ" currency="USD">4445</price>
        <legs>
           <leg>
            <airline>MULT</airline>
            <airline_display>Multiple Airlines</airline_display>
            <orig>NRT</orig>
            <dest>PRG</dest>
            <depart>2010/09/10 09:00</depart>
            <arrive>2010/09/10 23:20</arrive>
            <stops>2</stops>
            <duration_minutes>-1</duration_minutes>
            <cabin>$sleg.cabinClass</cabin>
            <segment>
              <airline>NH</airline>
              <flight>5709</flight>
              <duration_minutes>235</duration_minutes>
              <equip>Boeing 757</equip>
              <miles>-1</miles>
              <dt>2010/09/10 09:00</dt>
              <o>NRT</o>
              <at>2010/09/10 11:55</at>
              <d>PEK</d>
              <cabin>$seg.cabinClass</cabin>
            </segment>
            <segment>
              <airline>LH</airline>
              <flight>2033</flight>
              <duration_minutes>610</duration_minutes>
              <equip>Boeing 747-400</equip>
              <miles>-1</miles>
              <dt>2010/09/10 14:00</dt>
              <o>PEK</o>
              <at>2010/09/10 18:10</at>
              <d>FRA</d>
              <cabin>$seg.cabinClass</cabin>
            </segment>
            <segment>
              <airline>LH</airline>
              <flight>3266</flight>
              <duration_minutes>60</duration_minutes>
              <equip>Airbus A321-100/200</equip>
              <miles>252</miles>
              <dt>2010/09/10 22:20</dt>
              <o>FRA</o>
              <at>2010/09/10 23:20</at>
              <d>PRG</d>
              <cabin>$seg.cabinClass</cabin>
            </segment>
          </leg>
         </legs>
      </trip>
                   <trip id="80647b747703a6f39cf0147815d1ae6d">
        <price url="/book/flight?code=06770ce27a.OOb65z.0.F.ORBITZAIR,ORBITZAIR.444479.80647b747703a6f39cf0147815d1ae6d&amp;_sid_=6-gKYBzyWfsSJglwjIEMiJ" currency="USD">4445</price>
        <legs>
           <leg>
            <airline>MULT</airline>
            <airline_display>Multiple Airlines</airline_display>
            <orig>NRT</orig>
            <dest>PRG</dest>
            <depart>2010/09/10 19:00</depart>
            <arrive>2010/09/11 09:40</arrive>
            <stops>2</stops>
            <duration_minutes>-1</duration_minutes>
            <cabin>$sleg.cabinClass</cabin>
            <segment>
              <airline>NH</airline>
              <flight>5707</flight>
              <duration_minutes>235</duration_minutes>
              <equip>Boeing 737-800</equip>
              <miles>-1</miles>
              <dt>2010/09/10 19:00</dt>
              <o>NRT</o>
              <at>2010/09/10 21:55</at>
              <d>PEK</d>
              <cabin>$seg.cabinClass</cabin>
            </segment>
            <segment>
              <airline>LH</airline>
              <flight>2035</flight>
              <duration_minutes>620</duration_minutes>
              <equip>Airbus A330</equip>
              <miles>-1</miles>
              <dt>2010/09/11 01:20</dt>
              <o>PEK</o>
              <at>2010/09/11 05:40</at>
              <d>FRA</d>
              <cabin>$seg.cabinClass</cabin>
            </segment>
            <segment>
              <airline>LH</airline>
              <flight>3258</flight>
              <duration_minutes>60</duration_minutes>
              <equip>Boeing 737-300</equip>
              <miles>-1</miles>
              <dt>2010/09/11 08:40</dt>
              <o>FRA</o>
              <at>2010/09/11 09:40</at>
              <d>PRG</d>
              <cabin>$seg.cabinClass</cabin>
            </segment>
          </leg>
         </legs>
      </trip>
                   <trip id="7d4a6763402f3d0b38018e21c39cbfa2">
        <price url="/book/flight?code=18fcc0d374.OOb65z.0.F.CHEAPTICKETS,CHEAPTICKETS.444579.7d4a6763402f3d0b38018e21c39cbfa2&amp;_sid_=6-gKYBzyWfsSJglwjIEMiJ" currency="USD">4446</price>
        <legs>
           <leg>
            <airline>MULT</airline>
            <airline_display>Multiple Airlines</airline_display>
            <orig>NRT</orig>
            <dest>PRG</dest>
            <depart>2010/09/10 18:15</depart>
            <arrive>2010/09/11 09:40</arrive>
            <stops>2</stops>
            <duration_minutes>-1</duration_minutes>
            <cabin>$sleg.cabinClass</cabin>
            <segment>
              <airline>JL</airline>
              <flight>869</flight>
              <duration_minutes>240</duration_minutes>
              <equip>Boeing 767</equip>
              <miles>-1</miles>
              <dt>2010/09/10 18:15</dt>
              <o>NRT</o>
              <at>2010/09/10 21:15</at>
              <d>PEK</d>
              <cabin>$seg.cabinClass</cabin>
            </segment>
            <segment>
              <airline>LH</airline>
              <flight>2035</flight>
              <duration_minutes>620</duration_minutes>
              <equip>Airbus A330</equip>
              <miles>-1</miles>
              <dt>2010/09/11 01:20</dt>
              <o>PEK</o>
              <at>2010/09/11 05:40</at>
              <d>FRA</d>
              <cabin>$seg.cabinClass</cabin>
            </segment>
            <segment>
              <airline>LH</airline>
              <flight>3258</flight>
              <duration_minutes>60</duration_minutes>
              <equip>Boeing 737-300</equip>
              <miles>-1</miles>
              <dt>2010/09/11 08:40</dt>
              <o>FRA</o>
              <at>2010/09/11 09:40</at>
              <d>PRG</d>
              <cabin>$seg.cabinClass</cabin>
            </segment>
          </leg>
         </legs>
      </trip>
                   <trip id="d006d9547fb059520bea2d9b8f6dfb03">
        <price url="/book/flight?code=988a462f14.OOb65z.0.F.ORBITZAIR,ORBITZAIR.444769.d006d9547fb059520bea2d9b8f6dfb03&amp;_sid_=6-gKYBzyWfsSJglwjIEMiJ" currency="USD">4448</price>
        <legs>
           <leg>
            <airline>MULT</airline>
            <airline_display>Multiple Airlines</airline_display>
            <orig>NRT</orig>
            <dest>PRG</dest>
            <depart>2010/09/10 09:00</depart>
            <arrive>2010/09/10 20:15</arrive>
            <stops>2</stops>
            <duration_minutes>-1</duration_minutes>
            <cabin>$sleg.cabinClass</cabin>
            <segment>
              <airline>CA</airline>
              <flight>422</flight>
              <duration_minutes>235</duration_minutes>
              <equip>Boeing 757</equip>
              <miles>-1</miles>
              <dt>2010/09/10 09:00</dt>
              <o>NRT</o>
              <at>2010/09/10 11:55</at>
              <d>PEK</d>
              <cabin>$seg.cabinClass</cabin>
            </segment>
            <segment>
              <airline>LH</airline>
              <flight>723</flight>
              <duration_minutes>635</duration_minutes>
              <equip>Airbus A340-300</equip>
              <miles>-1</miles>
              <dt>2010/09/10 13:20</dt>
              <o>PEK</o>
              <at>2010/09/10 17:55</at>
              <d>MUC</d>
              <cabin>$seg.cabinClass</cabin>
            </segment>
            <segment>
              <airline>LH</airline>
              <flight>3276</flight>
              <duration_minutes>50</duration_minutes>
              <equip>Avro RJ85 Avroliner</equip>
              <miles>164</miles>
              <dt>2010/09/10 19:25</dt>
              <o>MUC</o>
              <at>2010/09/10 20:15</at>
              <d>PRG</d>
              <cabin>$seg.cabinClass</cabin>
            </segment>
          </leg>
         </legs>
      </trip>
                   <trip id="a091e93817639f3831894d454c17f7e1">
        <price url="/book/flight?code=f6ad1069f9.OOb65z.0.F.ORBITZAIR,ORBITZAIR.444919.a091e93817639f3831894d454c17f7e1&amp;_sid_=6-gKYBzyWfsSJglwjIEMiJ" currency="USD">4449</price>
        <legs>
           <leg>
            <airline>MULT</airline>
            <airline_display>Multiple Airlines</airline_display>
            <orig>NRT</orig>
            <dest>PRG</dest>
            <depart>2010/09/10 09:00</depart>
            <arrive>2010/09/10 23:20</arrive>
            <stops>2</stops>
            <duration_minutes>-1</duration_minutes>
            <cabin>$sleg.cabinClass</cabin>
            <segment>
              <airline>CA</airline>
              <flight>422</flight>
              <duration_minutes>235</duration_minutes>
              <equip>Boeing 757</equip>
              <miles>-1</miles>
              <dt>2010/09/10 09:00</dt>
              <o>NRT</o>
              <at>2010/09/10 11:55</at>
              <d>PEK</d>
              <cabin>$seg.cabinClass</cabin>
            </segment>
            <segment>
              <airline>LH</airline>
              <flight>2033</flight>
              <duration_minutes>610</duration_minutes>
              <equip>Boeing 747-400</equip>
              <miles>-1</miles>
              <dt>2010/09/10 14:00</dt>
              <o>PEK</o>
              <at>2010/09/10 18:10</at>
              <d>FRA</d>
              <cabin>$seg.cabinClass</cabin>
            </segment>
            <segment>
              <airline>LH</airline>
              <flight>3266</flight>
              <duration_minutes>60</duration_minutes>
              <equip>Airbus A321-100/200</equip>
              <miles>252</miles>
              <dt>2010/09/10 22:20</dt>
              <o>FRA</o>
              <at>2010/09/10 23:20</at>
              <d>PRG</d>
              <cabin>$seg.cabinClass</cabin>
            </segment>
          </leg>
         </legs>
      </trip>
                   <trip id="a7cdb2daeb1501300596ff8d1bc69a74">
        <price url="/book/flight?code=d3f17ca693.OOb65z.0.F.ORBITZAIR,ORBITZAIR.444919.a7cdb2daeb1501300596ff8d1bc69a74&amp;_sid_=6-gKYBzyWfsSJglwjIEMiJ" currency="USD">4449</price>
        <legs>
           <leg>
            <airline>MULT</airline>
            <airline_display>Multiple Airlines</airline_display>
            <orig>NRT</orig>
            <dest>PRG</dest>
            <depart>2010/09/10 19:00</depart>
            <arrive>2010/09/11 09:40</arrive>
            <stops>2</stops>
            <duration_minutes>-1</duration_minutes>
            <cabin>$sleg.cabinClass</cabin>
            <segment>
              <airline>CA</airline>
              <flight>168</flight>
              <duration_minutes>235</duration_minutes>
              <equip>Boeing 737-800</equip>
              <miles>-1</miles>
              <dt>2010/09/10 19:00</dt>
              <o>NRT</o>
              <at>2010/09/10 21:55</at>
              <d>PEK</d>
              <cabin>$seg.cabinClass</cabin>
            </segment>
            <segment>
              <airline>LH</airline>
              <flight>2035</flight>
              <duration_minutes>620</duration_minutes>
              <equip>Airbus A330</equip>
              <miles>-1</miles>
              <dt>2010/09/11 01:20</dt>
              <o>PEK</o>
              <at>2010/09/11 05:40</at>
              <d>FRA</d>
              <cabin>$seg.cabinClass</cabin>
            </segment>
            <segment>
              <airline>LH</airline>
              <flight>3258</flight>
              <duration_minutes>60</duration_minutes>
              <equip>Boeing 737-300</equip>
              <miles>-1</miles>
              <dt>2010/09/11 08:40</dt>
              <o>FRA</o>
              <at>2010/09/11 09:40</at>
              <d>PRG</d>
              <cabin>$seg.cabinClass</cabin>
            </segment>
          </leg>
         </legs>
      </trip>
                   <trip id="99c035951a51e3c23eebd6da7d67ce9f">
        <price url="/book/flight?code=2e5c2f4db0.OOb65z.0.F.CHEAPTICKETS,CHEAPTICKETS.447980.99c035951a51e3c23eebd6da7d67ce9f&amp;_sid_=6-gKYBzyWfsSJglwjIEMiJ" currency="USD">4480</price>
        <legs>
           <leg>
            <airline>MULT</airline>
            <airline_display>Multiple Airlines</airline_display>
            <orig>NRT</orig>
            <dest>PRG</dest>
            <depart>2010/09/10 11:30</depart>
            <arrive>2010/09/10 23:20</arrive>
            <stops>2</stops>
            <duration_minutes>-1</duration_minutes>
            <cabin>$sleg.cabinClass</cabin>
            <segment>
              <airline>VS</airline>
              <flight>901</flight>
              <duration_minutes>735</duration_minutes>
              <equip>Airbus A340-600</equip>
              <miles>-1</miles>
              <dt>2010/09/10 11:30</dt>
              <o>NRT</o>
              <at>2010/09/10 15:45</at>
              <d>LHR</d>
              <cabin>$seg.cabinClass</cabin>
            </segment>
            <segment>
              <airline>BD</airline>
              <flight>3235</flight>
              <duration_minutes>90</duration_minutes>
              <equip>Airbus A320-100/200</equip>
              <miles>-1</miles>
              <dt>2010/09/10 18:05</dt>
              <o>LHR</o>
              <at>2010/09/10 20:35</at>
              <d>FRA</d>
              <cabin>$seg.cabinClass</cabin>
            </segment>
            <segment>
              <airline>BD</airline>
              <flight>2996</flight>
              <duration_minutes>60</duration_minutes>
              <equip>Airbus A321-100/200</equip>
              <miles>-1</miles>
              <dt>2010/09/10 22:20</dt>
              <o>FRA</o>
              <at>2010/09/10 23:20</at>
              <d>PRG</d>
              <cabin>$seg.cabinClass</cabin>
            </segment>
          </leg>
         </legs>
      </trip>
                   <trip id="d2ea548d00c5c0d7b5f74576fb440e06">
        <price url="/book/flight?code=d98fa8d6e5.OOb65z.0.F.CX,ITA.464280.d2ea548d00c5c0d7b5f74576fb440e06&amp;_sid_=6-gKYBzyWfsSJglwjIEMiJ" currency="USD">4643</price>
        <legs>
           <leg>
            <airline>CX</airline>
            <airline_display>Cathay Pacific</airline_display>
            <orig>NRT</orig>
            <dest>PRG</dest>
            <depart>2010/09/10 18:30</depart>
            <arrive>2010/09/11 10:55</arrive>
            <stops>2</stops>
            <duration_minutes>-1</duration_minutes>
            <cabin>$sleg.cabinClass</cabin>
            <segment>
              <airline>CX</airline>
              <flight>505</flight>
              <duration_minutes>280</duration_minutes>
              <equip>Airbus A330</equip>
              <miles>1840</miles>
              <dt>2010/09/10 18:30</dt>
              <o>NRT</o>
              <at>2010/09/10 22:10</at>
              <d>HKG</d>
              <cabin>$seg.cabinClass</cabin>
            </segment>
            <segment>
              <airline>CX</airline>
              <flight>251</flight>
              <duration_minutes>765</duration_minutes>
              <equip>Boeing 747-400</equip>
              <miles>5981</miles>
              <dt>2010/09/10 23:55</dt>
              <o>HKG</o>
              <at>2010/09/11 05:40</at>
              <d>LHR</d>
              <cabin>$seg.cabinClass</cabin>
            </segment>
            <segment>
              <airline>CX</airline>
              <flight>7121</flight>
              <duration_minutes>120</duration_minutes>
              <equip>Airbus A320-100/200</equip>
              <miles>648</miles>
              <dt>2010/09/11 07:55</dt>
              <o>LHR</o>
              <at>2010/09/11 10:55</at>
              <d>PRG</d>
              <cabin>$seg.cabinClass</cabin>
            </segment>
          </leg>
         </legs>
      </trip>
                   <trip id="f2ee5561b40fee2229fa8f2ee79ec297">
        <price url="/book/flight?code=d93a9bd422.OOb65z.0.F.CX,ITA.464280.f2ee5561b40fee2229fa8f2ee79ec297&amp;_sid_=6-gKYBzyWfsSJglwjIEMiJ" currency="USD">4643</price>
        <legs>
           <leg>
            <airline>CX</airline>
            <airline_display>Cathay Pacific</airline_display>
            <orig>NRT</orig>
            <dest>PRG</dest>
            <depart>2010/09/10 17:00</depart>
            <arrive>2010/09/11 10:55</arrive>
            <stops>2</stops>
            <duration_minutes>-1</duration_minutes>
            <cabin>$sleg.cabinClass</cabin>
            <segment>
              <airline>CX</airline>
              <flight>521</flight>
              <duration_minutes>280</duration_minutes>
              <equip>Airbus A330</equip>
              <miles>1840</miles>
              <dt>2010/09/10 17:00</dt>
              <o>NRT</o>
              <at>2010/09/10 20:40</at>
              <d>HKG</d>
              <cabin>$seg.cabinClass</cabin>
            </segment>
            <segment>
              <airline>CX</airline>
              <flight>251</flight>
              <duration_minutes>765</duration_minutes>
              <equip>Boeing 747-400</equip>
              <miles>5981</miles>
              <dt>2010/09/10 23:55</dt>
              <o>HKG</o>
              <at>2010/09/11 05:40</at>
              <d>LHR</d>
              <cabin>$seg.cabinClass</cabin>
            </segment>
            <segment>
              <airline>CX</airline>
              <flight>7121</flight>
              <duration_minutes>120</duration_minutes>
              <equip>Airbus A320-100/200</equip>
              <miles>648</miles>
              <dt>2010/09/11 07:55</dt>
              <o>LHR</o>
              <at>2010/09/11 10:55</at>
              <d>PRG</d>
              <cabin>$seg.cabinClass</cabin>
            </segment>
          </leg>
         </legs>
      </trip>
                   <trip id="c4b36dd6c910d3356148c0e47750c16c">
        <price url="/book/flight?code=3f1f338511.OOb65z.0.F.CX,ITA.464280.c4b36dd6c910d3356148c0e47750c16c&amp;_sid_=6-gKYBzyWfsSJglwjIEMiJ" currency="USD">4643</price>
        <legs>
           <leg>
            <airline>CX</airline>
            <airline_display>Cathay Pacific</airline_display>
            <orig>NRT</orig>
            <dest>PRG</dest>
            <depart>2010/09/10 15:55</depart>
            <arrive>2010/09/11 10:55</arrive>
            <stops>2</stops>
            <duration_minutes>-1</duration_minutes>
            <cabin>$sleg.cabinClass</cabin>
            <segment>
              <airline>CX</airline>
              <flight>549</flight>
              <duration_minutes>280</duration_minutes>
              <equip>Airbus A330</equip>
              <miles>1840</miles>
              <dt>2010/09/10 15:55</dt>
              <o>NRT</o>
              <at>2010/09/10 19:35</at>
              <d>HKG</d>
              <cabin>$seg.cabinClass</cabin>
            </segment>
            <segment>
              <airline>CX</airline>
              <flight>251</flight>
              <duration_minutes>765</duration_minutes>
              <equip>Boeing 747-400</equip>
              <miles>5981</miles>
              <dt>2010/09/10 23:55</dt>
              <o>HKG</o>
              <at>2010/09/11 05:40</at>
              <d>LHR</d>
              <cabin>$seg.cabinClass</cabin>
            </segment>
            <segment>
              <airline>CX</airline>
              <flight>7121</flight>
              <duration_minutes>120</duration_minutes>
              <equip>Airbus A320-100/200</equip>
              <miles>648</miles>
              <dt>2010/09/11 07:55</dt>
              <o>LHR</o>
              <at>2010/09/11 10:55</at>
              <d>PRG</d>
              <cabin>$seg.cabinClass</cabin>
            </segment>
          </leg>
         </legs>
      </trip>
                   <trip id="5f0a1da3ad984a186b9fd654a42efb18">
        <price url="/book/flight?code=5830001a2f.OOb65z.0.F.CX,ITA.464280.5f0a1da3ad984a186b9fd654a42efb18&amp;_sid_=6-gKYBzyWfsSJglwjIEMiJ" currency="USD">4643</price>
        <legs>
           <leg>
            <airline>CX</airline>
            <airline_display>Cathay Pacific</airline_display>
            <orig>NRT</orig>
            <dest>PRG</dest>
            <depart>2010/09/10 15:55</depart>
            <arrive>2010/09/11 10:55</arrive>
            <stops>3</stops>
            <duration_minutes>-1</duration_minutes>
            <cabin>$sleg.cabinClass</cabin>
            <segment>
              <airline>CX</airline>
              <flight>451</flight>
              <duration_minutes>215</duration_minutes>
              <equip>Airbus A330</equip>
              <miles>1355</miles>
              <dt>2010/09/10 15:55</dt>
              <o>NRT</o>
              <at>2010/09/10 18:30</at>
              <d>TPE</d>
              <cabin>$seg.cabinClass</cabin>
            </segment>
            <segment>
              <airline>CX</airline>
              <flight>451</flight>
              <duration_minutes>100</duration_minutes>
              <equip>Airbus A330</equip>
              <miles>500</miles>
              <dt>2010/09/10 19:35</dt>
              <o>TPE</o>
              <at>2010/09/10 21:15</at>
              <d>HKG</d>
              <cabin>$seg.cabinClass</cabin>
            </segment>
            <segment>
              <airline>CX</airline>
              <flight>251</flight>
              <duration_minutes>765</duration_minutes>
              <equip>Boeing 747-400</equip>
              <miles>5981</miles>
              <dt>2010/09/10 23:55</dt>
              <o>HKG</o>
              <at>2010/09/11 05:40</at>
              <d>LHR</d>
              <cabin>$seg.cabinClass</cabin>
            </segment>
            <segment>
              <airline>CX</airline>
              <flight>7121</flight>
              <duration_minutes>120</duration_minutes>
              <equip>Airbus A320-100/200</equip>
              <miles>648</miles>
              <dt>2010/09/11 07:55</dt>
              <o>LHR</o>
              <at>2010/09/11 10:55</at>
              <d>PRG</d>
              <cabin>$seg.cabinClass</cabin>
            </segment>
          </leg>
         </legs>
      </trip>
                   <trip id="c7bec55e8e9493a652f852a7b60e17db">
        <price url="/book/flight?code=c7cdbc8121.OOb65z.0.F.CX,ITA.465820.c7bec55e8e9493a652f852a7b60e17db&amp;_sid_=6-gKYBzyWfsSJglwjIEMiJ" currency="USD">4658</price>
        <legs>
           <leg>
            <airline>CX</airline>
            <airline_display>Cathay Pacific</airline_display>
            <orig>NRT</orig>
            <dest>PRG</dest>
            <depart>2010/09/10 18:30</depart>
            <arrive>2010/09/11 10:55</arrive>
            <stops>2</stops>
            <duration_minutes>-1</duration_minutes>
            <cabin>$sleg.cabinClass</cabin>
            <segment>
              <airline>CX</airline>
              <flight>505</flight>
              <duration_minutes>280</duration_minutes>
              <equip>Airbus A330</equip>
              <miles>1840</miles>
              <dt>2010/09/10 18:30</dt>
              <o>NRT</o>
              <at>2010/09/10 22:10</at>
              <d>HKG</d>
              <cabin>$seg.cabinClass</cabin>
            </segment>
            <segment>
              <airline>CX</airline>
              <flight>255</flight>
              <duration_minutes>765</duration_minutes>
              <equip>Boeing 747-400</equip>
              <miles>5981</miles>
              <dt>2010/09/11 00:35</dt>
              <o>HKG</o>
              <at>2010/09/11 06:20</at>
              <d>LHR</d>
              <cabin>$seg.cabinClass</cabin>
            </segment>
            <segment>
              <airline>CX</airline>
              <flight>7121</flight>
              <duration_minutes>120</duration_minutes>
              <equip>Airbus A320-100/200</equip>
              <miles>648</miles>
              <dt>2010/09/11 07:55</dt>
              <o>LHR</o>
              <at>2010/09/11 10:55</at>
              <d>PRG</d>
              <cabin>$seg.cabinClass</cabin>
            </segment>
          </leg>
         </legs>
      </trip>
                   <trip id="886ec3254b337f9f01a13518cf977d31">
        <price url="/book/flight?code=df4db413ea.OOb65z.0.F.CX,ITA.465820.886ec3254b337f9f01a13518cf977d31&amp;_sid_=6-gKYBzyWfsSJglwjIEMiJ" currency="USD">4658</price>
        <legs>
           <leg>
            <airline>CX</airline>
            <airline_display>Cathay Pacific</airline_display>
            <orig>NRT</orig>
            <dest>PRG</dest>
            <depart>2010/09/10 17:00</depart>
            <arrive>2010/09/11 10:55</arrive>
            <stops>2</stops>
            <duration_minutes>-1</duration_minutes>
            <cabin>$sleg.cabinClass</cabin>
            <segment>
              <airline>CX</airline>
              <flight>521</flight>
              <duration_minutes>280</duration_minutes>
              <equip>Airbus A330</equip>
              <miles>1840</miles>
              <dt>2010/09/10 17:00</dt>
              <o>NRT</o>
              <at>2010/09/10 20:40</at>
              <d>HKG</d>
              <cabin>$seg.cabinClass</cabin>
            </segment>
            <segment>
              <airline>CX</airline>
              <flight>255</flight>
              <duration_minutes>765</duration_minutes>
              <equip>Boeing 747-400</equip>
              <miles>5981</miles>
              <dt>2010/09/11 00:35</dt>
              <o>HKG</o>
              <at>2010/09/11 06:20</at>
              <d>LHR</d>
              <cabin>$seg.cabinClass</cabin>
            </segment>
            <segment>
              <airline>CX</airline>
              <flight>7121</flight>
              <duration_minutes>120</duration_minutes>
              <equip>Airbus A320-100/200</equip>
              <miles>648</miles>
              <dt>2010/09/11 07:55</dt>
              <o>LHR</o>
              <at>2010/09/11 10:55</at>
              <d>PRG</d>
              <cabin>$seg.cabinClass</cabin>
            </segment>
          </leg>
         </legs>
      </trip>
                   <trip id="02b60a46d8609da923f20538f513ad88">
        <price url="/book/flight?code=2a980669a4.OOb65z.0.F.CX,ITA.465820.02b60a46d8609da923f20538f513ad88&amp;_sid_=6-gKYBzyWfsSJglwjIEMiJ" currency="USD">4658</price>
        <legs>
           <leg>
            <airline>CX</airline>
            <airline_display>Cathay Pacific</airline_display>
            <orig>NRT</orig>
            <dest>PRG</dest>
            <depart>2010/09/10 15:55</depart>
            <arrive>2010/09/11 10:55</arrive>
            <stops>2</stops>
            <duration_minutes>-1</duration_minutes>
            <cabin>$sleg.cabinClass</cabin>
            <segment>
              <airline>CX</airline>
              <flight>549</flight>
              <duration_minutes>280</duration_minutes>
              <equip>Airbus A330</equip>
              <miles>1840</miles>
              <dt>2010/09/10 15:55</dt>
              <o>NRT</o>
              <at>2010/09/10 19:35</at>
              <d>HKG</d>
              <cabin>$seg.cabinClass</cabin>
            </segment>
            <segment>
              <airline>CX</airline>
              <flight>255</flight>
              <duration_minutes>765</duration_minutes>
              <equip>Boeing 747-400</equip>
              <miles>5981</miles>
              <dt>2010/09/11 00:35</dt>
              <o>HKG</o>
              <at>2010/09/11 06:20</at>
              <d>LHR</d>
              <cabin>$seg.cabinClass</cabin>
            </segment>
            <segment>
              <airline>CX</airline>
              <flight>7121</flight>
              <duration_minutes>120</duration_minutes>
              <equip>Airbus A320-100/200</equip>
              <miles>648</miles>
              <dt>2010/09/11 07:55</dt>
              <o>LHR</o>
              <at>2010/09/11 10:55</at>
              <d>PRG</d>
              <cabin>$seg.cabinClass</cabin>
            </segment>
          </leg>
         </legs>
      </trip>
                   <trip id="07bb6699ea07898465ba5a5a83b6be8e">
        <price url="/book/flight?code=7fc2c6dc9d.OOb65z.0.F.CX,ITA.465820.07bb6699ea07898465ba5a5a83b6be8e&amp;_sid_=6-gKYBzyWfsSJglwjIEMiJ" currency="USD">4658</price>
        <legs>
           <leg>
            <airline>CX</airline>
            <airline_display>Cathay Pacific</airline_display>
            <orig>NRT</orig>
            <dest>PRG</dest>
            <depart>2010/09/10 15:55</depart>
            <arrive>2010/09/11 10:55</arrive>
            <stops>3</stops>
            <duration_minutes>-1</duration_minutes>
            <cabin>$sleg.cabinClass</cabin>
            <segment>
              <airline>CX</airline>
              <flight>451</flight>
              <duration_minutes>215</duration_minutes>
              <equip>Airbus A330</equip>
              <miles>1355</miles>
              <dt>2010/09/10 15:55</dt>
              <o>NRT</o>
              <at>2010/09/10 18:30</at>
              <d>TPE</d>
              <cabin>$seg.cabinClass</cabin>
            </segment>
            <segment>
              <airline>CX</airline>
              <flight>451</flight>
              <duration_minutes>100</duration_minutes>
              <equip>Airbus A330</equip>
              <miles>500</miles>
              <dt>2010/09/10 19:35</dt>
              <o>TPE</o>
              <at>2010/09/10 21:15</at>
              <d>HKG</d>
              <cabin>$seg.cabinClass</cabin>
            </segment>
            <segment>
              <airline>CX</airline>
              <flight>255</flight>
              <duration_minutes>765</duration_minutes>
              <equip>Boeing 747-400</equip>
              <miles>5981</miles>
              <dt>2010/09/11 00:35</dt>
              <o>HKG</o>
              <at>2010/09/11 06:20</at>
              <d>LHR</d>
              <cabin>$seg.cabinClass</cabin>
            </segment>
            <segment>
              <airline>CX</airline>
              <flight>7121</flight>
              <duration_minutes>120</duration_minutes>
              <equip>Airbus A320-100/200</equip>
              <miles>648</miles>
              <dt>2010/09/11 07:55</dt>
              <o>LHR</o>
              <at>2010/09/11 10:55</at>
              <d>PRG</d>
              <cabin>$seg.cabinClass</cabin>
            </segment>
          </leg>
         </legs>
      </trip>
                   <trip id="849ce45c642f8b8db520bfdad83934bd">
        <price url="/book/flight?code=126d5ee930.OOb65z.0.F.CHEAPTICKETS,CHEAPTICKETS.478330.849ce45c642f8b8db520bfdad83934bd&amp;_sid_=6-gKYBzyWfsSJglwjIEMiJ" currency="USD">4783</price>
        <legs>
           <leg>
            <airline>MULT</airline>
            <airline_display>Multiple Airlines</airline_display>
            <orig>NRT</orig>
            <dest>PRG</dest>
            <depart>2010/09/10 09:00</depart>
            <arrive>2010/09/10 23:20</arrive>
            <stops>2</stops>
            <duration_minutes>-1</duration_minutes>
            <cabin>$sleg.cabinClass</cabin>
            <segment>
              <airline>OZ</airline>
              <flight>107</flight>
              <duration_minutes>155</duration_minutes>
              <equip>Boeing 777</equip>
              <miles>-1</miles>
              <dt>2010/09/10 09:00</dt>
              <o>NRT</o>
              <at>2010/09/10 11:35</at>
              <d>ICN</d>
              <cabin>$seg.cabinClass</cabin>
            </segment>
            <segment>
              <airline>OZ</airline>
              <flight>541</flight>
              <duration_minutes>690</duration_minutes>
              <equip>Boeing 777</equip>
              <miles>-1</miles>
              <dt>2010/09/10 12:30</dt>
              <o>ICN</o>
              <at>2010/09/10 17:00</at>
              <d>FRA</d>
              <cabin>$seg.cabinClass</cabin>
            </segment>
            <segment>
              <airline>LH</airline>
              <flight>3266</flight>
              <duration_minutes>60</duration_minutes>
              <equip>Airbus A321-100/200</equip>
              <miles>252</miles>
              <dt>2010/09/10 22:20</dt>
              <o>FRA</o>
              <at>2010/09/10 23:20</at>
              <d>PRG</d>
              <cabin>$seg.cabinClass</cabin>
            </segment>
          </leg>
         </legs>
      </trip>
                   <trip id="4c10c947ea9511bb3d8243c4ed6720bc">
        <price url="/book/flight?code=af5146d922.OOb65z.0.F.ORBITZAIR,ORBITZAIR.479759.4c10c947ea9511bb3d8243c4ed6720bc&amp;_sid_=6-gKYBzyWfsSJglwjIEMiJ" currency="USD">4798</price>
        <legs>
           <leg>
            <airline>MULT</airline>
            <airline_display>Multiple Airlines</airline_display>
            <orig>NRT</orig>
            <dest>PRG</dest>
            <depart>2010/09/10 09:00</depart>
            <arrive>2010/09/10 21:00</arrive>
            <stops>2</stops>
            <duration_minutes>-1</duration_minutes>
            <cabin>$sleg.cabinClass</cabin>
            <segment>
              <airline>NH</airline>
              <flight>5709</flight>
              <duration_minutes>235</duration_minutes>
              <equip>Boeing 757</equip>
              <miles>-1</miles>
              <dt>2010/09/10 09:00</dt>
              <o>NRT</o>
              <at>2010/09/10 11:55</at>
              <d>PEK</d>
              <cabin>$seg.cabinClass</cabin>
            </segment>
            <segment>
              <airline>LH</airline>
              <flight>723</flight>
              <duration_minutes>635</duration_minutes>
              <equip>Airbus A340-300</equip>
              <miles>-1</miles>
              <dt>2010/09/10 13:20</dt>
              <o>PEK</o>
              <at>2010/09/10 17:55</at>
              <d>MUC</d>
              <cabin>$seg.cabinClass</cabin>
            </segment>
            <segment>
              <airline>OK</airline>
              <flight>553</flight>
              <duration_minutes>70</duration_minutes>
              <equip>Aerospatiale/Alenia ATR 42-300 / 320</equip>
              <miles>-1</miles>
              <dt>2010/09/10 19:50</dt>
              <o>MUC</o>
              <at>2010/09/10 21:00</at>
              <d>PRG</d>
              <cabin>$seg.cabinClass</cabin>
            </segment>
          </leg>
         </legs>
      </trip>
                   <trip id="50771896bb183bffb3166df01fef64d6">
        <price url="/book/flight?code=541844ff81.OOb65z.0.F.DL,ITA.522160.50771896bb183bffb3166df01fef64d6&amp;_sid_=6-gKYBzyWfsSJglwjIEMiJ" currency="USD">5222</price>
        <legs>
           <leg>
            <airline>DL</airline>
            <airline_display>Delta</airline_display>
            <orig>NRT</orig>
            <dest>PRG</dest>
            <depart>2010/09/10 16:10</depart>
            <arrive>2010/09/11 10:50</arrive>
            <stops>2</stops>
            <duration_minutes>-1</duration_minutes>
            <cabin>$sleg.cabinClass</cabin>
            <segment>
              <airline>DL</airline>
              <flight>296</flight>
              <duration_minutes>550</duration_minutes>
              <equip>Airbus A330-300</equip>
              <miles>4755</miles>
              <dt>2010/09/10 16:10</dt>
              <o>NRT</o>
              <at>2010/09/10 09:20</at>
              <d>SEA</d>
              <cabin>$seg.cabinClass</cabin>
            </segment>
            <segment>
              <airline>DL</airline>
              <flight>232</flight>
              <duration_minutes>590</duration_minutes>
              <equip>Airbus A330-300</equip>
              <miles>4869</miles>
              <dt>2010/09/10 12:45</dt>
              <o>SEA</o>
              <at>2010/09/11 07:35</at>
              <d>AMS</d>
              <cabin>$seg.cabinClass</cabin>
            </segment>
            <segment>
              <airline>DL</airline>
              <flight>8731</flight>
              <duration_minutes>85</duration_minutes>
              <equip>Airbus A320-100/200</equip>
              <miles>437</miles>
              <dt>2010/09/11 09:25</dt>
              <o>AMS</o>
              <at>2010/09/11 10:50</at>
              <d>PRG</d>
              <cabin>$seg.cabinClass</cabin>
            </segment>
          </leg>
         </legs>
      </trip>
                   <trip id="e5d3dc0a47b5c5048af4e502379c9028">
        <price url="/book/flight?code=a3b8b5f62c.OOb65z.0.F.ORBITZAIR,ORBITZAIR.535319.e5d3dc0a47b5c5048af4e502379c9028&amp;_sid_=6-gKYBzyWfsSJglwjIEMiJ" currency="USD">5353</price>
        <legs>
           <leg>
            <airline>MULT</airline>
            <airline_display>Multiple Airlines</airline_display>
            <orig>NRT</orig>
            <dest>PRG</dest>
            <depart>2010/09/10 21:40</depart>
            <arrive>2010/09/11 14:50</arrive>
            <stops>1</stops>
            <duration_minutes>-1</duration_minutes>
            <cabin>$sleg.cabinClass</cabin>
            <segment>
              <airline>JL</airline>
              <flight>5095</flight>
              <duration_minutes>650</duration_minutes>
              <equip>Boeing 777-300ER</equip>
              <miles>-1</miles>
              <dt>2010/09/10 21:40</dt>
              <o>NRT</o>
              <at>2010/09/11 03:30</at>
              <d>DXB</d>
              <cabin>$seg.cabinClass</cabin>
            </segment>
            <segment>
              <airline>EK</airline>
              <flight>139</flight>
              <duration_minutes>380</duration_minutes>
              <equip>Airbus A330-200</equip>
              <miles>2771</miles>
              <dt>2010/09/11 10:30</dt>
              <o>DXB</o>
              <at>2010/09/11 14:50</at>
              <d>PRG</d>
              <cabin>$seg.cabinClass</cabin>
            </segment>
          </leg>
         </legs>
      </trip>
                   <trip id="dae071e6aafc02f387749ddb0c3e70d7">
        <price url="/book/flight?code=b514fe5f19.OOb65z.0.F.CHEAPTICKETS,CHEAPTICKETS.555240.dae071e6aafc02f387749ddb0c3e70d7&amp;_sid_=6-gKYBzyWfsSJglwjIEMiJ" currency="USD">5552</price>
        <legs>
           <leg>
            <airline>MULT</airline>
            <airline_display>Multiple Airlines</airline_display>
            <orig>NRT</orig>
            <dest>PRG</dest>
            <depart>2010/09/10 08:55</depart>
            <arrive>2010/09/10 23:20</arrive>
            <stops>2</stops>
            <duration_minutes>-1</duration_minutes>
            <cabin>$sleg.cabinClass</cabin>
            <segment>
              <airline>CA</airline>
              <flight>158</flight>
              <duration_minutes>200</duration_minutes>
              <equip>Boeing 737-800</equip>
              <miles>-1</miles>
              <dt>2010/09/10 08:55</dt>
              <o>NRT</o>
              <at>2010/09/10 11:15</at>
              <d>PVG</d>
              <cabin>$seg.cabinClass</cabin>
            </segment>
            <segment>
              <airline>CA</airline>
              <flight>6229</flight>
              <duration_minutes>730</duration_minutes>
              <equip>Boeing 747-400</equip>
              <miles>-1</miles>
              <dt>2010/09/10 13:15</dt>
              <o>PVG</o>
              <at>2010/09/10 19:25</at>
              <d>FRA</d>
              <cabin>$seg.cabinClass</cabin>
            </segment>
            <segment>
              <airline>LH</airline>
              <flight>3266</flight>
              <duration_minutes>60</duration_minutes>
              <equip>Airbus A321-100/200</equip>
              <miles>252</miles>
              <dt>2010/09/10 22:20</dt>
              <o>FRA</o>
              <at>2010/09/10 23:20</at>
              <d>PRG</d>
              <cabin>$seg.cabinClass</cabin>
            </segment>
          </leg>
         </legs>
      </trip>
                   <trip id="b0313b17fb617f61b32b5004a241bf48">
        <price url="/book/flight?code=b4e1304c71.OOb65z.0.F.AC,ITA.576620.b0313b17fb617f61b32b5004a241bf48&amp;_sid_=6-gKYBzyWfsSJglwjIEMiJ" currency="USD">5766</price>
        <legs>
           <leg>
            <airline>AC</airline>
            <airline_display>Air Canada</airline_display>
            <orig>NRT</orig>
            <dest>PRG</dest>
            <depart>2010/09/10 16:00</depart>
            <arrive>2010/09/11 09:40</arrive>
            <stops>2</stops>
            <duration_minutes>-1</duration_minutes>
            <cabin>$sleg.cabinClass</cabin>
            <segment>
              <airline>AC</airline>
              <flight>10</flight>
              <duration_minutes>585</duration_minutes>
              <equip>Boeing 767-300</equip>
              <miles>4935</miles>
              <dt>2010/09/10 16:00</dt>
              <o>NRT</o>
              <at>2010/09/10 10:45</at>
              <d>YYC</d>
              <cabin>$seg.cabinClass</cabin>
            </segment>
            <segment>
              <airline>AC</airline>
              <flight>9200</flight>
              <duration_minutes>560</duration_minutes>
              <equip>Airbus A340-300</equip>
              <miles>4676</miles>
              <dt>2010/09/10 13:15</dt>
              <o>YYC</o>
              <at>2010/09/11 06:35</at>
              <d>FRA</d>
              <cabin>$seg.cabinClass</cabin>
            </segment>
            <segment>
              <airline>AC</airline>
              <flight>9294</flight>
              <duration_minutes>60</duration_minutes>
              <equip>Boeing 737-300</equip>
              <miles>252</miles>
              <dt>2010/09/11 08:40</dt>
              <o>FRA</o>
              <at>2010/09/11 09:40</at>
              <d>PRG</d>
              <cabin>$seg.cabinClass</cabin>
            </segment>
          </leg>
         </legs>
      </trip>
                   <trip id="d9d422d6f307e6e5ef7bbab434ddf3fd">
        <price url="/book/flight?code=57c3e7fd59.OOb65z.0.F.CHEAPTICKETS,CHEAPTICKETS.576990.d9d422d6f307e6e5ef7bbab434ddf3fd&amp;_sid_=6-gKYBzyWfsSJglwjIEMiJ" currency="USD">5770</price>
        <legs>
           <leg>
            <airline>MULT</airline>
            <airline_display>Multiple Airlines</airline_display>
            <orig>NRT</orig>
            <dest>PRG</dest>
            <depart>2010/09/10 09:00</depart>
            <arrive>2010/09/10 20:15</arrive>
            <stops>2</stops>
            <duration_minutes>-1</duration_minutes>
            <cabin>$sleg.cabinClass</cabin>
            <segment>
              <airline>CA</airline>
              <flight>422</flight>
              <duration_minutes>235</duration_minutes>
              <equip>Boeing 757</equip>
              <miles>-1</miles>
              <dt>2010/09/10 09:00</dt>
              <o>NRT</o>
              <at>2010/09/10 11:55</at>
              <d>PEK</d>
              <cabin>$seg.cabinClass</cabin>
            </segment>
            <segment>
              <airline>CA</airline>
              <flight>6223</flight>
              <duration_minutes>635</duration_minutes>
              <equip>Airbus A340-300</equip>
              <miles>-1</miles>
              <dt>2010/09/10 13:20</dt>
              <o>PEK</o>
              <at>2010/09/10 17:55</at>
              <d>MUC</d>
              <cabin>$seg.cabinClass</cabin>
            </segment>
            <segment>
              <airline>LH</airline>
              <flight>3276</flight>
              <duration_minutes>50</duration_minutes>
              <equip>Avro RJ85 Avroliner</equip>
              <miles>164</miles>
              <dt>2010/09/10 19:25</dt>
              <o>MUC</o>
              <at>2010/09/10 20:15</at>
              <d>PRG</d>
              <cabin>$seg.cabinClass</cabin>
            </segment>
          </leg>
         </legs>
      </trip>
                   <trip id="666c15ea22f97ce5b4e115dc6552939d">
        <price url="/book/flight?code=b4b1704456.OOb65z.0.F.ORBITZAIR,ORBITZAIR.578149.666c15ea22f97ce5b4e115dc6552939d&amp;_sid_=6-gKYBzyWfsSJglwjIEMiJ" currency="USD">5781</price>
        <legs>
           <leg>
            <airline>MULT</airline>
            <airline_display>Multiple Airlines</airline_display>
            <orig>NRT</orig>
            <dest>PRG</dest>
            <depart>2010/09/10 09:00</depart>
            <arrive>2010/09/10 20:35</arrive>
            <stops>2</stops>
            <duration_minutes>-1</duration_minutes>
            <cabin>$sleg.cabinClass</cabin>
            <segment>
              <airline>CA</airline>
              <flight>422</flight>
              <duration_minutes>235</duration_minutes>
              <equip>Boeing 757</equip>
              <miles>-1</miles>
              <dt>2010/09/10 09:00</dt>
              <o>NRT</o>
              <at>2010/09/10 11:55</at>
              <d>PEK</d>
              <cabin>$seg.cabinClass</cabin>
            </segment>
            <segment>
              <airline>CA</airline>
              <flight>7001</flight>
              <duration_minutes>620</duration_minutes>
              <equip>Boeing 767-300</equip>
              <miles>-1</miles>
              <dt>2010/09/10 13:55</dt>
              <o>PEK</o>
              <at>2010/09/10 18:15</at>
              <d>VIE</d>
              <cabin>$seg.cabinClass</cabin>
            </segment>
            <segment>
              <airline>OS</airline>
              <flight>711</flight>
              <duration_minutes>60</duration_minutes>
              <equip>Fokker 70</equip>
              <miles>171</miles>
              <dt>2010/09/10 19:35</dt>
              <o>VIE</o>
              <at>2010/09/10 20:35</at>
              <d>PRG</d>
              <cabin>$seg.cabinClass</cabin>
            </segment>
          </leg>
         </legs>
      </trip>
                   <trip id="d6aa73fb6a54f5ff3966b39d7160bddf">
        <price url="/book/flight?code=ed7ef7dad8.OOb65z.0.F.JL,ITA.580850.d6aa73fb6a54f5ff3966b39d7160bddf&amp;_sid_=6-gKYBzyWfsSJglwjIEMiJ" currency="USD">5809</price>
        <legs>
           <leg>
            <airline>JL</airline>
            <airline_display>Japan Airlines</airline_display>
            <orig>NRT</orig>
            <dest>PRG</dest>
            <depart>2010/09/10 11:05</depart>
            <arrive>2010/09/10 19:50</arrive>
            <stops>1</stops>
            <duration_minutes>-1</duration_minutes>
            <cabin>$sleg.cabinClass</cabin>
            <segment>
              <airline>JL</airline>
              <flight>405</flight>
              <duration_minutes>755</duration_minutes>
              <equip>Boeing 777-300</equip>
              <miles>6030</miles>
              <dt>2010/09/10 11:05</dt>
              <o>NRT</o>
              <at>2010/09/10 16:40</at>
              <d>CDG</d>
              <cabin>$seg.cabinClass</cabin>
            </segment>
            <segment>
              <airline>JL</airline>
              <flight>5315</flight>
              <duration_minutes>95</duration_minutes>
              <equip>Airbus A320-100/200</equip>
              <miles>529</miles>
              <dt>2010/09/10 18:15</dt>
              <o>CDG</o>
              <at>2010/09/10 19:50</at>
              <d>PRG</d>
              <cabin>$seg.cabinClass</cabin>
            </segment>
          </leg>
         </legs>
      </trip>
                   <trip id="85bac8126d4c28ed81cf7fd5b8fc5e41">
        <price url="/book/flight?code=12ac022600.OOb65z.0.F.ORBITZAIR,ORBITZAIR.580979.85bac8126d4c28ed81cf7fd5b8fc5e41&amp;_sid_=6-gKYBzyWfsSJglwjIEMiJ" currency="USD">5810</price>
        <legs>
           <leg>
            <airline>MULT</airline>
            <airline_display>Multiple Airlines</airline_display>
            <orig>NRT</orig>
            <dest>PRG</dest>
            <depart>2010/09/10 11:00</depart>
            <arrive>2010/09/10 18:00</arrive>
            <stops>1</stops>
            <duration_minutes>-1</duration_minutes>
            <cabin>$sleg.cabinClass</cabin>
            <segment>
              <airline>JL</airline>
              <flight>5071</flight>
              <duration_minutes>620</duration_minutes>
              <equip>Airbus A340</equip>
              <miles>-1</miles>
              <dt>2010/09/10 11:00</dt>
              <o>NRT</o>
              <at>2010/09/10 15:20</at>
              <d>HEL</d>
              <cabin>$seg.cabinClass</cabin>
            </segment>
            <segment>
              <airline>AY</airline>
              <flight>6881</flight>
              <duration_minutes>135</duration_minutes>
              <equip>Airbus A320-100/200</equip>
              <miles>819</miles>
              <dt>2010/09/10 16:45</dt>
              <o>HEL</o>
              <at>2010/09/10 18:00</at>
              <d>PRG</d>
              <cabin>$seg.cabinClass</cabin>
            </segment>
          </leg>
         </legs>
      </trip>
                   <trip id="e3e9f29544f22367d1ed130265efa771">
        <price url="/book/flight?code=57fec9cb8d.OOb65z.0.F.ORBITZAIR,ORBITZAIR.582869.e3e9f29544f22367d1ed130265efa771&amp;_sid_=6-gKYBzyWfsSJglwjIEMiJ" currency="USD">5829</price>
        <legs>
           <leg>
            <airline>MULT</airline>
            <airline_display>Multiple Airlines</airline_display>
            <orig>NRT</orig>
            <dest>PRG</dest>
            <depart>2010/09/10 11:00</depart>
            <arrive>2010/09/10 18:00</arrive>
            <stops>1</stops>
            <duration_minutes>-1</duration_minutes>
            <cabin>$sleg.cabinClass</cabin>
            <segment>
              <airline>JL</airline>
              <flight>5071</flight>
              <duration_minutes>620</duration_minutes>
              <equip>Airbus A340</equip>
              <miles>-1</miles>
              <dt>2010/09/10 11:00</dt>
              <o>NRT</o>
              <at>2010/09/10 15:20</at>
              <d>HEL</d>
              <cabin>$seg.cabinClass</cabin>
            </segment>
            <segment>
              <airline>OK</airline>
              <flight>481</flight>
              <duration_minutes>135</duration_minutes>
              <equip>Airbus A320-100/200</equip>
              <miles>-1</miles>
              <dt>2010/09/10 16:45</dt>
              <o>HEL</o>
              <at>2010/09/10 18:00</at>
              <d>PRG</d>
              <cabin>$seg.cabinClass</cabin>
            </segment>
          </leg>
         </legs>
      </trip>
                   <trip id="27b01dd5c106c2587b4378c0e2a71e48">
        <price url="/book/flight?code=a109172a4f.OOb65z.0.F.CHEAPTICKETS,CHEAPTICKETS.582880.27b01dd5c106c2587b4378c0e2a71e48&amp;_sid_=6-gKYBzyWfsSJglwjIEMiJ" currency="USD">5829</price>
        <legs>
           <leg>
            <airline>MULT</airline>
            <airline_display>Multiple Airlines</airline_display>
            <orig>NRT</orig>
            <dest>PRG</dest>
            <depart>2010/09/10 10:25</depart>
            <arrive>2010/09/10 20:30</arrive>
            <stops>1</stops>
            <duration_minutes>-1</duration_minutes>
            <cabin>$sleg.cabinClass</cabin>
            <segment>
              <airline>NH</airline>
              <flight>6751</flight>
              <duration_minutes>750</duration_minutes>
              <equip>Airbus A340-300</equip>
              <miles>5959</miles>
              <dt>2010/09/10 10:25</dt>
              <o>NRT</o>
              <at>2010/09/10 15:55</at>
              <d>ZRH</d>
              <cabin>$seg.cabinClass</cabin>
            </segment>
            <segment>
              <airline>OK</airline>
              <flight>587</flight>
              <duration_minutes>75</duration_minutes>
              <equip>Boeing 737-500</equip>
              <miles>-1</miles>
              <dt>2010/09/10 19:15</dt>
              <o>ZRH</o>
              <at>2010/09/10 20:30</at>
              <d>PRG</d>
              <cabin>$seg.cabinClass</cabin>
            </segment>
          </leg>
         </legs>
      </trip>
                   <trip id="2d59aa8271274aafbef7877c975252f9">
        <price url="/book/flight?code=a7b89c7ba8.OOb65z.0.F.CHEAPTICKETS,CHEAPTICKETS.583210.2d59aa8271274aafbef7877c975252f9&amp;_sid_=6-gKYBzyWfsSJglwjIEMiJ" currency="USD">5832</price>
        <legs>
           <leg>
            <airline>MULT</airline>
            <airline_display>Multiple Airlines</airline_display>
            <orig>NRT</orig>
            <dest>PRG</dest>
            <depart>2010/09/10 12:20</depart>
            <arrive>2010/09/10 21:00</arrive>
            <stops>1</stops>
            <duration_minutes>-1</duration_minutes>
            <cabin>$sleg.cabinClass</cabin>
            <segment>
              <airline>NH</airline>
              <flight>6007</flight>
              <duration_minutes>735</duration_minutes>
              <equip>Airbus A340-300</equip>
              <miles>5818</miles>
              <dt>2010/09/10 12:20</dt>
              <o>NRT</o>
              <at>2010/09/10 17:35</at>
              <d>MUC</d>
              <cabin>$seg.cabinClass</cabin>
            </segment>
            <segment>
              <airline>OK</airline>
              <flight>553</flight>
              <duration_minutes>70</duration_minutes>
              <equip>Aerospatiale/Alenia ATR 42-300 / 320</equip>
              <miles>-1</miles>
              <dt>2010/09/10 19:50</dt>
              <o>MUC</o>
              <at>2010/09/10 21:00</at>
              <d>PRG</d>
              <cabin>$seg.cabinClass</cabin>
            </segment>
          </leg>
         </legs>
      </trip>
                   <trip id="1ab8eb5fc4212bf35236ef4614112420">
        <price url="/book/flight?code=20474fb966.OOb65z.0.F.CHEAPTICKETS,CHEAPTICKETS.583210.1ab8eb5fc4212bf35236ef4614112420&amp;_sid_=6-gKYBzyWfsSJglwjIEMiJ" currency="USD">5832</price>
        <legs>
           <leg>
            <airline>MULT</airline>
            <airline_display>Multiple Airlines</airline_display>
            <orig>NRT</orig>
            <dest>PRG</dest>
            <depart>2010/09/10 11:50</depart>
            <arrive>2010/09/10 21:00</arrive>
            <stops>1</stops>
            <duration_minutes>-1</duration_minutes>
            <cabin>$sleg.cabinClass</cabin>
            <segment>
              <airline>NH</airline>
              <flight>207</flight>
              <duration_minutes>730</duration_minutes>
              <equip>Boeing 777</equip>
              <miles>5818</miles>
              <dt>2010/09/10 11:50</dt>
              <o>NRT</o>
              <at>2010/09/10 17:00</at>
              <d>MUC</d>
              <cabin>$seg.cabinClass</cabin>
            </segment>
            <segment>
              <airline>OK</airline>
              <flight>553</flight>
              <duration_minutes>70</duration_minutes>
              <equip>Aerospatiale/Alenia ATR 42-300 / 320</equip>
              <miles>-1</miles>
              <dt>2010/09/10 19:50</dt>
              <o>MUC</o>
              <at>2010/09/10 21:00</at>
              <d>PRG</d>
              <cabin>$seg.cabinClass</cabin>
            </segment>
          </leg>
         </legs>
      </trip>
                   <trip id="165255163aff5e61d9c7fcf803361c03">
        <price url="/book/flight?code=6e5b9a9401.OOb65z.0.F.ORBITZAIR,ORBITZAIR.583309.165255163aff5e61d9c7fcf803361c03&amp;_sid_=6-gKYBzyWfsSJglwjIEMiJ" currency="USD">5833</price>
        <legs>
           <leg>
            <airline>MULT</airline>
            <airline_display>Multiple Airlines</airline_display>
            <orig>NRT</orig>
            <dest>PRG</dest>
            <depart>2010/09/10 12:25</depart>
            <arrive>2010/09/10 20:45</arrive>
            <stops>1</stops>
            <duration_minutes>-1</duration_minutes>
            <cabin>$sleg.cabinClass</cabin>
            <segment>
              <airline>JL</airline>
              <flight>417</flight>
              <duration_minutes>745</duration_minutes>
              <equip>Boeing 747-400</equip>
              <miles>-1</miles>
              <dt>2010/09/10 12:25</dt>
              <o>NRT</o>
              <at>2010/09/10 17:50</at>
              <d>MXP</d>
              <cabin>$seg.cabinClass</cabin>
            </segment>
            <segment>
              <airline>OK</airline>
              <flight>723</flight>
              <duration_minutes>85</duration_minutes>
              <equip>Airbus A320-100/200</equip>
              <miles>-1</miles>
              <dt>2010/09/10 19:20</dt>
              <o>MXP</o>
              <at>2010/09/10 20:45</at>
              <d>PRG</d>
              <cabin>$seg.cabinClass</cabin>
            </segment>
          </leg>
         </legs>
      </trip>
                   <trip id="b891551b7344fcdada269112f6b68cee">
        <price url="/book/flight?code=31a9963513.OOb65z.0.F.CHEAPTICKETS,CHEAPTICKETS.583340.b891551b7344fcdada269112f6b68cee&amp;_sid_=6-gKYBzyWfsSJglwjIEMiJ" currency="USD">5833</price>
        <legs>
           <leg>
            <airline>MULT</airline>
            <airline_display>Multiple Airlines</airline_display>
            <orig>NRT</orig>
            <dest>PRG</dest>
            <depart>2010/09/10 11:20</depart>
            <arrive>2010/09/10 20:50</arrive>
            <stops>1</stops>
            <duration_minutes>-1</duration_minutes>
            <cabin>$sleg.cabinClass</cabin>
            <segment>
              <airline>NH</airline>
              <flight>205</flight>
              <duration_minutes>740</duration_minutes>
              <equip>Boeing 747-400</equip>
              <miles>-1</miles>
              <dt>2010/09/10 11:20</dt>
              <o>NRT</o>
              <at>2010/09/10 16:40</at>
              <d>CDG</d>
              <cabin>$seg.cabinClass</cabin>
            </segment>
            <segment>
              <airline>OK</airline>
              <flight>767</flight>
              <duration_minutes>100</duration_minutes>
              <equip>Airbus A319</equip>
              <miles>-1</miles>
              <dt>2010/09/10 19:10</dt>
              <o>CDG</o>
              <at>2010/09/10 20:50</at>
              <d>PRG</d>
              <cabin>$seg.cabinClass</cabin>
            </segment>
          </leg>
         </legs>
      </trip>
                   <trip id="cacd3724c3ed13b9afda440666327647">
        <price url="/book/flight?code=56edd68406.OOb65z.0.F.CHEAPTICKETS,CHEAPTICKETS.583340.cacd3724c3ed13b9afda440666327647&amp;_sid_=6-gKYBzyWfsSJglwjIEMiJ" currency="USD">5833</price>
        <legs>
           <leg>
            <airline>MULT</airline>
            <airline_display>Multiple Airlines</airline_display>
            <orig>NRT</orig>
            <dest>PRG</dest>
            <depart>2010/09/10 11:20</depart>
            <arrive>2010/09/10 22:30</arrive>
            <stops>1</stops>
            <duration_minutes>-1</duration_minutes>
            <cabin>$sleg.cabinClass</cabin>
            <segment>
              <airline>NH</airline>
              <flight>205</flight>
              <duration_minutes>740</duration_minutes>
              <equip>Boeing 747-400</equip>
              <miles>-1</miles>
              <dt>2010/09/10 11:20</dt>
              <o>NRT</o>
              <at>2010/09/10 16:40</at>
              <d>CDG</d>
              <cabin>$seg.cabinClass</cabin>
            </segment>
            <segment>
              <airline>OK</airline>
              <flight>763</flight>
              <duration_minutes>105</duration_minutes>
              <equip>Airbus A320-100/200</equip>
              <miles>-1</miles>
              <dt>2010/09/10 20:45</dt>
              <o>CDG</o>
              <at>2010/09/10 22:30</at>
              <d>PRG</d>
              <cabin>$seg.cabinClass</cabin>
            </segment>
          </leg>
         </legs>
      </trip>
                   <trip id="6ec051508f271a547d633f834533102e">
        <price url="/book/flight?code=badfb281e2.OOb65z.0.F.CHEAPTICKETS,CHEAPTICKETS.583360.6ec051508f271a547d633f834533102e&amp;_sid_=6-gKYBzyWfsSJglwjIEMiJ" currency="USD">5834</price>
        <legs>
           <leg>
            <airline>MULT</airline>
            <airline_display>Multiple Airlines</airline_display>
            <orig>NRT</orig>
            <dest>PRG</dest>
            <depart>2010/09/10 11:25</depart>
            <arrive>2010/09/10 20:10</arrive>
            <stops>1</stops>
            <duration_minutes>-1</duration_minutes>
            <cabin>$sleg.cabinClass</cabin>
            <segment>
              <airline>NH</airline>
              <flight>209</flight>
              <duration_minutes>730</duration_minutes>
              <equip>Boeing 777-300ER</equip>
              <miles>5817</miles>
              <dt>2010/09/10 11:25</dt>
              <o>NRT</o>
              <at>2010/09/10 16:35</at>
              <d>FRA</d>
              <cabin>$seg.cabinClass</cabin>
            </segment>
            <segment>
              <airline>OK</airline>
              <flight>537</flight>
              <duration_minutes>65</duration_minutes>
              <equip>Airbus A319</equip>
              <miles>-1</miles>
              <dt>2010/09/10 19:05</dt>
              <o>FRA</o>
              <at>2010/09/10 20:10</at>
              <d>PRG</d>
              <cabin>$seg.cabinClass</cabin>
            </segment>
          </leg>
         </legs>
      </trip>
                   <trip id="15a44cd78855a95f2b6a35f2ec7da955">
        <price url="/book/flight?code=f76d64683d.OOb65z.0.F.CHEAPTICKETS,CHEAPTICKETS.583360.15a44cd78855a95f2b6a35f2ec7da955&amp;_sid_=6-gKYBzyWfsSJglwjIEMiJ" currency="USD">5834</price>
        <legs>
           <leg>
            <airline>MULT</airline>
            <airline_display>Multiple Airlines</airline_display>
            <orig>NRT</orig>
            <dest>PRG</dest>
            <depart>2010/09/10 09:35</depart>
            <arrive>2010/09/10 20:10</arrive>
            <stops>1</stops>
            <duration_minutes>-1</duration_minutes>
            <cabin>$sleg.cabinClass</cabin>
            <segment>
              <airline>NH</airline>
              <flight>6001</flight>
              <duration_minutes>700</duration_minutes>
              <equip>Airbus A380-800</equip>
              <miles>5817</miles>
              <dt>2010/09/10 09:35</dt>
              <o>NRT</o>
              <at>2010/09/10 14:15</at>
              <d>FRA</d>
              <cabin>$seg.cabinClass</cabin>
            </segment>
            <segment>
              <airline>OK</airline>
              <flight>537</flight>
              <duration_minutes>65</duration_minutes>
              <equip>Airbus A319</equip>
              <miles>-1</miles>
              <dt>2010/09/10 19:05</dt>
              <o>FRA</o>
              <at>2010/09/10 20:10</at>
              <d>PRG</d>
              <cabin>$seg.cabinClass</cabin>
            </segment>
          </leg>
         </legs>
      </trip>
                   <trip id="81edba50d18c90d3383c45cbaa2fe001">
        <price url="/book/flight?code=6ac453dae3.OOb65z.0.F.NH,ITA.583410.81edba50d18c90d3383c45cbaa2fe001&amp;_sid_=6-gKYBzyWfsSJglwjIEMiJ" currency="USD">5834</price>
        <legs>
           <leg>
            <airline>NH</airline>
            <airline_display>All Nippon</airline_display>
            <orig>NRT</orig>
            <dest>PRG</dest>
            <depart>2010/09/10 12:20</depart>
            <arrive>2010/09/10 20:15</arrive>
            <stops>1</stops>
            <duration_minutes>-1</duration_minutes>
            <cabin>$sleg.cabinClass</cabin>
            <segment>
              <airline>NH</airline>
              <flight>6007</flight>
              <duration_minutes>735</duration_minutes>
              <equip>Airbus A340-300</equip>
              <miles>5818</miles>
              <dt>2010/09/10 12:20</dt>
              <o>NRT</o>
              <at>2010/09/10 17:35</at>
              <d>MUC</d>
              <cabin>$seg.cabinClass</cabin>
            </segment>
            <segment>
              <airline>NH</airline>
              <flight>6069</flight>
              <duration_minutes>50</duration_minutes>
              <equip>Avro RJ85 Avroliner</equip>
              <miles>164</miles>
              <dt>2010/09/10 19:25</dt>
              <o>MUC</o>
              <at>2010/09/10 20:15</at>
              <d>PRG</d>
              <cabin>$seg.cabinClass</cabin>
            </segment>
          </leg>
         </legs>
      </trip>
                   <trip id="15fabb4fab7eab48387adab27cff5e8e">
        <price url="/book/flight?code=07d89bb04e.OOb65z.0.F.NH,ITA.583410.15fabb4fab7eab48387adab27cff5e8e&amp;_sid_=6-gKYBzyWfsSJglwjIEMiJ" currency="USD">5834</price>
        <legs>
           <leg>
            <airline>NH</airline>
            <airline_display>All Nippon</airline_display>
            <orig>NRT</orig>
            <dest>PRG</dest>
            <depart>2010/09/10 11:50</depart>
            <arrive>2010/09/10 20:15</arrive>
            <stops>1</stops>
            <duration_minutes>-1</duration_minutes>
            <cabin>$sleg.cabinClass</cabin>
            <segment>
              <airline>NH</airline>
              <flight>207</flight>
              <duration_minutes>730</duration_minutes>
              <equip>Boeing 777</equip>
              <miles>5818</miles>
              <dt>2010/09/10 11:50</dt>
              <o>NRT</o>
              <at>2010/09/10 17:00</at>
              <d>MUC</d>
              <cabin>$seg.cabinClass</cabin>
            </segment>
            <segment>
              <airline>NH</airline>
              <flight>6069</flight>
              <duration_minutes>50</duration_minutes>
              <equip>Avro RJ85 Avroliner</equip>
              <miles>164</miles>
              <dt>2010/09/10 19:25</dt>
              <o>MUC</o>
              <at>2010/09/10 20:15</at>
              <d>PRG</d>
              <cabin>$seg.cabinClass</cabin>
            </segment>
          </leg>
         </legs>
      </trip>
                   <trip id="ea08a4ac6e578abaed10f686ca7fadae">
        <price url="/book/flight?code=03f59e519d.OOb65z.0.F.NH,ITA.583560.ea08a4ac6e578abaed10f686ca7fadae&amp;_sid_=6-gKYBzyWfsSJglwjIEMiJ" currency="USD">5836</price>
        <legs>
           <leg>
            <airline>NH</airline>
            <airline_display>All Nippon</airline_display>
            <orig>NRT</orig>
            <dest>PRG</dest>
            <depart>2010/09/10 11:25</depart>
            <arrive>2010/09/10 23:20</arrive>
            <stops>1</stops>
            <duration_minutes>-1</duration_minutes>
            <cabin>$sleg.cabinClass</cabin>
            <segment>
              <airline>NH</airline>
              <flight>209</flight>
              <duration_minutes>730</duration_minutes>
              <equip>Boeing 777-300ER</equip>
              <miles>5817</miles>
              <dt>2010/09/10 11:25</dt>
              <o>NRT</o>
              <at>2010/09/10 16:35</at>
              <d>FRA</d>
              <cabin>$seg.cabinClass</cabin>
            </segment>
            <segment>
              <airline>NH</airline>
              <flight>6199</flight>
              <duration_minutes>60</duration_minutes>
              <equip>Airbus A321-100/200</equip>
              <miles>252</miles>
              <dt>2010/09/10 22:20</dt>
              <o>FRA</o>
              <at>2010/09/10 23:20</at>
              <d>PRG</d>
              <cabin>$seg.cabinClass</cabin>
            </segment>
          </leg>
         </legs>
      </trip>
                   <trip id="ab46cf7b9a665a4ba93869fb521ba11e">
        <price url="/book/flight?code=1a9bd1d065.OOb65z.0.F.NH,ITA.583560.ab46cf7b9a665a4ba93869fb521ba11e&amp;_sid_=6-gKYBzyWfsSJglwjIEMiJ" currency="USD">5836</price>
        <legs>
           <leg>
            <airline>NH</airline>
            <airline_display>All Nippon</airline_display>
            <orig>NRT</orig>
            <dest>PRG</dest>
            <depart>2010/09/10 09:35</depart>
            <arrive>2010/09/10 23:20</arrive>
            <stops>1</stops>
            <duration_minutes>-1</duration_minutes>
            <cabin>$sleg.cabinClass</cabin>
            <segment>
              <airline>NH</airline>
              <flight>6001</flight>
              <duration_minutes>700</duration_minutes>
              <equip>Airbus A380-800</equip>
              <miles>5817</miles>
              <dt>2010/09/10 09:35</dt>
              <o>NRT</o>
              <at>2010/09/10 14:15</at>
              <d>FRA</d>
              <cabin>$seg.cabinClass</cabin>
            </segment>
            <segment>
              <airline>NH</airline>
              <flight>6199</flight>
              <duration_minutes>60</duration_minutes>
              <equip>Airbus A321-100/200</equip>
              <miles>252</miles>
              <dt>2010/09/10 22:20</dt>
              <o>FRA</o>
              <at>2010/09/10 23:20</at>
              <d>PRG</d>
              <cabin>$seg.cabinClass</cabin>
            </segment>
          </leg>
         </legs>
      </trip>
                   <trip id="a33efde5e7443465a124bb75ba163752">
        <price url="/book/flight?code=e63e0e1717.OOb65z.0.F.ORBITZAIR,ORBITZAIR.583679.a33efde5e7443465a124bb75ba163752&amp;_sid_=6-gKYBzyWfsSJglwjIEMiJ" currency="USD">5837</price>
        <legs>
           <leg>
            <airline>MULT</airline>
            <airline_display>Multiple Airlines</airline_display>
            <orig>NRT</orig>
            <dest>PRG</dest>
            <depart>2010/09/10 11:25</depart>
            <arrive>2010/09/10 20:55</arrive>
            <stops>1</stops>
            <duration_minutes>-1</duration_minutes>
            <cabin>$sleg.cabinClass</cabin>
            <segment>
              <airline>JL</airline>
              <flight>411</flight>
              <duration_minutes>720</duration_minutes>
              <equip>Boeing 777-300</equip>
              <miles>-1</miles>
              <dt>2010/09/10 11:25</dt>
              <o>NRT</o>
              <at>2010/09/10 16:25</at>
              <d>AMS</d>
              <cabin>$seg.cabinClass</cabin>
            </segment>
            <segment>
              <airline>OK</airline>
              <flight>619</flight>
              <duration_minutes>85</duration_minutes>
              <equip>Airbus A320-100/200</equip>
              <miles>-1</miles>
              <dt>2010/09/10 19:30</dt>
              <o>AMS</o>
              <at>2010/09/10 20:55</at>
              <d>PRG</d>
              <cabin>$seg.cabinClass</cabin>
            </segment>
          </leg>
         </legs>
      </trip>
                   <trip id="9e2d10c8ac46040ea303b56e21bb8158">
        <price url="/book/flight?code=7893db4135.OOb65z.0.F.ORBITZAIR,ORBITZAIR.583709.9e2d10c8ac46040ea303b56e21bb8158&amp;_sid_=6-gKYBzyWfsSJglwjIEMiJ" currency="USD">5837</price>
        <legs>
           <leg>
            <airline>MULT</airline>
            <airline_display>Multiple Airlines</airline_display>
            <orig>NRT</orig>
            <dest>PRG</dest>
            <depart>2010/09/10 12:25</depart>
            <arrive>2010/09/10 20:45</arrive>
            <stops>1</stops>
            <duration_minutes>-1</duration_minutes>
            <cabin>$sleg.cabinClass</cabin>
            <segment>
              <airline>JL</airline>
              <flight>417</flight>
              <duration_minutes>745</duration_minutes>
              <equip>Boeing 747-400</equip>
              <miles>-1</miles>
              <dt>2010/09/10 12:25</dt>
              <o>NRT</o>
              <at>2010/09/10 17:50</at>
              <d>MXP</d>
              <cabin>$seg.cabinClass</cabin>
            </segment>
            <segment>
              <airline>AZ</airline>
              <flight>7562</flight>
              <duration_minutes>85</duration_minutes>
              <equip>Airbus A320-100/200</equip>
              <miles>400</miles>
              <dt>2010/09/10 19:20</dt>
              <o>MXP</o>
              <at>2010/09/10 20:45</at>
              <d>PRG</d>
              <cabin>$seg.cabinClass</cabin>
            </segment>
          </leg>
         </legs>
      </trip>
                   <trip id="7c4df8c2318882a2e3d9161a007ff7e3">
        <price url="/book/flight?code=0201964323.OOb65z.0.F.ORBITZAIR,ORBITZAIR.584119.7c4df8c2318882a2e3d9161a007ff7e3&amp;_sid_=6-gKYBzyWfsSJglwjIEMiJ" currency="USD">5841</price>
        <legs>
           <leg>
            <airline>MULT</airline>
            <airline_display>Multiple Airlines</airline_display>
            <orig>NRT</orig>
            <dest>PRG</dest>
            <depart>2010/09/10 10:25</depart>
            <arrive>2010/09/10 20:30</arrive>
            <stops>2</stops>
            <duration_minutes>-1</duration_minutes>
            <cabin>$sleg.cabinClass</cabin>
            <segment>
              <airline>NH</airline>
              <flight>6751</flight>
              <duration_minutes>750</duration_minutes>
              <equip>Airbus A340-300</equip>
              <miles>5959</miles>
              <dt>2010/09/10 10:25</dt>
              <o>NRT</o>
              <at>2010/09/10 15:55</at>
              <d>ZRH</d>
              <cabin>$seg.cabinClass</cabin>
            </segment>
            <segment>
              <airline>SN</airline>
              <flight>5112</flight>
              <duration_minutes>75</duration_minutes>
              <equip>Airbus A319</equip>
              <miles>-1</miles>
              <dt>2010/09/10 16:45</dt>
              <o>ZRH</o>
              <at>2010/09/10 18:00</at>
              <d>BRU</d>
              <cabin>$seg.cabinClass</cabin>
            </segment>
            <segment>
              <airline>SN</airline>
              <flight>2813</flight>
              <duration_minutes>90</duration_minutes>
              <equip>Avro RJ85 Avroliner</equip>
              <miles>-1</miles>
              <dt>2010/09/10 19:00</dt>
              <o>BRU</o>
              <at>2010/09/10 20:30</at>
              <d>PRG</d>
              <cabin>$seg.cabinClass</cabin>
            </segment>
          </leg>
         </legs>
      </trip>
                   <trip id="93671b99f31bd053c277e3d8152defff">
        <price url="/book/flight?code=f938283c3a.OOb65z.0.F.ORBITZAIR,ORBITZAIR.584309.93671b99f31bd053c277e3d8152defff&amp;_sid_=6-gKYBzyWfsSJglwjIEMiJ" currency="USD">5843</price>
        <legs>
           <leg>
            <airline>MULT</airline>
            <airline_display>Multiple Airlines</airline_display>
            <orig>NRT</orig>
            <dest>PRG</dest>
            <depart>2010/09/10 11:00</depart>
            <arrive>2010/09/10 19:25</arrive>
            <stops>2</stops>
            <duration_minutes>-1</duration_minutes>
            <cabin>$sleg.cabinClass</cabin>
            <segment>
              <airline>JL</airline>
              <flight>5071</flight>
              <duration_minutes>620</duration_minutes>
              <equip>Airbus A340</equip>
              <miles>-1</miles>
              <dt>2010/09/10 11:00</dt>
              <o>NRT</o>
              <at>2010/09/10 15:20</at>
              <d>HEL</d>
              <cabin>$seg.cabinClass</cabin>
            </segment>
            <segment>
              <airline>AY</airline>
              <flight>645</flight>
              <duration_minutes>60</duration_minutes>
              <equip>Airbus A320-100/200</equip>
              <miles>-1</miles>
              <dt>2010/09/10 16:50</dt>
              <o>HEL</o>
              <at>2010/09/10 16:50</at>
              <d>ARN</d>
              <cabin>$seg.cabinClass</cabin>
            </segment>
            <segment>
              <airline>OK</airline>
              <flight>491</flight>
              <duration_minutes>115</duration_minutes>
              <equip>Boeing 737-500</equip>
              <miles>-1</miles>
              <dt>2010/09/10 17:30</dt>
              <o>ARN</o>
              <at>2010/09/10 19:25</at>
              <d>PRG</d>
              <cabin>$seg.cabinClass</cabin>
            </segment>
          </leg>
         </legs>
      </trip>
                   <trip id="30c7f7b0b7c6a14ae429babc73b31b4b">
        <price url="/book/flight?code=08a05560cd.OOb65z.0.F.ORBITZAIR,ORBITZAIR.584309.30c7f7b0b7c6a14ae429babc73b31b4b&amp;_sid_=6-gKYBzyWfsSJglwjIEMiJ" currency="USD">5843</price>
        <legs>
           <leg>
            <airline>MULT</airline>
            <airline_display>Multiple Airlines</airline_display>
            <orig>NRT</orig>
            <dest>PRG</dest>
            <depart>2010/09/10 11:00</depart>
            <arrive>2010/09/10 19:25</arrive>
            <stops>2</stops>
            <duration_minutes>-1</duration_minutes>
            <cabin>$sleg.cabinClass</cabin>
            <segment>
              <airline>JL</airline>
              <flight>5071</flight>
              <duration_minutes>620</duration_minutes>
              <equip>Airbus A340</equip>
              <miles>-1</miles>
              <dt>2010/09/10 11:00</dt>
              <o>NRT</o>
              <at>2010/09/10 15:20</at>
              <d>HEL</d>
              <cabin>$seg.cabinClass</cabin>
            </segment>
            <segment>
              <airline>AY</airline>
              <flight>637</flight>
              <duration_minutes>55</duration_minutes>
              <equip>Airbus A319</equip>
              <miles>-1</miles>
              <dt>2010/09/10 16:00</dt>
              <o>HEL</o>
              <at>2010/09/10 15:55</at>
              <d>ARN</d>
              <cabin>$seg.cabinClass</cabin>
            </segment>
            <segment>
              <airline>OK</airline>
              <flight>491</flight>
              <duration_minutes>115</duration_minutes>
              <equip>Boeing 737-500</equip>
              <miles>-1</miles>
              <dt>2010/09/10 17:30</dt>
              <o>ARN</o>
              <at>2010/09/10 19:25</at>
              <d>PRG</d>
              <cabin>$seg.cabinClass</cabin>
            </segment>
          </leg>
         </legs>
      </trip>
                   <trip id="ff91c2c5d88a0c5ad58af2218300be02">
        <price url="/book/flight?code=dc8d5b86c5.OOb65z.0.F.ORBITZAIR,ORBITZAIR.584439.ff91c2c5d88a0c5ad58af2218300be02&amp;_sid_=6-gKYBzyWfsSJglwjIEMiJ" currency="USD">5844</price>
        <legs>
           <leg>
            <airline>MULT</airline>
            <airline_display>Multiple Airlines</airline_display>
            <orig>NRT</orig>
            <dest>PRG</dest>
            <depart>2010/09/10 11:05</depart>
            <arrive>2010/09/10 19:50</arrive>
            <stops>1</stops>
            <duration_minutes>-1</duration_minutes>
            <cabin>$sleg.cabinClass</cabin>
            <segment>
              <airline>JL</airline>
              <flight>405</flight>
              <duration_minutes>755</duration_minutes>
              <equip>Boeing 777-300</equip>
              <miles>6030</miles>
              <dt>2010/09/10 11:05</dt>
              <o>NRT</o>
              <at>2010/09/10 16:40</at>
              <d>CDG</d>
              <cabin>$seg.cabinClass</cabin>
            </segment>
            <segment>
              <airline>OK</airline>
              <flight>4769</flight>
              <duration_minutes>95</duration_minutes>
              <equip>Airbus A320-100/200</equip>
              <miles>-1</miles>
              <dt>2010/09/10 18:15</dt>
              <o>CDG</o>
              <at>2010/09/10 19:50</at>
              <d>PRG</d>
              <cabin>$seg.cabinClass</cabin>
            </segment>
          </leg>
         </legs>
      </trip>
                   <trip id="ab6e876b96cd8be6f6318232657e9a6a">
        <price url="/book/flight?code=922a9fd3fb.OOb65z.0.F.ORBITZAIR,ORBITZAIR.584439.ab6e876b96cd8be6f6318232657e9a6a&amp;_sid_=6-gKYBzyWfsSJglwjIEMiJ" currency="USD">5844</price>
        <legs>
           <leg>
            <airline>MULT</airline>
            <airline_display>Multiple Airlines</airline_display>
            <orig>NRT</orig>
            <dest>PRG</dest>
            <depart>2010/09/10 11:05</depart>
            <arrive>2010/09/10 20:50</arrive>
            <stops>1</stops>
            <duration_minutes>-1</duration_minutes>
            <cabin>$sleg.cabinClass</cabin>
            <segment>
              <airline>JL</airline>
              <flight>405</flight>
              <duration_minutes>755</duration_minutes>
              <equip>Boeing 777-300</equip>
              <miles>6030</miles>
              <dt>2010/09/10 11:05</dt>
              <o>NRT</o>
              <at>2010/09/10 16:40</at>
              <d>CDG</d>
              <cabin>$seg.cabinClass</cabin>
            </segment>
            <segment>
              <airline>OK</airline>
              <flight>767</flight>
              <duration_minutes>100</duration_minutes>
              <equip>Airbus A319</equip>
              <miles>-1</miles>
              <dt>2010/09/10 19:10</dt>
              <o>CDG</o>
              <at>2010/09/10 20:50</at>
              <d>PRG</d>
              <cabin>$seg.cabinClass</cabin>
            </segment>
          </leg>
         </legs>
      </trip>
                   <trip id="bab4d58ace7b67e1de98a7c635018c39">
        <price url="/book/flight?code=0b6dba6161.OOb65z.0.F.ORBITZAIR,ORBITZAIR.584439.bab4d58ace7b67e1de98a7c635018c39&amp;_sid_=6-gKYBzyWfsSJglwjIEMiJ" currency="USD">5844</price>
        <legs>
           <leg>
            <airline>MULT</airline>
            <airline_display>Multiple Airlines</airline_display>
            <orig>NRT</orig>
            <dest>PRG</dest>
            <depart>2010/09/10 11:05</depart>
            <arrive>2010/09/10 22:30</arrive>
            <stops>1</stops>
            <duration_minutes>-1</duration_minutes>
            <cabin>$sleg.cabinClass</cabin>
            <segment>
              <airline>JL</airline>
              <flight>405</flight>
              <duration_minutes>755</duration_minutes>
              <equip>Boeing 777-300</equip>
              <miles>6030</miles>
              <dt>2010/09/10 11:05</dt>
              <o>NRT</o>
              <at>2010/09/10 16:40</at>
              <d>CDG</d>
              <cabin>$seg.cabinClass</cabin>
            </segment>
            <segment>
              <airline>OK</airline>
              <flight>763</flight>
              <duration_minutes>105</duration_minutes>
              <equip>Airbus A320-100/200</equip>
              <miles>-1</miles>
              <dt>2010/09/10 20:45</dt>
              <o>CDG</o>
              <at>2010/09/10 22:30</at>
              <d>PRG</d>
              <cabin>$seg.cabinClass</cabin>
            </segment>
          </leg>
         </legs>
      </trip>
                   <trip id="171b20d332674d2899214d857d347968">
        <price url="/book/flight?code=1ba77deb7a.OOb65z.0.F.ORBITZAIR,ORBITZAIR.584459.171b20d332674d2899214d857d347968&amp;_sid_=6-gKYBzyWfsSJglwjIEMiJ" currency="USD">5845</price>
        <legs>
           <leg>
            <airline>MULT</airline>
            <airline_display>Multiple Airlines</airline_display>
            <orig>NRT</orig>
            <dest>PRG</dest>
            <depart>2010/09/10 12:15</depart>
            <arrive>2010/09/10 20:10</arrive>
            <stops>1</stops>
            <duration_minutes>-1</duration_minutes>
            <cabin>$sleg.cabinClass</cabin>
            <segment>
              <airline>JL</airline>
              <flight>407</flight>
              <duration_minutes>725</duration_minutes>
              <equip>Boeing 777-300</equip>
              <miles>-1</miles>
              <dt>2010/09/10 12:15</dt>
              <o>NRT</o>
              <at>2010/09/10 17:20</at>
              <d>FRA</d>
              <cabin>$seg.cabinClass</cabin>
            </segment>
            <segment>
              <airline>OK</airline>
              <flight>537</flight>
              <duration_minutes>65</duration_minutes>
              <equip>Airbus A319</equip>
              <miles>-1</miles>
              <dt>2010/09/10 19:05</dt>
              <o>FRA</o>
              <at>2010/09/10 20:10</at>
              <d>PRG</d>
              <cabin>$seg.cabinClass</cabin>
            </segment>
          </leg>
         </legs>
      </trip>
                   <trip id="5d722221ae54cdb52070b65a931bacc4">
        <price url="/book/flight?code=8bfae64c78.OOb65z.0.F.CHEAPTICKETS,CHEAPTICKETS.584980.5d722221ae54cdb52070b65a931bacc4&amp;_sid_=6-gKYBzyWfsSJglwjIEMiJ" currency="USD">5850</price>
        <legs>
           <leg>
            <airline>MULT</airline>
            <airline_display>Multiple Airlines</airline_display>
            <orig>NRT</orig>
            <dest>PRG</dest>
            <depart>2010/09/10 12:20</depart>
            <arrive>2010/09/10 20:15</arrive>
            <stops>1</stops>
            <duration_minutes>-1</duration_minutes>
            <cabin>$sleg.cabinClass</cabin>
            <segment>
              <airline>NH</airline>
              <flight>6007</flight>
              <duration_minutes>735</duration_minutes>
              <equip>Airbus A340-300</equip>
              <miles>5818</miles>
              <dt>2010/09/10 12:20</dt>
              <o>NRT</o>
              <at>2010/09/10 17:35</at>
              <d>MUC</d>
              <cabin>$seg.cabinClass</cabin>
            </segment>
            <segment>
              <airline>LH</airline>
              <flight>3276</flight>
              <duration_minutes>50</duration_minutes>
              <equip>Avro RJ85 Avroliner</equip>
              <miles>164</miles>
              <dt>2010/09/10 19:25</dt>
              <o>MUC</o>
              <at>2010/09/10 20:15</at>
              <d>PRG</d>
              <cabin>$seg.cabinClass</cabin>
            </segment>
          </leg>
         </legs>
      </trip>
                   <trip id="80c3fc1f9c6d00d23c9a1340ff5eb23f">
        <price url="/book/flight?code=d781f2d020.OOb65z.0.F.CHEAPTICKETS,CHEAPTICKETS.584980.80c3fc1f9c6d00d23c9a1340ff5eb23f&amp;_sid_=6-gKYBzyWfsSJglwjIEMiJ" currency="USD">5850</price>
        <legs>
           <leg>
            <airline>MULT</airline>
            <airline_display>Multiple Airlines</airline_display>
            <orig>NRT</orig>
            <dest>PRG</dest>
            <depart>2010/09/10 11:50</depart>
            <arrive>2010/09/10 20:15</arrive>
            <stops>1</stops>
            <duration_minutes>-1</duration_minutes>
            <cabin>$sleg.cabinClass</cabin>
            <segment>
              <airline>NH</airline>
              <flight>207</flight>
              <duration_minutes>730</duration_minutes>
              <equip>Boeing 777</equip>
              <miles>5818</miles>
              <dt>2010/09/10 11:50</dt>
              <o>NRT</o>
              <at>2010/09/10 17:00</at>
              <d>MUC</d>
              <cabin>$seg.cabinClass</cabin>
            </segment>
            <segment>
              <airline>LH</airline>
              <flight>3276</flight>
              <duration_minutes>50</duration_minutes>
              <equip>Avro RJ85 Avroliner</equip>
              <miles>164</miles>
              <dt>2010/09/10 19:25</dt>
              <o>MUC</o>
              <at>2010/09/10 20:15</at>
              <d>PRG</d>
              <cabin>$seg.cabinClass</cabin>
            </segment>
          </leg>
         </legs>
      </trip>
                   <trip id="f73041a69d7f672aab7e354c8f564247">
        <price url="/book/flight?code=3e25a76351.OOb65z.0.F.CHEAPTICKETS,CHEAPTICKETS.585040.f73041a69d7f672aab7e354c8f564247&amp;_sid_=6-gKYBzyWfsSJglwjIEMiJ" currency="USD">5850</price>
        <legs>
           <leg>
            <airline>MULT</airline>
            <airline_display>Multiple Airlines</airline_display>
            <orig>NRT</orig>
            <dest>PRG</dest>
            <depart>2010/09/10 10:55</depart>
            <arrive>2010/09/10 17:50</arrive>
            <stops>1</stops>
            <duration_minutes>-1</duration_minutes>
            <cabin>$sleg.cabinClass</cabin>
            <segment>
              <airline>NH</airline>
              <flight>6325</flight>
              <duration_minutes>720</duration_minutes>
              <equip>Boeing 777-200</equip>
              <miles>5685</miles>
              <dt>2010/09/10 10:55</dt>
              <o>NRT</o>
              <at>2010/09/10 15:55</at>
              <d>VIE</d>
              <cabin>$seg.cabinClass</cabin>
            </segment>
            <segment>
              <airline>OS</airline>
              <flight>709</flight>
              <duration_minutes>50</duration_minutes>
              <equip>Fokker 70</equip>
              <miles>171</miles>
              <dt>2010/09/10 17:00</dt>
              <o>VIE</o>
              <at>2010/09/10 17:50</at>
              <d>PRG</d>
              <cabin>$seg.cabinClass</cabin>
            </segment>
          </leg>
         </legs>
      </trip>
                   <trip id="dd950714491aba3b00492951993febf6">
        <price url="/book/flight?code=0af7301533.OOb65z.0.F.CHEAPTICKETS,CHEAPTICKETS.585040.dd950714491aba3b00492951993febf6&amp;_sid_=6-gKYBzyWfsSJglwjIEMiJ" currency="USD">5850</price>
        <legs>
           <leg>
            <airline>MULT</airline>
            <airline_display>Multiple Airlines</airline_display>
            <orig>NRT</orig>
            <dest>PRG</dest>
            <depart>2010/09/10 10:55</depart>
            <arrive>2010/09/10 20:35</arrive>
            <stops>1</stops>
            <duration_minutes>-1</duration_minutes>
            <cabin>$sleg.cabinClass</cabin>
            <segment>
              <airline>NH</airline>
              <flight>6325</flight>
              <duration_minutes>720</duration_minutes>
              <equip>Boeing 777-200</equip>
              <miles>5685</miles>
              <dt>2010/09/10 10:55</dt>
              <o>NRT</o>
              <at>2010/09/10 15:55</at>
              <d>VIE</d>
              <cabin>$seg.cabinClass</cabin>
            </segment>
            <segment>
              <airline>OS</airline>
              <flight>711</flight>
              <duration_minutes>60</duration_minutes>
              <equip>Fokker 70</equip>
              <miles>171</miles>
              <dt>2010/09/10 19:35</dt>
              <o>VIE</o>
              <at>2010/09/10 20:35</at>
              <d>PRG</d>
              <cabin>$seg.cabinClass</cabin>
            </segment>
          </leg>
         </legs>
      </trip>
                   <trip id="8e4e035371d3eb84994be139b99542c8">
        <price url="/book/flight?code=bad31529e3.OOb65z.0.F.ORBITZAIR,ORBITZAIR.585129.8e4e035371d3eb84994be139b99542c8&amp;_sid_=6-gKYBzyWfsSJglwjIEMiJ" currency="USD">5851</price>
        <legs>
           <leg>
            <airline>MULT</airline>
            <airline_display>Multiple Airlines</airline_display>
            <orig>NRT</orig>
            <dest>PRG</dest>
            <depart>2010/09/10 11:00</depart>
            <arrive>2010/09/10 19:25</arrive>
            <stops>2</stops>
            <duration_minutes>-1</duration_minutes>
            <cabin>$sleg.cabinClass</cabin>
            <segment>
              <airline>JL</airline>
              <flight>5071</flight>
              <duration_minutes>620</duration_minutes>
              <equip>Airbus A340</equip>
              <miles>-1</miles>
              <dt>2010/09/10 11:00</dt>
              <o>NRT</o>
              <at>2010/09/10 15:20</at>
              <d>HEL</d>
              <cabin>$seg.cabinClass</cabin>
            </segment>
            <segment>
              <airline>JL</airline>
              <flight>5357</flight>
              <duration_minutes>60</duration_minutes>
              <equip>Airbus A320-100/200</equip>
              <miles>-1</miles>
              <dt>2010/09/10 16:50</dt>
              <o>HEL</o>
              <at>2010/09/10 16:50</at>
              <d>ARN</d>
              <cabin>$seg.cabinClass</cabin>
            </segment>
            <segment>
              <airline>OK</airline>
              <flight>491</flight>
              <duration_minutes>115</duration_minutes>
              <equip>Boeing 737-500</equip>
              <miles>-1</miles>
              <dt>2010/09/10 17:30</dt>
              <o>ARN</o>
              <at>2010/09/10 19:25</at>
              <d>PRG</d>
              <cabin>$seg.cabinClass</cabin>
            </segment>
          </leg>
         </legs>
      </trip>
                   <trip id="597febfadcc434e301b8a356a45d8763">
        <price url="/book/flight?code=c10262da8f.OOb65z.0.F.CHEAPTICKETS,CHEAPTICKETS.585130.597febfadcc434e301b8a356a45d8763&amp;_sid_=6-gKYBzyWfsSJglwjIEMiJ" currency="USD">5851</price>
        <legs>
           <leg>
            <airline>MULT</airline>
            <airline_display>Multiple Airlines</airline_display>
            <orig>NRT</orig>
            <dest>PRG</dest>
            <depart>2010/09/10 09:35</depart>
            <arrive>2010/09/10 17:25</arrive>
            <stops>1</stops>
            <duration_minutes>-1</duration_minutes>
            <cabin>$sleg.cabinClass</cabin>
            <segment>
              <airline>NH</airline>
              <flight>6001</flight>
              <duration_minutes>700</duration_minutes>
              <equip>Airbus A380-800</equip>
              <miles>5817</miles>
              <dt>2010/09/10 09:35</dt>
              <o>NRT</o>
              <at>2010/09/10 14:15</at>
              <d>FRA</d>
              <cabin>$seg.cabinClass</cabin>
            </segment>
            <segment>
              <airline>LH</airline>
              <flight>3262</flight>
              <duration_minutes>60</duration_minutes>
              <equip>Boeing 737-300</equip>
              <miles>252</miles>
              <dt>2010/09/10 16:25</dt>
              <o>FRA</o>
              <at>2010/09/10 17:25</at>
              <d>PRG</d>
              <cabin>$seg.cabinClass</cabin>
            </segment>
          </leg>
         </legs>
      </trip>
                   <trip id="bcc070f6359360966a45d5e71ab04b74">
        <price url="/book/flight?code=63ca0dad76.OOb65z.0.F.CHEAPTICKETS,CHEAPTICKETS.585130.bcc070f6359360966a45d5e71ab04b74&amp;_sid_=6-gKYBzyWfsSJglwjIEMiJ" currency="USD">5851</price>
        <legs>
           <leg>
            <airline>MULT</airline>
            <airline_display>Multiple Airlines</airline_display>
            <orig>NRT</orig>
            <dest>PRG</dest>
            <depart>2010/09/10 09:35</depart>
            <arrive>2010/09/10 18:30</arrive>
            <stops>1</stops>
            <duration_minutes>-1</duration_minutes>
            <cabin>$sleg.cabinClass</cabin>
            <segment>
              <airline>NH</airline>
              <flight>6001</flight>
              <duration_minutes>700</duration_minutes>
              <equip>Airbus A380-800</equip>
              <miles>5817</miles>
              <dt>2010/09/10 09:35</dt>
              <o>NRT</o>
              <at>2010/09/10 14:15</at>
              <d>FRA</d>
              <cabin>$seg.cabinClass</cabin>
            </segment>
            <segment>
              <airline>LH</airline>
              <flight>3264</flight>
              <duration_minutes>60</duration_minutes>
              <equip>Boeing 737-300</equip>
              <miles>252</miles>
              <dt>2010/09/10 17:30</dt>
              <o>FRA</o>
              <at>2010/09/10 18:30</at>
              <d>PRG</d>
              <cabin>$seg.cabinClass</cabin>
            </segment>
          </leg>
         </legs>
      </trip>
                   <trip id="c0da962084e5e7cb4667edea1b661e11">
        <price url="/book/flight?code=66c62cad57.OOb65z.0.F.CHEAPTICKETS,CHEAPTICKETS.585240.c0da962084e5e7cb4667edea1b661e11&amp;_sid_=6-gKYBzyWfsSJglwjIEMiJ" currency="USD">5852</price>
        <legs>
           <leg>
            <airline>MULT</airline>
            <airline_display>Multiple Airlines</airline_display>
            <orig>NRT</orig>
            <dest>PRG</dest>
            <depart>2010/09/10 11:20</depart>
            <arrive>2010/09/10 20:50</arrive>
            <stops>1</stops>
            <duration_minutes>-1</duration_minutes>
            <cabin>$sleg.cabinClass</cabin>
            <segment>
              <airline>NH</airline>
              <flight>205</flight>
              <duration_minutes>740</duration_minutes>
              <equip>Boeing 747-400</equip>
              <miles>-1</miles>
              <dt>2010/09/10 11:20</dt>
              <o>NRT</o>
              <at>2010/09/10 16:40</at>
              <d>CDG</d>
              <cabin>$seg.cabinClass</cabin>
            </segment>
            <segment>
              <airline>AF</airline>
              <flight>4906</flight>
              <duration_minutes>100</duration_minutes>
              <equip>Airbus A319</equip>
              <miles>-1</miles>
              <dt>2010/09/10 19:10</dt>
              <o>CDG</o>
              <at>2010/09/10 20:50</at>
              <d>PRG</d>
              <cabin>$seg.cabinClass</cabin>
            </segment>
          </leg>
         </legs>
      </trip>
                   <trip id="6269ea390d4081fb5fe0e4f81a4cf0b9">
        <price url="/book/flight?code=0fdee36d6d.OOb65z.0.F.CHEAPTICKETS,CHEAPTICKETS.585390.6269ea390d4081fb5fe0e4f81a4cf0b9&amp;_sid_=6-gKYBzyWfsSJglwjIEMiJ" currency="USD">5854</price>
        <legs>
           <leg>
            <airline>MULT</airline>
            <airline_display>Multiple Airlines</airline_display>
            <orig>NRT</orig>
            <dest>PRG</dest>
            <depart>2010/09/10 09:35</depart>
            <arrive>2010/09/10 19:05</arrive>
            <stops>2</stops>
            <duration_minutes>-1</duration_minutes>
            <cabin>$sleg.cabinClass</cabin>
            <segment>
              <airline>NH</airline>
              <flight>6001</flight>
              <duration_minutes>700</duration_minutes>
              <equip>Airbus A380-800</equip>
              <miles>5817</miles>
              <dt>2010/09/10 09:35</dt>
              <o>NRT</o>
              <at>2010/09/10 14:15</at>
              <d>FRA</d>
              <cabin>$seg.cabinClass</cabin>
            </segment>
            <segment>
              <airline>SN</airline>
              <flight>7006</flight>
              <duration_minutes>55</duration_minutes>
              <equip>Airbus A319</equip>
              <miles>-1</miles>
              <dt>2010/09/10 15:50</dt>
              <o>FRA</o>
              <at>2010/09/10 16:45</at>
              <d>BRU</d>
              <cabin>$seg.cabinClass</cabin>
            </segment>
            <segment>
              <airline>OK</airline>
              <flight>637</flight>
              <duration_minutes>85</duration_minutes>
              <equip>Boeing 737-500</equip>
              <miles>-1</miles>
              <dt>2010/09/10 17:40</dt>
              <o>BRU</o>
              <at>2010/09/10 19:05</at>
              <d>PRG</d>
              <cabin>$seg.cabinClass</cabin>
            </segment>
          </leg>
         </legs>
      </trip>
                   <trip id="7ad312b9751f01c0b880771bdf0fe6ba">
        <price url="/book/flight?code=e97346c718.OOb65z.0.F.ORBITZAIR,ORBITZAIR.586229.7ad312b9751f01c0b880771bdf0fe6ba&amp;_sid_=6-gKYBzyWfsSJglwjIEMiJ" currency="USD">5862</price>
        <legs>
           <leg>
            <airline>MULT</airline>
            <airline_display>Multiple Airlines</airline_display>
            <orig>NRT</orig>
            <dest>PRG</dest>
            <depart>2010/09/10 12:15</depart>
            <arrive>2010/09/10 23:20</arrive>
            <stops>1</stops>
            <duration_minutes>-1</duration_minutes>
            <cabin>$sleg.cabinClass</cabin>
            <segment>
              <airline>JL</airline>
              <flight>407</flight>
              <duration_minutes>725</duration_minutes>
              <equip>Boeing 777-300</equip>
              <miles>-1</miles>
              <dt>2010/09/10 12:15</dt>
              <o>NRT</o>
              <at>2010/09/10 17:20</at>
              <d>FRA</d>
              <cabin>$seg.cabinClass</cabin>
            </segment>
            <segment>
              <airline>LH</airline>
              <flight>3266</flight>
              <duration_minutes>60</duration_minutes>
              <equip>Airbus A321-100/200</equip>
              <miles>252</miles>
              <dt>2010/09/10 22:20</dt>
              <o>FRA</o>
              <at>2010/09/10 23:20</at>
              <d>PRG</d>
              <cabin>$seg.cabinClass</cabin>
            </segment>
          </leg>
         </legs>
      </trip>
                   <trip id="c691e72873765c2a15b544648e317fef">
        <price url="/book/flight?code=1b106dff14.OOb65z.0.F.ORBITZAIR,ORBITZAIR.586229.c691e72873765c2a15b544648e317fef&amp;_sid_=6-gKYBzyWfsSJglwjIEMiJ" currency="USD">5862</price>
        <legs>
           <leg>
            <airline>MULT</airline>
            <airline_display>Multiple Airlines</airline_display>
            <orig>NRT</orig>
            <dest>PRG</dest>
            <depart>2010/09/10 11:25</depart>
            <arrive>2010/09/10 23:20</arrive>
            <stops>1</stops>
            <duration_minutes>-1</duration_minutes>
            <cabin>$sleg.cabinClass</cabin>
            <segment>
              <airline>NH</airline>
              <flight>209</flight>
              <duration_minutes>730</duration_minutes>
              <equip>Boeing 777-300ER</equip>
              <miles>5817</miles>
              <dt>2010/09/10 11:25</dt>
              <o>NRT</o>
              <at>2010/09/10 16:35</at>
              <d>FRA</d>
              <cabin>$seg.cabinClass</cabin>
            </segment>
            <segment>
              <airline>LH</airline>
              <flight>3266</flight>
              <duration_minutes>60</duration_minutes>
              <equip>Airbus A321-100/200</equip>
              <miles>252</miles>
              <dt>2010/09/10 22:20</dt>
              <o>FRA</o>
              <at>2010/09/10 23:20</at>
              <d>PRG</d>
              <cabin>$seg.cabinClass</cabin>
            </segment>
          </leg>
         </legs>
      </trip>
                   <trip id="ea46ad91f384a2a118c8c07505164a00">
        <price url="/book/flight?code=e9146d9b1f.OOb65z.0.F.ORBITZAIR,ORBITZAIR.586339.ea46ad91f384a2a118c8c07505164a00&amp;_sid_=6-gKYBzyWfsSJglwjIEMiJ" currency="USD">5863</price>
        <legs>
           <leg>
            <airline>MULT</airline>
            <airline_display>Multiple Airlines</airline_display>
            <orig>NRT</orig>
            <dest>PRG</dest>
            <depart>2010/09/10 11:05</depart>
            <arrive>2010/09/10 19:50</arrive>
            <stops>1</stops>
            <duration_minutes>-1</duration_minutes>
            <cabin>$sleg.cabinClass</cabin>
            <segment>
              <airline>JL</airline>
              <flight>405</flight>
              <duration_minutes>755</duration_minutes>
              <equip>Boeing 777-300</equip>
              <miles>6030</miles>
              <dt>2010/09/10 11:05</dt>
              <o>NRT</o>
              <at>2010/09/10 16:40</at>
              <d>CDG</d>
              <cabin>$seg.cabinClass</cabin>
            </segment>
            <segment>
              <airline>AF</airline>
              <flight>2482</flight>
              <duration_minutes>95</duration_minutes>
              <equip>Airbus A320-100/200</equip>
              <miles>-1</miles>
              <dt>2010/09/10 18:15</dt>
              <o>CDG</o>
              <at>2010/09/10 19:50</at>
              <d>PRG</d>
              <cabin>$seg.cabinClass</cabin>
            </segment>
          </leg>
         </legs>
      </trip>
                   <trip id="e06be4c28b40adf856bba38568a7b4ee">
        <price url="/book/flight?code=6c1903092e.OOb65z.0.F.ORBITZAIR,ORBITZAIR.586339.e06be4c28b40adf856bba38568a7b4ee&amp;_sid_=6-gKYBzyWfsSJglwjIEMiJ" currency="USD">5863</price>
        <legs>
           <leg>
            <airline>MULT</airline>
            <airline_display>Multiple Airlines</airline_display>
            <orig>NRT</orig>
            <dest>PRG</dest>
            <depart>2010/09/10 11:05</depart>
            <arrive>2010/09/10 20:50</arrive>
            <stops>1</stops>
            <duration_minutes>-1</duration_minutes>
            <cabin>$sleg.cabinClass</cabin>
            <segment>
              <airline>JL</airline>
              <flight>405</flight>
              <duration_minutes>755</duration_minutes>
              <equip>Boeing 777-300</equip>
              <miles>6030</miles>
              <dt>2010/09/10 11:05</dt>
              <o>NRT</o>
              <at>2010/09/10 16:40</at>
              <d>CDG</d>
              <cabin>$seg.cabinClass</cabin>
            </segment>
            <segment>
              <airline>AF</airline>
              <flight>4906</flight>
              <duration_minutes>100</duration_minutes>
              <equip>Airbus A319</equip>
              <miles>-1</miles>
              <dt>2010/09/10 19:10</dt>
              <o>CDG</o>
              <at>2010/09/10 20:50</at>
              <d>PRG</d>
              <cabin>$seg.cabinClass</cabin>
            </segment>
          </leg>
         </legs>
      </trip>
                   <trip id="935f6e476e6e659d56d77a2e52ec4628">
        <price url="/book/flight?code=cff34b7c11.OOb65z.0.F.ORBITZAIR,ORBITZAIR.586339.935f6e476e6e659d56d77a2e52ec4628&amp;_sid_=6-gKYBzyWfsSJglwjIEMiJ" currency="USD">5863</price>
        <legs>
           <leg>
            <airline>MULT</airline>
            <airline_display>Multiple Airlines</airline_display>
            <orig>NRT</orig>
            <dest>PRG</dest>
            <depart>2010/09/10 11:20</depart>
            <arrive>2010/09/10 22:30</arrive>
            <stops>1</stops>
            <duration_minutes>-1</duration_minutes>
            <cabin>$sleg.cabinClass</cabin>
            <segment>
              <airline>NH</airline>
              <flight>205</flight>
              <duration_minutes>740</duration_minutes>
              <equip>Boeing 747-400</equip>
              <miles>-1</miles>
              <dt>2010/09/10 11:20</dt>
              <o>NRT</o>
              <at>2010/09/10 16:40</at>
              <d>CDG</d>
              <cabin>$seg.cabinClass</cabin>
            </segment>
            <segment>
              <airline>AF</airline>
              <flight>4904</flight>
              <duration_minutes>105</duration_minutes>
              <equip>Airbus A320-100/200</equip>
              <miles>-1</miles>
              <dt>2010/09/10 20:45</dt>
              <o>CDG</o>
              <at>2010/09/10 22:30</at>
              <d>PRG</d>
              <cabin>$seg.cabinClass</cabin>
            </segment>
          </leg>
         </legs>
      </trip>
                   <trip id="d34a6e7e9fafb2c3ffd2cd6aca536803">
        <price url="/book/flight?code=5cdc044223.OOb65z.0.F.ORBITZAIR,ORBITZAIR.586339.d34a6e7e9fafb2c3ffd2cd6aca536803&amp;_sid_=6-gKYBzyWfsSJglwjIEMiJ" currency="USD">5863</price>
        <legs>
           <leg>
            <airline>MULT</airline>
            <airline_display>Multiple Airlines</airline_display>
            <orig>NRT</orig>
            <dest>PRG</dest>
            <depart>2010/09/10 11:05</depart>
            <arrive>2010/09/10 22:30</arrive>
            <stops>1</stops>
            <duration_minutes>-1</duration_minutes>
            <cabin>$sleg.cabinClass</cabin>
            <segment>
              <airline>JL</airline>
              <flight>405</flight>
              <duration_minutes>755</duration_minutes>
              <equip>Boeing 777-300</equip>
              <miles>6030</miles>
              <dt>2010/09/10 11:05</dt>
              <o>NRT</o>
              <at>2010/09/10 16:40</at>
              <d>CDG</d>
              <cabin>$seg.cabinClass</cabin>
            </segment>
            <segment>
              <airline>AF</airline>
              <flight>4904</flight>
              <duration_minutes>105</duration_minutes>
              <equip>Airbus A320-100/200</equip>
              <miles>-1</miles>
              <dt>2010/09/10 20:45</dt>
              <o>CDG</o>
              <at>2010/09/10 22:30</at>
              <d>PRG</d>
              <cabin>$seg.cabinClass</cabin>
            </segment>
          </leg>
         </legs>
      </trip>
                   <trip id="9e880f9cfe2b45720c16161ceb2224ff">
        <price url="/book/flight?code=68135c3e6a.OOb65z.0.F.NH,ITA.588460.9e880f9cfe2b45720c16161ceb2224ff&amp;_sid_=6-gKYBzyWfsSJglwjIEMiJ" currency="USD">5885</price>
        <legs>
           <leg>
            <airline>NH</airline>
            <airline_display>All Nippon</airline_display>
            <orig>NRT</orig>
            <dest>PRG</dest>
            <depart>2010/09/10 10:25</depart>
            <arrive>2010/09/10 23:20</arrive>
            <stops>2</stops>
            <duration_minutes>-1</duration_minutes>
            <cabin>$sleg.cabinClass</cabin>
            <segment>
              <airline>NH</airline>
              <flight>6751</flight>
              <duration_minutes>750</duration_minutes>
              <equip>Airbus A340-300</equip>
              <miles>5959</miles>
              <dt>2010/09/10 10:25</dt>
              <o>NRT</o>
              <at>2010/09/10 15:55</at>
              <d>ZRH</d>
              <cabin>$seg.cabinClass</cabin>
            </segment>
            <segment>
              <airline>NH</airline>
              <flight>6100</flight>
              <duration_minutes>60</duration_minutes>
              <equip>Boeing 737-300</equip>
              <miles>177</miles>
              <dt>2010/09/10 18:15</dt>
              <o>ZRH</o>
              <at>2010/09/10 19:15</at>
              <d>FRA</d>
              <cabin>$seg.cabinClass</cabin>
            </segment>
            <segment>
              <airline>NH</airline>
              <flight>6199</flight>
              <duration_minutes>60</duration_minutes>
              <equip>Airbus A321-100/200</equip>
              <miles>252</miles>
              <dt>2010/09/10 22:20</dt>
              <o>FRA</o>
              <at>2010/09/10 23:20</at>
              <d>PRG</d>
              <cabin>$seg.cabinClass</cabin>
            </segment>
          </leg>
         </legs>
      </trip>
                   <trip id="f846aa5266b3e153fd84ca8d84bbcdec">
        <price url="/book/flight?code=c8e20a1aeb.OOb65z.0.F.NH,ITA.588540.f846aa5266b3e153fd84ca8d84bbcdec&amp;_sid_=6-gKYBzyWfsSJglwjIEMiJ" currency="USD">5885</price>
        <legs>
           <leg>
            <airline>NH</airline>
            <airline_display>All Nippon</airline_display>
            <orig>NRT</orig>
            <dest>PRG</dest>
            <depart>2010/09/10 10:55</depart>
            <arrive>2010/09/10 23:20</arrive>
            <stops>2</stops>
            <duration_minutes>-1</duration_minutes>
            <cabin>$sleg.cabinClass</cabin>
            <segment>
              <airline>NH</airline>
              <flight>6325</flight>
              <duration_minutes>720</duration_minutes>
              <equip>Boeing 777-200</equip>
              <miles>5685</miles>
              <dt>2010/09/10 10:55</dt>
              <o>NRT</o>
              <at>2010/09/10 15:55</at>
              <d>VIE</d>
              <cabin>$seg.cabinClass</cabin>
            </segment>
            <segment>
              <airline>NH</airline>
              <flight>6330</flight>
              <duration_minutes>95</duration_minutes>
              <equip>Airbus A321-100/200</equip>
              <miles>384</miles>
              <dt>2010/09/10 17:35</dt>
              <o>VIE</o>
              <at>2010/09/10 19:10</at>
              <d>FRA</d>
              <cabin>$seg.cabinClass</cabin>
            </segment>
            <segment>
              <airline>NH</airline>
              <flight>6199</flight>
              <duration_minutes>60</duration_minutes>
              <equip>Airbus A321-100/200</equip>
              <miles>252</miles>
              <dt>2010/09/10 22:20</dt>
              <o>FRA</o>
              <at>2010/09/10 23:20</at>
              <d>PRG</d>
              <cabin>$seg.cabinClass</cabin>
            </segment>
          </leg>
         </legs>
      </trip>
                   <trip id="186afc75eb4812841818499396b21b12">
        <price url="/book/flight?code=186765b760.OOb65z.0.F.NH,ITA.588920.186afc75eb4812841818499396b21b12&amp;_sid_=6-gKYBzyWfsSJglwjIEMiJ" currency="USD">5889</price>
        <legs>
           <leg>
            <airline>NH</airline>
            <airline_display>All Nippon</airline_display>
            <orig>NRT</orig>
            <dest>PRG</dest>
            <depart>2010/09/10 10:55</depart>
            <arrive>2010/09/10 20:15</arrive>
            <stops>2</stops>
            <duration_minutes>-1</duration_minutes>
            <cabin>$sleg.cabinClass</cabin>
            <segment>
              <airline>NH</airline>
              <flight>6325</flight>
              <duration_minutes>720</duration_minutes>
              <equip>Boeing 777-200</equip>
              <miles>5685</miles>
              <dt>2010/09/10 10:55</dt>
              <o>NRT</o>
              <at>2010/09/10 15:55</at>
              <d>VIE</d>
              <cabin>$seg.cabinClass</cabin>
            </segment>
            <segment>
              <airline>NH</airline>
              <flight>6303</flight>
              <duration_minutes>60</duration_minutes>
              <equip>Fokker 100</equip>
              <miles>219</miles>
              <dt>2010/09/10 16:45</dt>
              <o>VIE</o>
              <at>2010/09/10 17:45</at>
              <d>MUC</d>
              <cabin>$seg.cabinClass</cabin>
            </segment>
            <segment>
              <airline>NH</airline>
              <flight>6069</flight>
              <duration_minutes>50</duration_minutes>
              <equip>Avro RJ85 Avroliner</equip>
              <miles>164</miles>
              <dt>2010/09/10 19:25</dt>
              <o>MUC</o>
              <at>2010/09/10 20:15</at>
              <d>PRG</d>
              <cabin>$seg.cabinClass</cabin>
            </segment>
          </leg>
         </legs>
      </trip>
                   <trip id="458356258ea27e60a6dede8924526043">
        <price url="/book/flight?code=64aa11388d.OOb65z.0.F.CHEAPTICKETS,CHEAPTICKETS.590010.458356258ea27e60a6dede8924526043&amp;_sid_=6-gKYBzyWfsSJglwjIEMiJ" currency="USD">5900</price>
        <legs>
           <leg>
            <airline>MULT</airline>
            <airline_display>Multiple Airlines</airline_display>
            <orig>NRT</orig>
            <dest>PRG</dest>
            <depart>2010/09/10 09:35</depart>
            <arrive>2010/09/10 19:50</arrive>
            <stops>2</stops>
            <duration_minutes>-1</duration_minutes>
            <cabin>$sleg.cabinClass</cabin>
            <segment>
              <airline>NH</airline>
              <flight>6001</flight>
              <duration_minutes>700</duration_minutes>
              <equip>Airbus A380-800</equip>
              <miles>5817</miles>
              <dt>2010/09/10 09:35</dt>
              <o>NRT</o>
              <at>2010/09/10 14:15</at>
              <d>FRA</d>
              <cabin>$seg.cabinClass</cabin>
            </segment>
            <segment>
              <airline>LH</airline>
              <flight>808</flight>
              <duration_minutes>45</duration_minutes>
              <equip>Boeing 737-500</equip>
              <miles>-1</miles>
              <dt>2010/09/10 16:40</dt>
              <o>FRA</o>
              <at>2010/09/10 17:25</at>
              <d>DUS</d>
              <cabin>$seg.cabinClass</cabin>
            </segment>
            <segment>
              <airline>LH</airline>
              <flight>3286</flight>
              <duration_minutes>75</duration_minutes>
              <equip>Canadair Regional Jet 900</equip>
              <miles>-1</miles>
              <dt>2010/09/10 18:35</dt>
              <o>DUS</o>
              <at>2010/09/10 19:50</at>
              <d>PRG</d>
              <cabin>$seg.cabinClass</cabin>
            </segment>
          </leg>
         </legs>
      </trip>
                   <trip id="acb4fa4a91bdaabd3a3d4cbf11419670">
        <price url="/book/flight?code=6a5dcd8560.OOb65z.0.F.CHEAPTICKETS,CHEAPTICKETS.591780.acb4fa4a91bdaabd3a3d4cbf11419670&amp;_sid_=6-gKYBzyWfsSJglwjIEMiJ" currency="USD">5918</price>
        <legs>
           <leg>
            <airline>MULT</airline>
            <airline_display>Multiple Airlines</airline_display>
            <orig>NRT</orig>
            <dest>PRG</dest>
            <depart>2010/09/10 09:35</depart>
            <arrive>2010/09/10 19:50</arrive>
            <stops>2</stops>
            <duration_minutes>-1</duration_minutes>
            <cabin>$sleg.cabinClass</cabin>
            <segment>
              <airline>NH</airline>
              <flight>6001</flight>
              <duration_minutes>700</duration_minutes>
              <equip>Airbus A380-800</equip>
              <miles>5817</miles>
              <dt>2010/09/10 09:35</dt>
              <o>NRT</o>
              <at>2010/09/10 14:15</at>
              <d>FRA</d>
              <cabin>$seg.cabinClass</cabin>
            </segment>
            <segment>
              <airline>AF</airline>
              <flight>1919</flight>
              <duration_minutes>80</duration_minutes>
              <equip>Airbus A318</equip>
              <miles>-1</miles>
              <dt>2010/09/10 15:55</dt>
              <o>FRA</o>
              <at>2010/09/10 17:15</at>
              <d>CDG</d>
              <cabin>$seg.cabinClass</cabin>
            </segment>
            <segment>
              <airline>AF</airline>
              <flight>2482</flight>
              <duration_minutes>95</duration_minutes>
              <equip>Airbus A320-100/200</equip>
              <miles>-1</miles>
              <dt>2010/09/10 18:15</dt>
              <o>CDG</o>
              <at>2010/09/10 19:50</at>
              <d>PRG</d>
              <cabin>$seg.cabinClass</cabin>
            </segment>
          </leg>
         </legs>
      </trip>
                   <trip id="5f2f3f7aeb0f68cf5b3b782615b34f62">
        <price url="/book/flight?code=d3479fc73e.OOb65z.0.F.JL,ITA.609820.5f2f3f7aeb0f68cf5b3b782615b34f62&amp;_sid_=6-gKYBzyWfsSJglwjIEMiJ" currency="USD">6098</price>
        <legs>
           <leg>
            <airline>JL</airline>
            <airline_display>Japan Airlines</airline_display>
            <orig>NRT</orig>
            <dest>PRG</dest>
            <depart>2010/09/10 12:00</depart>
            <arrive>2010/09/10 21:35</arrive>
            <stops>1</stops>
            <duration_minutes>-1</duration_minutes>
            <cabin>$sleg.cabinClass</cabin>
            <segment>
              <airline>JL</airline>
              <flight>401</flight>
              <duration_minutes>755</duration_minutes>
              <equip>Boeing 777-300</equip>
              <miles>5957</miles>
              <dt>2010/09/10 12:00</dt>
              <o>NRT</o>
              <at>2010/09/10 16:35</at>
              <d>LHR</d>
              <cabin>$seg.cabinClass</cabin>
            </segment>
            <segment>
              <airline>JL</airline>
              <flight>5163</flight>
              <duration_minutes>120</duration_minutes>
              <equip>Airbus A320-100/200</equip>
              <miles>648</miles>
              <dt>2010/09/10 18:35</dt>
              <o>LHR</o>
              <at>2010/09/10 21:35</at>
              <d>PRG</d>
              <cabin>$seg.cabinClass</cabin>
            </segment>
          </leg>
         </legs>
      </trip>
                   <trip id="30a7972dd8b71de5ba502cfefb8db97d">
        <price url="/book/flight?code=ec07a865ba.OOb65z.0.F.TG,ITA.610860.30a7972dd8b71de5ba502cfefb8db97d&amp;_sid_=6-gKYBzyWfsSJglwjIEMiJ" currency="USD">6109</price>
        <legs>
           <leg>
            <airline>TG</airline>
            <airline_display>Thai Airways</airline_display>
            <orig>NRT</orig>
            <dest>PRG</dest>
            <depart>2010/09/10 16:55</depart>
            <arrive>2010/09/11 09:40</arrive>
            <stops>2</stops>
            <duration_minutes>-1</duration_minutes>
            <cabin>$sleg.cabinClass</cabin>
            <segment>
              <airline>TG</airline>
              <flight>677</flight>
              <duration_minutes>390</duration_minutes>
              <equip>Boeing 777-300</equip>
              <miles>2887</miles>
              <dt>2010/09/10 16:55</dt>
              <o>NRT</o>
              <at>2010/09/10 21:25</at>
              <d>BKK</d>
              <cabin>$seg.cabinClass</cabin>
            </segment>
            <segment>
              <airline>TG</airline>
              <flight>920</flight>
              <duration_minutes>675</duration_minutes>
              <equip>Boeing 747-400</equip>
              <miles>5589</miles>
              <dt>2010/09/10 23:45</dt>
              <o>BKK</o>
              <at>2010/09/11 06:00</at>
              <d>FRA</d>
              <cabin>$seg.cabinClass</cabin>
            </segment>
            <segment>
              <airline>TG</airline>
              <flight>7698</flight>
              <duration_minutes>60</duration_minutes>
              <equip>Boeing 737-300</equip>
              <miles>252</miles>
              <dt>2010/09/11 08:40</dt>
              <o>FRA</o>
              <at>2010/09/11 09:40</at>
              <d>PRG</d>
              <cabin>$seg.cabinClass</cabin>
            </segment>
          </leg>
         </legs>
      </trip>
                   <trip id="b98692e66fda997426a39922e3aec577">
        <price url="/book/flight?code=9b1764321f.OOb65z.0.F.TG,ITA.610860.b98692e66fda997426a39922e3aec577&amp;_sid_=6-gKYBzyWfsSJglwjIEMiJ" currency="USD">6109</price>
        <legs>
           <leg>
            <airline>TG</airline>
            <airline_display>Thai Airways</airline_display>
            <orig>NRT</orig>
            <dest>PRG</dest>
            <depart>2010/09/10 16:55</depart>
            <arrive>2010/09/11 09:40</arrive>
            <stops>2</stops>
            <duration_minutes>-1</duration_minutes>
            <cabin>$sleg.cabinClass</cabin>
            <segment>
              <airline>TG</airline>
              <flight>677</flight>
              <duration_minutes>390</duration_minutes>
              <equip>Boeing 777-300</equip>
              <miles>2887</miles>
              <dt>2010/09/10 16:55</dt>
              <o>NRT</o>
              <at>2010/09/10 21:25</at>
              <d>BKK</d>
              <cabin>$seg.cabinClass</cabin>
            </segment>
            <segment>
              <airline>TG</airline>
              <flight>7662</flight>
              <duration_minutes>675</duration_minutes>
              <equip>Boeing 747-400</equip>
              <miles>5589</miles>
              <dt>2010/09/10 23:55</dt>
              <o>BKK</o>
              <at>2010/09/11 06:10</at>
              <d>FRA</d>
              <cabin>$seg.cabinClass</cabin>
            </segment>
            <segment>
              <airline>TG</airline>
              <flight>7698</flight>
              <duration_minutes>60</duration_minutes>
              <equip>Boeing 737-300</equip>
              <miles>252</miles>
              <dt>2010/09/11 08:40</dt>
              <o>FRA</o>
              <at>2010/09/11 09:40</at>
              <d>PRG</d>
              <cabin>$seg.cabinClass</cabin>
            </segment>
          </leg>
         </legs>
      </trip>
                   <trip id="857034c222e738ff8103d81a2287da83">
        <price url="/book/flight?code=c8eef7bf53.OOb65z.0.F.ORBITZAIR,ORBITZAIR.629309.857034c222e738ff8103d81a2287da83&amp;_sid_=6-gKYBzyWfsSJglwjIEMiJ" currency="USD">6293</price>
        <legs>
           <leg>
            <airline>MULT</airline>
            <airline_display>Multiple Airlines</airline_display>
            <orig>NRT</orig>
            <dest>PRG</dest>
            <depart>2010/09/10 19:00</depart>
            <arrive>2010/09/11 09:35</arrive>
            <stops>2</stops>
            <duration_minutes>-1</duration_minutes>
            <cabin>$sleg.cabinClass</cabin>
            <segment>
              <airline>CA</airline>
              <flight>168</flight>
              <duration_minutes>235</duration_minutes>
              <equip>Boeing 737-800</equip>
              <miles>-1</miles>
              <dt>2010/09/10 19:00</dt>
              <o>NRT</o>
              <at>2010/09/10 21:55</at>
              <d>PEK</d>
              <cabin>$seg.cabinClass</cabin>
            </segment>
            <segment>
              <airline>MA</airline>
              <flight>6071</flight>
              <duration_minutes>610</duration_minutes>
              <equip>Boeing 767-300</equip>
              <miles>-1</miles>
              <dt>2010/09/11 01:20</dt>
              <o>PEK</o>
              <at>2010/09/11 05:30</at>
              <d>BUD</d>
              <cabin>$seg.cabinClass</cabin>
            </segment>
            <segment>
              <airline>MA</airline>
              <flight>820</flight>
              <duration_minutes>75</duration_minutes>
              <equip>De Havilland Canada DHC-8-400 Dash 8Q</equip>
              <miles>-1</miles>
              <dt>2010/09/11 08:20</dt>
              <o>BUD</o>
              <at>2010/09/11 09:35</at>
              <d>PRG</d>
              <cabin>$seg.cabinClass</cabin>
            </segment>
          </leg>
         </legs>
      </trip>
                   <trip id="4a092954d67454e1c35366036c57d17a">
        <price url="/book/flight?code=d064cdff8a.OOb65z.0.F.CHEAPTICKETS,CHEAPTICKETS.629309.4a092954d67454e1c35366036c57d17a&amp;_sid_=6-gKYBzyWfsSJglwjIEMiJ" currency="USD">6293</price>
        <legs>
           <leg>
            <airline>MULT</airline>
            <airline_display>Multiple Airlines</airline_display>
            <orig>NRT</orig>
            <dest>PRG</dest>
            <depart>2010/09/10 18:15</depart>
            <arrive>2010/09/11 09:35</arrive>
            <stops>2</stops>
            <duration_minutes>-1</duration_minutes>
            <cabin>$sleg.cabinClass</cabin>
            <segment>
              <airline>JL</airline>
              <flight>869</flight>
              <duration_minutes>240</duration_minutes>
              <equip>Boeing 767</equip>
              <miles>-1</miles>
              <dt>2010/09/10 18:15</dt>
              <o>NRT</o>
              <at>2010/09/10 21:15</at>
              <d>PEK</d>
              <cabin>$seg.cabinClass</cabin>
            </segment>
            <segment>
              <airline>MA</airline>
              <flight>6071</flight>
              <duration_minutes>610</duration_minutes>
              <equip>Boeing 767-300</equip>
              <miles>-1</miles>
              <dt>2010/09/11 01:20</dt>
              <o>PEK</o>
              <at>2010/09/11 05:30</at>
              <d>BUD</d>
              <cabin>$seg.cabinClass</cabin>
            </segment>
            <segment>
              <airline>MA</airline>
              <flight>820</flight>
              <duration_minutes>75</duration_minutes>
              <equip>De Havilland Canada DHC-8-400 Dash 8Q</equip>
              <miles>-1</miles>
              <dt>2010/09/11 08:20</dt>
              <o>BUD</o>
              <at>2010/09/11 09:35</at>
              <d>PRG</d>
              <cabin>$seg.cabinClass</cabin>
            </segment>
          </leg>
         </legs>
      </trip>
                   <trip id="bc25a9ac2a5244074928acee28b47f2d">
        <price url="/book/flight?code=016e7672c6.OOb65z.0.F.AA,AA.651930.bc25a9ac2a5244074928acee28b47f2d&amp;_sid_=6-gKYBzyWfsSJglwjIEMiJ" currency="USD">6519</price>
        <legs>
           <leg>
            <airline>AA</airline>
            <airline_display>American Airlines</airline_display>
            <orig>NRT</orig>
            <dest>PRG</dest>
            <depart>2010/09/10 17:20</depart>
            <arrive>2010/09/12 10:55</arrive>
            <stops>2</stops>
            <duration_minutes>-1</duration_minutes>
            <cabin>$sleg.cabinClass</cabin>
            <segment>
              <airline>AA</airline>
              <flight>5830</flight>
              <duration_minutes>580</duration_minutes>
              <equip>Boeing 777-300</equip>
              <miles>-1</miles>
              <dt>2010/09/10 17:20</dt>
              <o>NRT</o>
              <at>2010/09/10 11:00</at>
              <d>LAX</d>
              <cabin>$seg.cabinClass</cabin>
            </segment>
            <segment>
              <airline>AA</airline>
              <flight>136</flight>
              <duration_minutes>620</duration_minutes>
              <equip>Boeing 777</equip>
              <miles>-1</miles>
              <dt>2010/09/10 19:55</dt>
              <o>LAX</o>
              <at>2010/09/11 14:15</at>
              <d>LHR</d>
              <cabin>$seg.cabinClass</cabin>
            </segment>
            <segment>
              <airline>AA</airline>
              <flight>6500</flight>
              <duration_minutes>120</duration_minutes>
              <equip>Airbus A320-100/200</equip>
              <miles>-1</miles>
              <dt>2010/09/12 07:55</dt>
              <o>LHR</o>
              <at>2010/09/12 10:55</at>
              <d>PRG</d>
              <cabin>$seg.cabinClass</cabin>
            </segment>
          </leg>
         </legs>
      </trip>
                   <trip id="82cf06b0e71e4d990f80f8d698e8d70c">
        <price url="/book/flight?code=c58f81b649.OOb65z.0.F.AA,AA.651930.82cf06b0e71e4d990f80f8d698e8d70c&amp;_sid_=6-gKYBzyWfsSJglwjIEMiJ" currency="USD">6519</price>
        <legs>
           <leg>
            <airline>AA</airline>
            <airline_display>American Airlines</airline_display>
            <orig>NRT</orig>
            <dest>PRG</dest>
            <depart>2010/09/10 16:00</depart>
            <arrive>2010/09/12 10:55</arrive>
            <stops>2</stops>
            <duration_minutes>-1</duration_minutes>
            <cabin>$sleg.cabinClass</cabin>
            <segment>
              <airline>AA</airline>
              <flight>170</flight>
              <duration_minutes>585</duration_minutes>
              <equip>Boeing 777</equip>
              <miles>-1</miles>
              <dt>2010/09/10 16:00</dt>
              <o>NRT</o>
              <at>2010/09/10 09:45</at>
              <d>LAX</d>
              <cabin>$seg.cabinClass</cabin>
            </segment>
            <segment>
              <airline>AA</airline>
              <flight>136</flight>
              <duration_minutes>620</duration_minutes>
              <equip>Boeing 777</equip>
              <miles>-1</miles>
              <dt>2010/09/10 19:55</dt>
              <o>LAX</o>
              <at>2010/09/11 14:15</at>
              <d>LHR</d>
              <cabin>$seg.cabinClass</cabin>
            </segment>
            <segment>
              <airline>AA</airline>
              <flight>6500</flight>
              <duration_minutes>120</duration_minutes>
              <equip>Airbus A320-100/200</equip>
              <miles>-1</miles>
              <dt>2010/09/12 07:55</dt>
              <o>LHR</o>
              <at>2010/09/12 10:55</at>
              <d>PRG</d>
              <cabin>$seg.cabinClass</cabin>
            </segment>
          </leg>
         </legs>
      </trip>
                   <trip id="0cee832bec5edcb970ad39205e2dd134">
        <price url="/book/flight?code=538dce33b5.OOb65z.0.F.AC,ITA.656570.0cee832bec5edcb970ad39205e2dd134&amp;_sid_=6-gKYBzyWfsSJglwjIEMiJ" currency="USD">6566</price>
        <legs>
           <leg>
            <airline>AC</airline>
            <airline_display>Air Canada</airline_display>
            <orig>NRT</orig>
            <dest>PRG</dest>
            <depart>2010/09/10 17:00</depart>
            <arrive>2010/09/11 09:40</arrive>
            <stops>2</stops>
            <duration_minutes>-1</duration_minutes>
            <cabin>$sleg.cabinClass</cabin>
            <segment>
              <airline>AC</airline>
              <flight>2</flight>
              <duration_minutes>710</duration_minutes>
              <equip>Boeing 777-300ER</equip>
              <miles>6396</miles>
              <dt>2010/09/10 17:00</dt>
              <o>NRT</o>
              <at>2010/09/10 15:50</at>
              <d>YYZ</d>
              <cabin>$seg.cabinClass</cabin>
            </segment>
            <segment>
              <airline>AC</airline>
              <flight>872</flight>
              <duration_minutes>450</duration_minutes>
              <equip>Boeing 777-300ER</equip>
              <miles>3939</miles>
              <dt>2010/09/10 17:30</dt>
              <o>YYZ</o>
              <at>2010/09/11 07:00</at>
              <d>FRA</d>
              <cabin>$seg.cabinClass</cabin>
            </segment>
            <segment>
              <airline>AC</airline>
              <flight>9294</flight>
              <duration_minutes>60</duration_minutes>
              <equip>Boeing 737-300</equip>
              <miles>252</miles>
              <dt>2010/09/11 08:40</dt>
              <o>FRA</o>
              <at>2010/09/11 09:40</at>
              <d>PRG</d>
              <cabin>$seg.cabinClass</cabin>
            </segment>
          </leg>
         </legs>
      </trip>
                   <trip id="bc8831362c5eabead38bd81f2abac808">
        <price url="/book/flight?code=0a8a585596.OOb65z.0.F.AC,ITA.656570.bc8831362c5eabead38bd81f2abac808&amp;_sid_=6-gKYBzyWfsSJglwjIEMiJ" currency="USD">6566</price>
        <legs>
           <leg>
            <airline>AC</airline>
            <airline_display>Air Canada</airline_display>
            <orig>NRT</orig>
            <dest>PRG</dest>
            <depart>2010/09/10 17:00</depart>
            <arrive>2010/09/11 13:00</arrive>
            <stops>2</stops>
            <duration_minutes>-1</duration_minutes>
            <cabin>$sleg.cabinClass</cabin>
            <segment>
              <airline>AC</airline>
              <flight>2</flight>
              <duration_minutes>710</duration_minutes>
              <equip>Boeing 777-300ER</equip>
              <miles>6396</miles>
              <dt>2010/09/10 17:00</dt>
              <o>NRT</o>
              <at>2010/09/10 15:50</at>
              <d>YYZ</d>
              <cabin>$seg.cabinClass</cabin>
            </segment>
            <segment>
              <airline>AC</airline>
              <flight>872</flight>
              <duration_minutes>450</duration_minutes>
              <equip>Boeing 777-300ER</equip>
              <miles>3939</miles>
              <dt>2010/09/10 17:30</dt>
              <o>YYZ</o>
              <at>2010/09/11 07:00</at>
              <d>FRA</d>
              <cabin>$seg.cabinClass</cabin>
            </segment>
            <segment>
              <airline>AC</airline>
              <flight>9060</flight>
              <duration_minutes>60</duration_minutes>
              <equip>Airbus A321-100/200</equip>
              <miles>252</miles>
              <dt>2010/09/11 12:00</dt>
              <o>FRA</o>
              <at>2010/09/11 13:00</at>
              <d>PRG</d>
              <cabin>$seg.cabinClass</cabin>
            </segment>
          </leg>
         </legs>
      </trip>
                   <trip id="b1cef2e5e5edfb0fd14d2cb0eca5bddb">
        <price url="/book/flight?code=dec4b6c993.OOb65z.0.F.AC,ITA.656570.b1cef2e5e5edfb0fd14d2cb0eca5bddb&amp;_sid_=6-gKYBzyWfsSJglwjIEMiJ" currency="USD">6566</price>
        <legs>
           <leg>
            <airline>AC</airline>
            <airline_display>Air Canada</airline_display>
            <orig>NRT</orig>
            <dest>PRG</dest>
            <depart>2010/09/10 17:00</depart>
            <arrive>2010/09/11 13:00</arrive>
            <stops>2</stops>
            <duration_minutes>-1</duration_minutes>
            <cabin>$sleg.cabinClass</cabin>
            <segment>
              <airline>AC</airline>
              <flight>2</flight>
              <duration_minutes>710</duration_minutes>
              <equip>Boeing 777-300ER</equip>
              <miles>6396</miles>
              <dt>2010/09/10 17:00</dt>
              <o>NRT</o>
              <at>2010/09/10 15:50</at>
              <d>YYZ</d>
              <cabin>$seg.cabinClass</cabin>
            </segment>
            <segment>
              <airline>AC</airline>
              <flight>9104</flight>
              <duration_minutes>465</duration_minutes>
              <equip>Airbus A340-300</equip>
              <miles>3939</miles>
              <dt>2010/09/10 18:20</dt>
              <o>YYZ</o>
              <at>2010/09/11 08:05</at>
              <d>FRA</d>
              <cabin>$seg.cabinClass</cabin>
            </segment>
            <segment>
              <airline>AC</airline>
              <flight>9060</flight>
              <duration_minutes>60</duration_minutes>
              <equip>Airbus A321-100/200</equip>
              <miles>252</miles>
              <dt>2010/09/11 12:00</dt>
              <o>FRA</o>
              <at>2010/09/11 13:00</at>
              <d>PRG</d>
              <cabin>$seg.cabinClass</cabin>
            </segment>
          </leg>
         </legs>
      </trip>
                   <trip id="403f136b5a5cec7b4f7ae7431c288f94">
        <price url="/book/flight?code=d1cfb1a630.OOb65z.0.F.ORBITZAIR,ORBITZAIR.658379.403f136b5a5cec7b4f7ae7431c288f94&amp;_sid_=6-gKYBzyWfsSJglwjIEMiJ" currency="USD">6584</price>
        <legs>
           <leg>
            <airline>MULT</airline>
            <airline_display>Multiple Airlines</airline_display>
            <orig>NRT</orig>
            <dest>PRG</dest>
            <depart>2010/09/10 19:25</depart>
            <arrive>2010/09/11 09:40</arrive>
            <stops>2</stops>
            <duration_minutes>-1</duration_minutes>
            <cabin>$sleg.cabinClass</cabin>
            <segment>
              <airline>JL</airline>
              <flight>879</flight>
              <duration_minutes>190</duration_minutes>
              <equip>Boeing 767</equip>
              <miles>-1</miles>
              <dt>2010/09/10 19:25</dt>
              <o>NRT</o>
              <at>2010/09/10 21:35</at>
              <d>PVG</d>
              <cabin>$seg.cabinClass</cabin>
            </segment>
            <segment>
              <airline>MU</airline>
              <flight>219</flight>
              <duration_minutes>730</duration_minutes>
              <equip>Airbus A330-200</equip>
              <miles>-1</miles>
              <dt>2010/09/10 23:55</dt>
              <o>PVG</o>
              <at>2010/09/11 06:05</at>
              <d>FRA</d>
              <cabin>$seg.cabinClass</cabin>
            </segment>
            <segment>
              <airline>LH</airline>
              <flight>3258</flight>
              <duration_minutes>60</duration_minutes>
              <equip>Boeing 737-300</equip>
              <miles>-1</miles>
              <dt>2010/09/11 08:40</dt>
              <o>FRA</o>
              <at>2010/09/11 09:40</at>
              <d>PRG</d>
              <cabin>$seg.cabinClass</cabin>
            </segment>
          </leg>
         </legs>
      </trip>
                   <trip id="4898b48440945c237fe90b81aafffe31">
        <price url="/book/flight?code=4fa8013b0f.OOb65z.0.F.DL,ITA.661360.4898b48440945c237fe90b81aafffe31&amp;_sid_=6-gKYBzyWfsSJglwjIEMiJ" currency="USD">6614</price>
        <legs>
           <leg>
            <airline>DL</airline>
            <airline_display>Delta</airline_display>
            <orig>NRT</orig>
            <dest>PRG</dest>
            <depart>2010/09/10 15:10</depart>
            <arrive>2010/09/11 10:50</arrive>
            <stops>2</stops>
            <duration_minutes>-1</duration_minutes>
            <cabin>$sleg.cabinClass</cabin>
            <segment>
              <airline>DL</airline>
              <flight>172</flight>
              <duration_minutes>774</duration_minutes>
              <equip>Boeing 747-400</equip>
              <miles>6727</miles>
              <dt>2010/09/10 15:10</dt>
              <o>NRT</o>
              <at>2010/09/10 15:04</at>
              <d>JFK</d>
              <cabin>$seg.cabinClass</cabin>
            </segment>
            <segment>
              <airline>DL</airline>
              <flight>9357</flight>
              <duration_minutes>450</duration_minutes>
              <equip>Boeing 777</equip>
              <miles>3632</miles>
              <dt>2010/09/10 18:30</dt>
              <o>JFK</o>
              <at>2010/09/11 08:00</at>
              <d>AMS</d>
              <cabin>$seg.cabinClass</cabin>
            </segment>
            <segment>
              <airline>DL</airline>
              <flight>8731</flight>
              <duration_minutes>85</duration_minutes>
              <equip>Airbus A320-100/200</equip>
              <miles>437</miles>
              <dt>2010/09/11 09:25</dt>
              <o>AMS</o>
              <at>2010/09/11 10:50</at>
              <d>PRG</d>
              <cabin>$seg.cabinClass</cabin>
            </segment>
          </leg>
         </legs>
      </trip>
                   <trip id="fc234093fb0eabeae9ff12c3e1471ae5">
        <price url="/book/flight?code=73fe9f78ac.OOb65z.0.F.LH,ITA.696050.fc234093fb0eabeae9ff12c3e1471ae5&amp;_sid_=6-gKYBzyWfsSJglwjIEMiJ" currency="USD">6961</price>
        <legs>
           <leg>
            <airline>LH</airline>
            <airline_display>Lufthansa</airline_display>
            <orig>NRT</orig>
            <dest>PRG</dest>
            <depart>2010/09/10 11:50</depart>
            <arrive>2010/09/10 20:15</arrive>
            <stops>1</stops>
            <duration_minutes>-1</duration_minutes>
            <cabin>$sleg.cabinClass</cabin>
            <segment>
              <airline>LH</airline>
              <flight>9895</flight>
              <duration_minutes>730</duration_minutes>
              <equip>Boeing 777</equip>
              <miles>5818</miles>
              <dt>2010/09/10 11:50</dt>
              <o>NRT</o>
              <at>2010/09/10 17:00</at>
              <d>MUC</d>
              <cabin>$seg.cabinClass</cabin>
            </segment>
            <segment>
              <airline>LH</airline>
              <flight>3276</flight>
              <duration_minutes>50</duration_minutes>
              <equip>Avro RJ85 Avroliner</equip>
              <miles>164</miles>
              <dt>2010/09/10 19:25</dt>
              <o>MUC</o>
              <at>2010/09/10 20:15</at>
              <d>PRG</d>
              <cabin>$seg.cabinClass</cabin>
            </segment>
          </leg>
         </legs>
      </trip>
                   <trip id="9de8300f274297b217d69a2426919423">
        <price url="/book/flight?code=d6580151b8.OOb65z.0.F.LH,ITA.696200.9de8300f274297b217d69a2426919423&amp;_sid_=6-gKYBzyWfsSJglwjIEMiJ" currency="USD">6962</price>
        <legs>
           <leg>
            <airline>LH</airline>
            <airline_display>Lufthansa</airline_display>
            <orig>NRT</orig>
            <dest>PRG</dest>
            <depart>2010/09/10 11:25</depart>
            <arrive>2010/09/10 23:20</arrive>
            <stops>1</stops>
            <duration_minutes>-1</duration_minutes>
            <cabin>$sleg.cabinClass</cabin>
            <segment>
              <airline>LH</airline>
              <flight>9937</flight>
              <duration_minutes>730</duration_minutes>
              <equip>Boeing 777-300ER</equip>
              <miles>5817</miles>
              <dt>2010/09/10 11:25</dt>
              <o>NRT</o>
              <at>2010/09/10 16:35</at>
              <d>FRA</d>
              <cabin>$seg.cabinClass</cabin>
            </segment>
            <segment>
              <airline>LH</airline>
              <flight>3266</flight>
              <duration_minutes>60</duration_minutes>
              <equip>Airbus A321-100/200</equip>
              <miles>252</miles>
              <dt>2010/09/10 22:20</dt>
              <o>FRA</o>
              <at>2010/09/10 23:20</at>
              <d>PRG</d>
              <cabin>$seg.cabinClass</cabin>
            </segment>
          </leg>
         </legs>
      </trip>
                   <trip id="db9fd968ee6f5ccfef23fc556b151212">
        <price url="/book/flight?code=391ad7f47d.OOb65z.0.F.AA,AA.750330.db9fd968ee6f5ccfef23fc556b151212&amp;_sid_=6-gKYBzyWfsSJglwjIEMiJ" currency="USD">7503</price>
        <legs>
           <leg>
            <airline>AA</airline>
            <airline_display>American Airlines</airline_display>
            <orig>NRT</orig>
            <dest>PRG</dest>
            <depart>2010/09/10 17:35</depart>
            <arrive>2010/09/11 14:05</arrive>
            <stops>2</stops>
            <duration_minutes>-1</duration_minutes>
            <cabin>$sleg.cabinClass</cabin>
            <segment>
              <airline>AA</airline>
              <flight>154</flight>
              <duration_minutes>685</duration_minutes>
              <equip>Boeing 777</equip>
              <miles>-1</miles>
              <dt>2010/09/10 17:35</dt>
              <o>NRT</o>
              <at>2010/09/10 15:00</at>
              <d>ORD</d>
              <cabin>$seg.cabinClass</cabin>
            </segment>
            <segment>
              <airline>AA</airline>
              <flight>86</flight>
              <duration_minutes>460</duration_minutes>
              <equip>Boeing 777</equip>
              <miles>-1</miles>
              <dt>2010/09/10 17:10</dt>
              <o>ORD</o>
              <at>2010/09/11 06:50</at>
              <d>LHR</d>
              <cabin>$seg.cabinClass</cabin>
            </segment>
            <segment>
              <airline>AA</airline>
              <flight>6481</flight>
              <duration_minutes>120</duration_minutes>
              <equip>Airbus A320-100/200</equip>
              <miles>-1</miles>
              <dt>2010/09/11 11:05</dt>
              <o>LHR</o>
              <at>2010/09/11 14:05</at>
              <d>PRG</d>
              <cabin>$seg.cabinClass</cabin>
            </segment>
          </leg>
         </legs>
      </trip>
                   <trip id="642b76c22294e634cec714d936538e1d">
        <price url="/book/flight?code=fe13977c50.OOb65z.0.F.AA,AA.750330.642b76c22294e634cec714d936538e1d&amp;_sid_=6-gKYBzyWfsSJglwjIEMiJ" currency="USD">7503</price>
        <legs>
           <leg>
            <airline>AA</airline>
            <airline_display>American Airlines</airline_display>
            <orig>NRT</orig>
            <dest>PRG</dest>
            <depart>2010/09/10 17:35</depart>
            <arrive>2010/09/11 18:00</arrive>
            <stops>2</stops>
            <duration_minutes>-1</duration_minutes>
            <cabin>$sleg.cabinClass</cabin>
            <segment>
              <airline>AA</airline>
              <flight>154</flight>
              <duration_minutes>685</duration_minutes>
              <equip>Boeing 777</equip>
              <miles>-1</miles>
              <dt>2010/09/10 17:35</dt>
              <o>NRT</o>
              <at>2010/09/10 15:00</at>
              <d>ORD</d>
              <cabin>$seg.cabinClass</cabin>
            </segment>
            <segment>
              <airline>AA</airline>
              <flight>86</flight>
              <duration_minutes>460</duration_minutes>
              <equip>Boeing 777</equip>
              <miles>-1</miles>
              <dt>2010/09/10 17:10</dt>
              <o>ORD</o>
              <at>2010/09/11 06:50</at>
              <d>LHR</d>
              <cabin>$seg.cabinClass</cabin>
            </segment>
            <segment>
              <airline>AA</airline>
              <flight>6635</flight>
              <duration_minutes>120</duration_minutes>
              <equip>Airbus A320-100/200</equip>
              <miles>-1</miles>
              <dt>2010/09/11 15:00</dt>
              <o>LHR</o>
              <at>2010/09/11 18:00</at>
              <d>PRG</d>
              <cabin>$seg.cabinClass</cabin>
            </segment>
          </leg>
         </legs>
      </trip>
                   <trip id="feafd14cbad5efccc07876d3c7b33ff0">
        <price url="/book/flight?code=b1e673077f.OOb65z.0.F.AA,AA.750330.feafd14cbad5efccc07876d3c7b33ff0&amp;_sid_=6-gKYBzyWfsSJglwjIEMiJ" currency="USD">7503</price>
        <legs>
           <leg>
            <airline>AA</airline>
            <airline_display>American Airlines</airline_display>
            <orig>NRT</orig>
            <dest>PRG</dest>
            <depart>2010/09/10 11:40</depart>
            <arrive>2010/09/11 14:05</arrive>
            <stops>2</stops>
            <duration_minutes>-1</duration_minutes>
            <cabin>$sleg.cabinClass</cabin>
            <segment>
              <airline>AA</airline>
              <flight>5822</flight>
              <duration_minutes>700</duration_minutes>
              <equip>Boeing 777-300</equip>
              <miles>-1</miles>
              <dt>2010/09/10 11:40</dt>
              <o>NRT</o>
              <at>2010/09/10 09:20</at>
              <d>ORD</d>
              <cabin>$seg.cabinClass</cabin>
            </segment>
            <segment>
              <airline>AA</airline>
              <flight>86</flight>
              <duration_minutes>460</duration_minutes>
              <equip>Boeing 777</equip>
              <miles>-1</miles>
              <dt>2010/09/10 17:10</dt>
              <o>ORD</o>
              <at>2010/09/11 06:50</at>
              <d>LHR</d>
              <cabin>$seg.cabinClass</cabin>
            </segment>
            <segment>
              <airline>AA</airline>
              <flight>6481</flight>
              <duration_minutes>120</duration_minutes>
              <equip>Airbus A320-100/200</equip>
              <miles>-1</miles>
              <dt>2010/09/11 11:05</dt>
              <o>LHR</o>
              <at>2010/09/11 14:05</at>
              <d>PRG</d>
              <cabin>$seg.cabinClass</cabin>
            </segment>
          </leg>
         </legs>
      </trip>
                   <trip id="829267aa9957bf9e573e8873caa00ef2">
        <price url="/book/flight?code=e8f26ec7bc.OOb65z.0.F.AA,AA.750330.829267aa9957bf9e573e8873caa00ef2&amp;_sid_=6-gKYBzyWfsSJglwjIEMiJ" currency="USD">7503</price>
        <legs>
           <leg>
            <airline>AA</airline>
            <airline_display>American Airlines</airline_display>
            <orig>NRT</orig>
            <dest>PRG</dest>
            <depart>2010/09/10 11:40</depart>
            <arrive>2010/09/11 18:00</arrive>
            <stops>2</stops>
            <duration_minutes>-1</duration_minutes>
            <cabin>$sleg.cabinClass</cabin>
            <segment>
              <airline>AA</airline>
              <flight>5822</flight>
              <duration_minutes>700</duration_minutes>
              <equip>Boeing 777-300</equip>
              <miles>-1</miles>
              <dt>2010/09/10 11:40</dt>
              <o>NRT</o>
              <at>2010/09/10 09:20</at>
              <d>ORD</d>
              <cabin>$seg.cabinClass</cabin>
            </segment>
            <segment>
              <airline>AA</airline>
              <flight>86</flight>
              <duration_minutes>460</duration_minutes>
              <equip>Boeing 777</equip>
              <miles>-1</miles>
              <dt>2010/09/10 17:10</dt>
              <o>ORD</o>
              <at>2010/09/11 06:50</at>
              <d>LHR</d>
              <cabin>$seg.cabinClass</cabin>
            </segment>
            <segment>
              <airline>AA</airline>
              <flight>6635</flight>
              <duration_minutes>120</duration_minutes>
              <equip>Airbus A320-100/200</equip>
              <miles>-1</miles>
              <dt>2010/09/11 15:00</dt>
              <o>LHR</o>
              <at>2010/09/11 18:00</at>
              <d>PRG</d>
              <cabin>$seg.cabinClass</cabin>
            </segment>
          </leg>
         </legs>
      </trip>
                   <trip id="2eac6097f554e7a1be67f79353300fbe">
        <price url="/book/flight?code=665a880a4d.OOb65z.0.F.AA,AA.750330.2eac6097f554e7a1be67f79353300fbe&amp;_sid_=6-gKYBzyWfsSJglwjIEMiJ" currency="USD">7503</price>
        <legs>
           <leg>
            <airline>AA</airline>
            <airline_display>American Airlines</airline_display>
            <orig>NRT</orig>
            <dest>PRG</dest>
            <depart>2010/09/10 11:40</depart>
            <arrive>2010/09/11 18:00</arrive>
            <stops>2</stops>
            <duration_minutes>-1</duration_minutes>
            <cabin>$sleg.cabinClass</cabin>
            <segment>
              <airline>AA</airline>
              <flight>5822</flight>
              <duration_minutes>700</duration_minutes>
              <equip>Boeing 777-300</equip>
              <miles>-1</miles>
              <dt>2010/09/10 11:40</dt>
              <o>NRT</o>
              <at>2010/09/10 09:20</at>
              <d>ORD</d>
              <cabin>$seg.cabinClass</cabin>
            </segment>
            <segment>
              <airline>AA</airline>
              <flight>46</flight>
              <duration_minutes>460</duration_minutes>
              <equip>Boeing 777</equip>
              <miles>-1</miles>
              <dt>2010/09/10 20:20</dt>
              <o>ORD</o>
              <at>2010/09/11 10:00</at>
              <d>LHR</d>
              <cabin>$seg.cabinClass</cabin>
            </segment>
            <segment>
              <airline>AA</airline>
              <flight>6635</flight>
              <duration_minutes>120</duration_minutes>
              <equip>Airbus A320-100/200</equip>
              <miles>-1</miles>
              <dt>2010/09/11 15:00</dt>
              <o>LHR</o>
              <at>2010/09/11 18:00</at>
              <d>PRG</d>
              <cabin>$seg.cabinClass</cabin>
            </segment>
          </leg>
         </legs>
      </trip>
                   <trip id="5b739325e2fd3b9bfc1b917f9f7a7359">
        <price url="/book/flight?code=78c2653c6b.OOb65z.0.F.SU,ITA.752310.5b739325e2fd3b9bfc1b917f9f7a7359&amp;_sid_=6-gKYBzyWfsSJglwjIEMiJ" currency="USD">7523</price>
        <legs>
           <leg>
            <airline>SU</airline>
            <airline_display>Aeroflot</airline_display>
            <orig>NRT</orig>
            <dest>PRG</dest>
            <depart>2010/09/10 12:00</depart>
            <arrive>2010/09/11 06:05</arrive>
            <stops>2</stops>
            <duration_minutes>-1</duration_minutes>
            <cabin>$sleg.cabinClass</cabin>
            <segment>
              <airline>SU</airline>
              <flight>576</flight>
              <duration_minutes>625</duration_minutes>
              <equip>Airbus A330-200</equip>
              <miles>4662</miles>
              <dt>2010/09/10 12:00</dt>
              <o>NRT</o>
              <at>2010/09/10 17:25</at>
              <d>SVO</d>
              <cabin>$seg.cabinClass</cabin>
            </segment>
            <segment>
              <airline>SU</airline>
              <flight>835</flight>
              <duration_minutes>40</duration_minutes>
              <equip>Airbus A320-100/200</equip>
              <miles>535</miles>
              <dt>2010/09/10 21:30</dt>
              <o>SVO</o>
              <at>2010/09/10 23:10</at>
              <d>KUF</d>
              <cabin>$seg.cabinClass</cabin>
            </segment>
            <segment>
              <airline>SU</airline>
              <flight>415</flight>
              <duration_minutes>285</duration_minutes>
              <equip>Airbus A319</equip>
              <miles>1534</miles>
              <dt>2010/09/11 04:20</dt>
              <o>KUF</o>
              <at>2010/09/11 06:05</at>
              <d>PRG</d>
              <cabin>$seg.cabinClass</cabin>
            </segment>
          </leg>
         </legs>
      </trip>
                   <trip id="ebdbb4d08f65eef0dfd49ad3233c32fe">
        <price url="/book/flight?code=7f335e1fbb.OOb65z.0.F.AA,AA.753550.ebdbb4d08f65eef0dfd49ad3233c32fe&amp;_sid_=6-gKYBzyWfsSJglwjIEMiJ" currency="USD">7536</price>
        <legs>
           <leg>
            <airline>AA</airline>
            <airline_display>American Airlines</airline_display>
            <orig>NRT</orig>
            <dest>PRG</dest>
            <depart>2010/09/10 11:40</depart>
            <arrive>2010/09/11 18:00</arrive>
            <stops>2</stops>
            <duration_minutes>-1</duration_minutes>
            <cabin>$sleg.cabinClass</cabin>
            <segment>
              <airline>AA</airline>
              <flight>5822</flight>
              <duration_minutes>700</duration_minutes>
              <equip>Boeing 777-300</equip>
              <miles>-1</miles>
              <dt>2010/09/10 11:40</dt>
              <o>NRT</o>
              <at>2010/09/10 09:20</at>
              <d>ORD</d>
              <cabin>$seg.cabinClass</cabin>
            </segment>
            <segment>
              <airline>AA</airline>
              <flight>98</flight>
              <duration_minutes>455</duration_minutes>
              <equip>Boeing 777</equip>
              <miles>-1</miles>
              <dt>2010/09/10 21:25</dt>
              <o>ORD</o>
              <at>2010/09/11 11:00</at>
              <d>LHR</d>
              <cabin>$seg.cabinClass</cabin>
            </segment>
            <segment>
              <airline>AA</airline>
              <flight>6635</flight>
              <duration_minutes>120</duration_minutes>
              <equip>Airbus A320-100/200</equip>
              <miles>-1</miles>
              <dt>2010/09/11 15:00</dt>
              <o>LHR</o>
              <at>2010/09/11 18:00</at>
              <d>PRG</d>
              <cabin>$seg.cabinClass</cabin>
            </segment>
          </leg>
         </legs>
      </trip>
                   <trip id="4effd9c08c3f38994cdaba6a01c94c2e">
        <price url="/book/flight?code=834840699c.OOb65z.0.F.AA,AA.753550.4effd9c08c3f38994cdaba6a01c94c2e&amp;_sid_=6-gKYBzyWfsSJglwjIEMiJ" currency="USD">7536</price>
        <legs>
           <leg>
            <airline>AA</airline>
            <airline_display>American Airlines</airline_display>
            <orig>NRT</orig>
            <dest>PRG</dest>
            <depart>2010/09/10 17:35</depart>
            <arrive>2010/09/12 10:55</arrive>
            <stops>2</stops>
            <duration_minutes>-1</duration_minutes>
            <cabin>$sleg.cabinClass</cabin>
            <segment>
              <airline>AA</airline>
              <flight>154</flight>
              <duration_minutes>685</duration_minutes>
              <equip>Boeing 777</equip>
              <miles>-1</miles>
              <dt>2010/09/10 17:35</dt>
              <o>NRT</o>
              <at>2010/09/10 15:00</at>
              <d>ORD</d>
              <cabin>$seg.cabinClass</cabin>
            </segment>
            <segment>
              <airline>AA</airline>
              <flight>90</flight>
              <duration_minutes>455</duration_minutes>
              <equip>Boeing 767-300</equip>
              <miles>-1</miles>
              <dt>2010/09/11 09:10</dt>
              <o>ORD</o>
              <at>2010/09/11 22:45</at>
              <d>LHR</d>
              <cabin>$seg.cabinClass</cabin>
            </segment>
            <segment>
              <airline>AA</airline>
              <flight>6500</flight>
              <duration_minutes>120</duration_minutes>
              <equip>Airbus A320-100/200</equip>
              <miles>-1</miles>
              <dt>2010/09/12 07:55</dt>
              <o>LHR</o>
              <at>2010/09/12 10:55</at>
              <d>PRG</d>
              <cabin>$seg.cabinClass</cabin>
            </segment>
          </leg>
         </legs>
      </trip>
                   <trip id="c7f03ef4dce7fedf578af9b33a7ffbd6">
        <price url="/book/flight?code=b9408e76f3.OOb65z.0.F.AA,AA.804830.c7f03ef4dce7fedf578af9b33a7ffbd6&amp;_sid_=6-gKYBzyWfsSJglwjIEMiJ" currency="USD">8048</price>
        <legs>
           <leg>
            <airline>AA</airline>
            <airline_display>American Airlines</airline_display>
            <orig>NRT</orig>
            <dest>PRG</dest>
            <depart>2010/09/10 18:10</depart>
            <arrive>2010/09/11 14:05</arrive>
            <stops>2</stops>
            <duration_minutes>-1</duration_minutes>
            <cabin>$sleg.cabinClass</cabin>
            <segment>
              <airline>AA</airline>
              <flight>168</flight>
              <duration_minutes>775</duration_minutes>
              <equip>Boeing 777</equip>
              <miles>-1</miles>
              <dt>2010/09/10 18:10</dt>
              <o>NRT</o>
              <at>2010/09/10 18:05</at>
              <d>JFK</d>
              <cabin>$seg.cabinClass</cabin>
            </segment>
            <segment>
              <airline>AA</airline>
              <flight>104</flight>
              <duration_minutes>425</duration_minutes>
              <equip>Boeing 777</equip>
              <miles>-1</miles>
              <dt>2010/09/10 20:20</dt>
              <o>JFK</o>
              <at>2010/09/11 08:25</at>
              <d>LHR</d>
              <cabin>$seg.cabinClass</cabin>
            </segment>
            <segment>
              <airline>AA</airline>
              <flight>6481</flight>
              <duration_minutes>120</duration_minutes>
              <equip>Airbus A320-100/200</equip>
              <miles>-1</miles>
              <dt>2010/09/11 11:05</dt>
              <o>LHR</o>
              <at>2010/09/11 14:05</at>
              <d>PRG</d>
              <cabin>$seg.cabinClass</cabin>
            </segment>
          </leg>
         </legs>
      </trip>
                   <trip id="489b343f61ea37f6cf34b1b3b330b6bd">
        <price url="/book/flight?code=8259c9b144.OOb65z.0.F.AA,AA.804830.489b343f61ea37f6cf34b1b3b330b6bd&amp;_sid_=6-gKYBzyWfsSJglwjIEMiJ" currency="USD">8048</price>
        <legs>
           <leg>
            <airline>AA</airline>
            <airline_display>American Airlines</airline_display>
            <orig>NRT</orig>
            <dest>PRG</dest>
            <depart>2010/09/10 18:10</depart>
            <arrive>2010/09/11 14:05</arrive>
            <stops>2</stops>
            <duration_minutes>-1</duration_minutes>
            <cabin>$sleg.cabinClass</cabin>
            <segment>
              <airline>AA</airline>
              <flight>168</flight>
              <duration_minutes>775</duration_minutes>
              <equip>Boeing 777</equip>
              <miles>-1</miles>
              <dt>2010/09/10 18:10</dt>
              <o>NRT</o>
              <at>2010/09/10 18:05</at>
              <d>JFK</d>
              <cabin>$seg.cabinClass</cabin>
            </segment>
            <segment>
              <airline>AA</airline>
              <flight>132</flight>
              <duration_minutes>420</duration_minutes>
              <equip>Boeing 777</equip>
              <miles>-1</miles>
              <dt>2010/09/10 21:25</dt>
              <o>JFK</o>
              <at>2010/09/11 09:25</at>
              <d>LHR</d>
              <cabin>$seg.cabinClass</cabin>
            </segment>
            <segment>
              <airline>AA</airline>
              <flight>6481</flight>
              <duration_minutes>120</duration_minutes>
              <equip>Airbus A320-100/200</equip>
              <miles>-1</miles>
              <dt>2010/09/11 11:05</dt>
              <o>LHR</o>
              <at>2010/09/11 14:05</at>
              <d>PRG</d>
              <cabin>$seg.cabinClass</cabin>
            </segment>
          </leg>
         </legs>
      </trip>
                   <trip id="e0408507f29affa4741568d3a4f85726">
        <price url="/book/flight?code=74791750aa.OOb65z.0.F.AA,AA.804830.e0408507f29affa4741568d3a4f85726&amp;_sid_=6-gKYBzyWfsSJglwjIEMiJ" currency="USD">8048</price>
        <legs>
           <leg>
            <airline>AA</airline>
            <airline_display>American Airlines</airline_display>
            <orig>NRT</orig>
            <dest>PRG</dest>
            <depart>2010/09/10 11:10</depart>
            <arrive>2010/09/11 10:55</arrive>
            <stops>2</stops>
            <duration_minutes>-1</duration_minutes>
            <cabin>$sleg.cabinClass</cabin>
            <segment>
              <airline>AA</airline>
              <flight>5820</flight>
              <duration_minutes>775</duration_minutes>
              <equip>Boeing 777-300</equip>
              <miles>-1</miles>
              <dt>2010/09/10 11:10</dt>
              <o>NRT</o>
              <at>2010/09/10 11:05</at>
              <d>JFK</d>
              <cabin>$seg.cabinClass</cabin>
            </segment>
            <segment>
              <airline>AA</airline>
              <flight>100</flight>
              <duration_minutes>430</duration_minutes>
              <equip>Boeing 777</equip>
              <miles>-1</miles>
              <dt>2010/09/10 18:15</dt>
              <o>JFK</o>
              <at>2010/09/11 06:25</at>
              <d>LHR</d>
              <cabin>$seg.cabinClass</cabin>
            </segment>
            <segment>
              <airline>AA</airline>
              <flight>6500</flight>
              <duration_minutes>120</duration_minutes>
              <equip>Airbus A320-100/200</equip>
              <miles>-1</miles>
              <dt>2010/09/11 07:55</dt>
              <o>LHR</o>
              <at>2010/09/11 10:55</at>
              <d>PRG</d>
              <cabin>$seg.cabinClass</cabin>
            </segment>
          </leg>
         </legs>
      </trip>
                   <trip id="88144a845fd9bc8ba5d9800a337baa4a">
        <price url="/book/flight?code=5772c46cfb.OOb65z.0.F.AA,AA.804830.88144a845fd9bc8ba5d9800a337baa4a&amp;_sid_=6-gKYBzyWfsSJglwjIEMiJ" currency="USD">8048</price>
        <legs>
           <leg>
            <airline>AA</airline>
            <airline_display>American Airlines</airline_display>
            <orig>NRT</orig>
            <dest>PRG</dest>
            <depart>2010/09/10 18:10</depart>
            <arrive>2010/09/11 18:00</arrive>
            <stops>2</stops>
            <duration_minutes>-1</duration_minutes>
            <cabin>$sleg.cabinClass</cabin>
            <segment>
              <airline>AA</airline>
              <flight>168</flight>
              <duration_minutes>775</duration_minutes>
              <equip>Boeing 777</equip>
              <miles>-1</miles>
              <dt>2010/09/10 18:10</dt>
              <o>NRT</o>
              <at>2010/09/10 18:05</at>
              <d>JFK</d>
              <cabin>$seg.cabinClass</cabin>
            </segment>
            <segment>
              <airline>AA</airline>
              <flight>132</flight>
              <duration_minutes>420</duration_minutes>
              <equip>Boeing 777</equip>
              <miles>-1</miles>
              <dt>2010/09/10 21:25</dt>
              <o>JFK</o>
              <at>2010/09/11 09:25</at>
              <d>LHR</d>
              <cabin>$seg.cabinClass</cabin>
            </segment>
            <segment>
              <airline>AA</airline>
              <flight>6635</flight>
              <duration_minutes>120</duration_minutes>
              <equip>Airbus A320-100/200</equip>
              <miles>-1</miles>
              <dt>2010/09/11 15:00</dt>
              <o>LHR</o>
              <at>2010/09/11 18:00</at>
              <d>PRG</d>
              <cabin>$seg.cabinClass</cabin>
            </segment>
          </leg>
         </legs>
      </trip>
                   <trip id="c809b21646b2cb318c8b1fec3bde8a49">
        <price url="/book/flight?code=662b71e31a.OOb65z.0.F.AA,AA.804830.c809b21646b2cb318c8b1fec3bde8a49&amp;_sid_=6-gKYBzyWfsSJglwjIEMiJ" currency="USD">8048</price>
        <legs>
           <leg>
            <airline>AA</airline>
            <airline_display>American Airlines</airline_display>
            <orig>NRT</orig>
            <dest>PRG</dest>
            <depart>2010/09/10 18:10</depart>
            <arrive>2010/09/11 18:00</arrive>
            <stops>2</stops>
            <duration_minutes>-1</duration_minutes>
            <cabin>$sleg.cabinClass</cabin>
            <segment>
              <airline>AA</airline>
              <flight>168</flight>
              <duration_minutes>775</duration_minutes>
              <equip>Boeing 777</equip>
              <miles>-1</miles>
              <dt>2010/09/10 18:10</dt>
              <o>NRT</o>
              <at>2010/09/10 18:05</at>
              <d>JFK</d>
              <cabin>$seg.cabinClass</cabin>
            </segment>
            <segment>
              <airline>AA</airline>
              <flight>116</flight>
              <duration_minutes>405</duration_minutes>
              <equip>Boeing 777</equip>
              <miles>-1</miles>
              <dt>2010/09/10 23:50</dt>
              <o>JFK</o>
              <at>2010/09/11 11:35</at>
              <d>LHR</d>
              <cabin>$seg.cabinClass</cabin>
            </segment>
            <segment>
              <airline>AA</airline>
              <flight>6635</flight>
              <duration_minutes>120</duration_minutes>
              <equip>Airbus A320-100/200</equip>
              <miles>-1</miles>
              <dt>2010/09/11 15:00</dt>
              <o>LHR</o>
              <at>2010/09/11 18:00</at>
              <d>PRG</d>
              <cabin>$seg.cabinClass</cabin>
            </segment>
          </leg>
         </legs>
      </trip>
                   <trip id="9ca04ddd7b89bc4d59f7aa97f833e011">
        <price url="/book/flight?code=50edeb81cd.OOb65z.0.F.AA,AA.804830.9ca04ddd7b89bc4d59f7aa97f833e011&amp;_sid_=6-gKYBzyWfsSJglwjIEMiJ" currency="USD">8048</price>
        <legs>
           <leg>
            <airline>AA</airline>
            <airline_display>American Airlines</airline_display>
            <orig>NRT</orig>
            <dest>PRG</dest>
            <depart>2010/09/10 18:10</depart>
            <arrive>2010/09/11 18:00</arrive>
            <stops>2</stops>
            <duration_minutes>-1</duration_minutes>
            <cabin>$sleg.cabinClass</cabin>
            <segment>
              <airline>AA</airline>
              <flight>168</flight>
              <duration_minutes>775</duration_minutes>
              <equip>Boeing 777</equip>
              <miles>-1</miles>
              <dt>2010/09/10 18:10</dt>
              <o>NRT</o>
              <at>2010/09/10 18:05</at>
              <d>JFK</d>
              <cabin>$seg.cabinClass</cabin>
            </segment>
            <segment>
              <airline>AA</airline>
              <flight>104</flight>
              <duration_minutes>425</duration_minutes>
              <equip>Boeing 777</equip>
              <miles>-1</miles>
              <dt>2010/09/10 20:20</dt>
              <o>JFK</o>
              <at>2010/09/11 08:25</at>
              <d>LHR</d>
              <cabin>$seg.cabinClass</cabin>
            </segment>
            <segment>
              <airline>AA</airline>
              <flight>6635</flight>
              <duration_minutes>120</duration_minutes>
              <equip>Airbus A320-100/200</equip>
              <miles>-1</miles>
              <dt>2010/09/11 15:00</dt>
              <o>LHR</o>
              <at>2010/09/11 18:00</at>
              <d>PRG</d>
              <cabin>$seg.cabinClass</cabin>
            </segment>
          </leg>
         </legs>
      </trip>
                   <trip id="9e13c8f33d05853913df7bbd2208b88c">
        <price url="/book/flight?code=3378c87af9.OOb65z.0.F.AA,AA.804830.9e13c8f33d05853913df7bbd2208b88c&amp;_sid_=6-gKYBzyWfsSJglwjIEMiJ" currency="USD">8048</price>
        <legs>
           <leg>
            <airline>AA</airline>
            <airline_display>American Airlines</airline_display>
            <orig>NRT</orig>
            <dest>PRG</dest>
            <depart>2010/09/10 11:10</depart>
            <arrive>2010/09/11 14:05</arrive>
            <stops>2</stops>
            <duration_minutes>-1</duration_minutes>
            <cabin>$sleg.cabinClass</cabin>
            <segment>
              <airline>AA</airline>
              <flight>5820</flight>
              <duration_minutes>775</duration_minutes>
              <equip>Boeing 777-300</equip>
              <miles>-1</miles>
              <dt>2010/09/10 11:10</dt>
              <o>NRT</o>
              <at>2010/09/10 11:05</at>
              <d>JFK</d>
              <cabin>$seg.cabinClass</cabin>
            </segment>
            <segment>
              <airline>AA</airline>
              <flight>104</flight>
              <duration_minutes>425</duration_minutes>
              <equip>Boeing 777</equip>
              <miles>-1</miles>
              <dt>2010/09/10 20:20</dt>
              <o>JFK</o>
              <at>2010/09/11 08:25</at>
              <d>LHR</d>
              <cabin>$seg.cabinClass</cabin>
            </segment>
            <segment>
              <airline>AA</airline>
              <flight>6481</flight>
              <duration_minutes>120</duration_minutes>
              <equip>Airbus A320-100/200</equip>
              <miles>-1</miles>
              <dt>2010/09/11 11:05</dt>
              <o>LHR</o>
              <at>2010/09/11 14:05</at>
              <d>PRG</d>
              <cabin>$seg.cabinClass</cabin>
            </segment>
          </leg>
         </legs>
      </trip>
                   <trip id="4fb36915d268a644027aad40e7dba941">
        <price url="/book/flight?code=51b2dd84ef.OOb65z.0.F.AA,AA.804830.4fb36915d268a644027aad40e7dba941&amp;_sid_=6-gKYBzyWfsSJglwjIEMiJ" currency="USD">8048</price>
        <legs>
           <leg>
            <airline>AA</airline>
            <airline_display>American Airlines</airline_display>
            <orig>NRT</orig>
            <dest>PRG</dest>
            <depart>2010/09/10 11:10</depart>
            <arrive>2010/09/11 14:05</arrive>
            <stops>2</stops>
            <duration_minutes>-1</duration_minutes>
            <cabin>$sleg.cabinClass</cabin>
            <segment>
              <airline>AA</airline>
              <flight>5820</flight>
              <duration_minutes>775</duration_minutes>
              <equip>Boeing 777-300</equip>
              <miles>-1</miles>
              <dt>2010/09/10 11:10</dt>
              <o>NRT</o>
              <at>2010/09/10 11:05</at>
              <d>JFK</d>
              <cabin>$seg.cabinClass</cabin>
            </segment>
            <segment>
              <airline>AA</airline>
              <flight>132</flight>
              <duration_minutes>420</duration_minutes>
              <equip>Boeing 777</equip>
              <miles>-1</miles>
              <dt>2010/09/10 21:25</dt>
              <o>JFK</o>
              <at>2010/09/11 09:25</at>
              <d>LHR</d>
              <cabin>$seg.cabinClass</cabin>
            </segment>
            <segment>
              <airline>AA</airline>
              <flight>6481</flight>
              <duration_minutes>120</duration_minutes>
              <equip>Airbus A320-100/200</equip>
              <miles>-1</miles>
              <dt>2010/09/11 11:05</dt>
              <o>LHR</o>
              <at>2010/09/11 14:05</at>
              <d>PRG</d>
              <cabin>$seg.cabinClass</cabin>
            </segment>
          </leg>
         </legs>
      </trip>
                   <trip id="aaa6dc8a6f26086bf8ba13cadb12386b">
        <price url="/book/flight?code=529fdb1223.OOb65z.0.F.AA,AA.804830.aaa6dc8a6f26086bf8ba13cadb12386b&amp;_sid_=6-gKYBzyWfsSJglwjIEMiJ" currency="USD">8048</price>
        <legs>
           <leg>
            <airline>AA</airline>
            <airline_display>American Airlines</airline_display>
            <orig>NRT</orig>
            <dest>PRG</dest>
            <depart>2010/09/10 11:10</depart>
            <arrive>2010/09/11 14:05</arrive>
            <stops>2</stops>
            <duration_minutes>-1</duration_minutes>
            <cabin>$sleg.cabinClass</cabin>
            <segment>
              <airline>AA</airline>
              <flight>5820</flight>
              <duration_minutes>775</duration_minutes>
              <equip>Boeing 777-300</equip>
              <miles>-1</miles>
              <dt>2010/09/10 11:10</dt>
              <o>NRT</o>
              <at>2010/09/10 11:05</at>
              <d>JFK</d>
              <cabin>$seg.cabinClass</cabin>
            </segment>
            <segment>
              <airline>AA</airline>
              <flight>100</flight>
              <duration_minutes>430</duration_minutes>
              <equip>Boeing 777</equip>
              <miles>-1</miles>
              <dt>2010/09/10 18:15</dt>
              <o>JFK</o>
              <at>2010/09/11 06:25</at>
              <d>LHR</d>
              <cabin>$seg.cabinClass</cabin>
            </segment>
            <segment>
              <airline>AA</airline>
              <flight>6481</flight>
              <duration_minutes>120</duration_minutes>
              <equip>Airbus A320-100/200</equip>
              <miles>-1</miles>
              <dt>2010/09/11 11:05</dt>
              <o>LHR</o>
              <at>2010/09/11 14:05</at>
              <d>PRG</d>
              <cabin>$seg.cabinClass</cabin>
            </segment>
          </leg>
         </legs>
      </trip>
                   <trip id="c9df0b2ddc02c03c4e086e43ac8b1174">
        <price url="/book/flight?code=95edd05004.OOb65z.0.F.AA,AA.804830.c9df0b2ddc02c03c4e086e43ac8b1174&amp;_sid_=6-gKYBzyWfsSJglwjIEMiJ" currency="USD">8048</price>
        <legs>
           <leg>
            <airline>AA</airline>
            <airline_display>American Airlines</airline_display>
            <orig>NRT</orig>
            <dest>PRG</dest>
            <depart>2010/09/10 11:10</depart>
            <arrive>2010/09/11 18:00</arrive>
            <stops>2</stops>
            <duration_minutes>-1</duration_minutes>
            <cabin>$sleg.cabinClass</cabin>
            <segment>
              <airline>AA</airline>
              <flight>5820</flight>
              <duration_minutes>775</duration_minutes>
              <equip>Boeing 777-300</equip>
              <miles>-1</miles>
              <dt>2010/09/10 11:10</dt>
              <o>NRT</o>
              <at>2010/09/10 11:05</at>
              <d>JFK</d>
              <cabin>$seg.cabinClass</cabin>
            </segment>
            <segment>
              <airline>AA</airline>
              <flight>132</flight>
              <duration_minutes>420</duration_minutes>
              <equip>Boeing 777</equip>
              <miles>-1</miles>
              <dt>2010/09/10 21:25</dt>
              <o>JFK</o>
              <at>2010/09/11 09:25</at>
              <d>LHR</d>
              <cabin>$seg.cabinClass</cabin>
            </segment>
            <segment>
              <airline>AA</airline>
              <flight>6635</flight>
              <duration_minutes>120</duration_minutes>
              <equip>Airbus A320-100/200</equip>
              <miles>-1</miles>
              <dt>2010/09/11 15:00</dt>
              <o>LHR</o>
              <at>2010/09/11 18:00</at>
              <d>PRG</d>
              <cabin>$seg.cabinClass</cabin>
            </segment>
          </leg>
         </legs>
      </trip>
                   <trip id="504a699ea153a20c22045258ada83319">
        <price url="/book/flight?code=94fd31a48a.OOb65z.0.F.AA,AA.804830.504a699ea153a20c22045258ada83319&amp;_sid_=6-gKYBzyWfsSJglwjIEMiJ" currency="USD">8048</price>
        <legs>
           <leg>
            <airline>AA</airline>
            <airline_display>American Airlines</airline_display>
            <orig>NRT</orig>
            <dest>PRG</dest>
            <depart>2010/09/10 11:10</depart>
            <arrive>2010/09/11 18:00</arrive>
            <stops>2</stops>
            <duration_minutes>-1</duration_minutes>
            <cabin>$sleg.cabinClass</cabin>
            <segment>
              <airline>AA</airline>
              <flight>5820</flight>
              <duration_minutes>775</duration_minutes>
              <equip>Boeing 777-300</equip>
              <miles>-1</miles>
              <dt>2010/09/10 11:10</dt>
              <o>NRT</o>
              <at>2010/09/10 11:05</at>
              <d>JFK</d>
              <cabin>$seg.cabinClass</cabin>
            </segment>
            <segment>
              <airline>AA</airline>
              <flight>104</flight>
              <duration_minutes>425</duration_minutes>
              <equip>Boeing 777</equip>
              <miles>-1</miles>
              <dt>2010/09/10 20:20</dt>
              <o>JFK</o>
              <at>2010/09/11 08:25</at>
              <d>LHR</d>
              <cabin>$seg.cabinClass</cabin>
            </segment>
            <segment>
              <airline>AA</airline>
              <flight>6635</flight>
              <duration_minutes>120</duration_minutes>
              <equip>Airbus A320-100/200</equip>
              <miles>-1</miles>
              <dt>2010/09/11 15:00</dt>
              <o>LHR</o>
              <at>2010/09/11 18:00</at>
              <d>PRG</d>
              <cabin>$seg.cabinClass</cabin>
            </segment>
          </leg>
         </legs>
      </trip>
                   <trip id="3b77dad9ed8a5ee4365f904e578a877d">
        <price url="/book/flight?code=e9952709bd.OOb65z.0.F.AA,AA.804830.3b77dad9ed8a5ee4365f904e578a877d&amp;_sid_=6-gKYBzyWfsSJglwjIEMiJ" currency="USD">8048</price>
        <legs>
           <leg>
            <airline>AA</airline>
            <airline_display>American Airlines</airline_display>
            <orig>NRT</orig>
            <dest>PRG</dest>
            <depart>2010/09/10 11:10</depart>
            <arrive>2010/09/11 18:00</arrive>
            <stops>2</stops>
            <duration_minutes>-1</duration_minutes>
            <cabin>$sleg.cabinClass</cabin>
            <segment>
              <airline>AA</airline>
              <flight>5820</flight>
              <duration_minutes>775</duration_minutes>
              <equip>Boeing 777-300</equip>
              <miles>-1</miles>
              <dt>2010/09/10 11:10</dt>
              <o>NRT</o>
              <at>2010/09/10 11:05</at>
              <d>JFK</d>
              <cabin>$seg.cabinClass</cabin>
            </segment>
            <segment>
              <airline>AA</airline>
              <flight>100</flight>
              <duration_minutes>430</duration_minutes>
              <equip>Boeing 777</equip>
              <miles>-1</miles>
              <dt>2010/09/10 18:15</dt>
              <o>JFK</o>
              <at>2010/09/11 06:25</at>
              <d>LHR</d>
              <cabin>$seg.cabinClass</cabin>
            </segment>
            <segment>
              <airline>AA</airline>
              <flight>6635</flight>
              <duration_minutes>120</duration_minutes>
              <equip>Airbus A320-100/200</equip>
              <miles>-1</miles>
              <dt>2010/09/11 15:00</dt>
              <o>LHR</o>
              <at>2010/09/11 18:00</at>
              <d>PRG</d>
              <cabin>$seg.cabinClass</cabin>
            </segment>
          </leg>
         </legs>
      </trip>
                   <trip id="5351e1f2399334ca3512636ccc2a7b27">
        <price url="/book/flight?code=7d8e728460.OOb65z.0.F.AA,AA.804830.5351e1f2399334ca3512636ccc2a7b27&amp;_sid_=6-gKYBzyWfsSJglwjIEMiJ" currency="USD">8048</price>
        <legs>
           <leg>
            <airline>AA</airline>
            <airline_display>American Airlines</airline_display>
            <orig>NRT</orig>
            <dest>PRG</dest>
            <depart>2010/09/10 18:10</depart>
            <arrive>2010/09/12 10:55</arrive>
            <stops>2</stops>
            <duration_minutes>-1</duration_minutes>
            <cabin>$sleg.cabinClass</cabin>
            <segment>
              <airline>AA</airline>
              <flight>168</flight>
              <duration_minutes>775</duration_minutes>
              <equip>Boeing 777</equip>
              <miles>-1</miles>
              <dt>2010/09/10 18:10</dt>
              <o>NRT</o>
              <at>2010/09/10 18:05</at>
              <d>JFK</d>
              <cabin>$seg.cabinClass</cabin>
            </segment>
            <segment>
              <airline>AA</airline>
              <flight>132</flight>
              <duration_minutes>420</duration_minutes>
              <equip>Boeing 777</equip>
              <miles>-1</miles>
              <dt>2010/09/10 21:25</dt>
              <o>JFK</o>
              <at>2010/09/11 09:25</at>
              <d>LHR</d>
              <cabin>$seg.cabinClass</cabin>
            </segment>
            <segment>
              <airline>AA</airline>
              <flight>6500</flight>
              <duration_minutes>120</duration_minutes>
              <equip>Airbus A320-100/200</equip>
              <miles>-1</miles>
              <dt>2010/09/12 07:55</dt>
              <o>LHR</o>
              <at>2010/09/12 10:55</at>
              <d>PRG</d>
              <cabin>$seg.cabinClass</cabin>
            </segment>
          </leg>
         </legs>
      </trip>
                   <trip id="a5d3a1d3e0857f1c569b08d19cc34879">
        <price url="/book/flight?code=0bb8874fb5.OOb65z.0.F.AA,AA.804830.a5d3a1d3e0857f1c569b08d19cc34879&amp;_sid_=6-gKYBzyWfsSJglwjIEMiJ" currency="USD">8048</price>
        <legs>
           <leg>
            <airline>AA</airline>
            <airline_display>American Airlines</airline_display>
            <orig>NRT</orig>
            <dest>PRG</dest>
            <depart>2010/09/10 18:10</depart>
            <arrive>2010/09/12 10:55</arrive>
            <stops>2</stops>
            <duration_minutes>-1</duration_minutes>
            <cabin>$sleg.cabinClass</cabin>
            <segment>
              <airline>AA</airline>
              <flight>168</flight>
              <duration_minutes>775</duration_minutes>
              <equip>Boeing 777</equip>
              <miles>-1</miles>
              <dt>2010/09/10 18:10</dt>
              <o>NRT</o>
              <at>2010/09/10 18:05</at>
              <d>JFK</d>
              <cabin>$seg.cabinClass</cabin>
            </segment>
            <segment>
              <airline>AA</airline>
              <flight>116</flight>
              <duration_minutes>405</duration_minutes>
              <equip>Boeing 777</equip>
              <miles>-1</miles>
              <dt>2010/09/10 23:50</dt>
              <o>JFK</o>
              <at>2010/09/11 11:35</at>
              <d>LHR</d>
              <cabin>$seg.cabinClass</cabin>
            </segment>
            <segment>
              <airline>AA</airline>
              <flight>6500</flight>
              <duration_minutes>120</duration_minutes>
              <equip>Airbus A320-100/200</equip>
              <miles>-1</miles>
              <dt>2010/09/12 07:55</dt>
              <o>LHR</o>
              <at>2010/09/12 10:55</at>
              <d>PRG</d>
              <cabin>$seg.cabinClass</cabin>
            </segment>
          </leg>
         </legs>
      </trip>
                   <trip id="c92746aa85e124131e933a83df275e5a">
        <price url="/book/flight?code=4e274edb20.OOb65z.0.F.AA,AA.804830.c92746aa85e124131e933a83df275e5a&amp;_sid_=6-gKYBzyWfsSJglwjIEMiJ" currency="USD">8048</price>
        <legs>
           <leg>
            <airline>AA</airline>
            <airline_display>American Airlines</airline_display>
            <orig>NRT</orig>
            <dest>PRG</dest>
            <depart>2010/09/10 18:10</depart>
            <arrive>2010/09/12 10:55</arrive>
            <stops>2</stops>
            <duration_minutes>-1</duration_minutes>
            <cabin>$sleg.cabinClass</cabin>
            <segment>
              <airline>AA</airline>
              <flight>168</flight>
              <duration_minutes>775</duration_minutes>
              <equip>Boeing 777</equip>
              <miles>-1</miles>
              <dt>2010/09/10 18:10</dt>
              <o>NRT</o>
              <at>2010/09/10 18:05</at>
              <d>JFK</d>
              <cabin>$seg.cabinClass</cabin>
            </segment>
            <segment>
              <airline>AA</airline>
              <flight>104</flight>
              <duration_minutes>425</duration_minutes>
              <equip>Boeing 777</equip>
              <miles>-1</miles>
              <dt>2010/09/10 20:20</dt>
              <o>JFK</o>
              <at>2010/09/11 08:25</at>
              <d>LHR</d>
              <cabin>$seg.cabinClass</cabin>
            </segment>
            <segment>
              <airline>AA</airline>
              <flight>6500</flight>
              <duration_minutes>120</duration_minutes>
              <equip>Airbus A320-100/200</equip>
              <miles>-1</miles>
              <dt>2010/09/12 07:55</dt>
              <o>LHR</o>
              <at>2010/09/12 10:55</at>
              <d>PRG</d>
              <cabin>$seg.cabinClass</cabin>
            </segment>
          </leg>
         </legs>
      </trip>
                   <trip id="fe106a10cfbcd143cddb1c9394f31e2c">
        <price url="/book/flight?code=a5e7657cc0.OOb65z.0.F.AA,AA.808050.fe106a10cfbcd143cddb1c9394f31e2c&amp;_sid_=6-gKYBzyWfsSJglwjIEMiJ" currency="USD">8081</price>
        <legs>
           <leg>
            <airline>AA</airline>
            <airline_display>American Airlines</airline_display>
            <orig>NRT</orig>
            <dest>PRG</dest>
            <depart>2010/09/10 11:10</depart>
            <arrive>2010/09/11 18:00</arrive>
            <stops>2</stops>
            <duration_minutes>-1</duration_minutes>
            <cabin>$sleg.cabinClass</cabin>
            <segment>
              <airline>AA</airline>
              <flight>5820</flight>
              <duration_minutes>775</duration_minutes>
              <equip>Boeing 777-300</equip>
              <miles>-1</miles>
              <dt>2010/09/10 11:10</dt>
              <o>NRT</o>
              <at>2010/09/10 11:05</at>
              <d>JFK</d>
              <cabin>$seg.cabinClass</cabin>
            </segment>
            <segment>
              <airline>AA</airline>
              <flight>116</flight>
              <duration_minutes>405</duration_minutes>
              <equip>Boeing 777</equip>
              <miles>-1</miles>
              <dt>2010/09/10 23:50</dt>
              <o>JFK</o>
              <at>2010/09/11 11:35</at>
              <d>LHR</d>
              <cabin>$seg.cabinClass</cabin>
            </segment>
            <segment>
              <airline>AA</airline>
              <flight>6635</flight>
              <duration_minutes>120</duration_minutes>
              <equip>Airbus A320-100/200</equip>
              <miles>-1</miles>
              <dt>2010/09/11 15:00</dt>
              <o>LHR</o>
              <at>2010/09/11 18:00</at>
              <d>PRG</d>
              <cabin>$seg.cabinClass</cabin>
            </segment>
          </leg>
         </legs>
      </trip>
                   <trip id="d56bad21852f6c70a256a72f4a693cfe">
        <price url="/book/flight?code=a7da9b2577.OOb65z.0.F.AA,AA.808050.d56bad21852f6c70a256a72f4a693cfe&amp;_sid_=6-gKYBzyWfsSJglwjIEMiJ" currency="USD">8081</price>
        <legs>
           <leg>
            <airline>AA</airline>
            <airline_display>American Airlines</airline_display>
            <orig>NRT</orig>
            <dest>PRG</dest>
            <depart>2010/09/10 18:10</depart>
            <arrive>2010/09/12 10:55</arrive>
            <stops>2</stops>
            <duration_minutes>-1</duration_minutes>
            <cabin>$sleg.cabinClass</cabin>
            <segment>
              <airline>AA</airline>
              <flight>168</flight>
              <duration_minutes>775</duration_minutes>
              <equip>Boeing 777</equip>
              <miles>-1</miles>
              <dt>2010/09/10 18:10</dt>
              <o>NRT</o>
              <at>2010/09/10 18:05</at>
              <d>JFK</d>
              <cabin>$seg.cabinClass</cabin>
            </segment>
            <segment>
              <airline>AA</airline>
              <flight>100</flight>
              <duration_minutes>430</duration_minutes>
              <equip>Boeing 777</equip>
              <miles>-1</miles>
              <dt>2010/09/11 18:15</dt>
              <o>JFK</o>
              <at>2010/09/12 06:25</at>
              <d>LHR</d>
              <cabin>$seg.cabinClass</cabin>
            </segment>
            <segment>
              <airline>AA</airline>
              <flight>6500</flight>
              <duration_minutes>120</duration_minutes>
              <equip>Airbus A320-100/200</equip>
              <miles>-1</miles>
              <dt>2010/09/12 07:55</dt>
              <o>LHR</o>
              <at>2010/09/12 10:55</at>
              <d>PRG</d>
              <cabin>$seg.cabinClass</cabin>
            </segment>
          </leg>
         </legs>
      </trip>
                   <trip id="5d63e69b5d7df4236e036a21496fd8d8">
        <price url="/book/flight?code=39de1970b0.OOb65z.0.F.AA,AA.808050.5d63e69b5d7df4236e036a21496fd8d8&amp;_sid_=6-gKYBzyWfsSJglwjIEMiJ" currency="USD">8081</price>
        <legs>
           <leg>
            <airline>AA</airline>
            <airline_display>American Airlines</airline_display>
            <orig>NRT</orig>
            <dest>PRG</dest>
            <depart>2010/09/10 18:10</depart>
            <arrive>2010/09/12 10:55</arrive>
            <stops>2</stops>
            <duration_minutes>-1</duration_minutes>
            <cabin>$sleg.cabinClass</cabin>
            <segment>
              <airline>AA</airline>
              <flight>168</flight>
              <duration_minutes>775</duration_minutes>
              <equip>Boeing 777</equip>
              <miles>-1</miles>
              <dt>2010/09/10 18:10</dt>
              <o>NRT</o>
              <at>2010/09/10 18:05</at>
              <d>JFK</d>
              <cabin>$seg.cabinClass</cabin>
            </segment>
            <segment>
              <airline>AA</airline>
              <flight>142</flight>
              <duration_minutes>415</duration_minutes>
              <equip>Boeing 777</equip>
              <miles>-1</miles>
              <dt>2010/09/11 08:30</dt>
              <o>JFK</o>
              <at>2010/09/11 20:25</at>
              <d>LHR</d>
              <cabin>$seg.cabinClass</cabin>
            </segment>
            <segment>
              <airline>AA</airline>
              <flight>6500</flight>
              <duration_minutes>120</duration_minutes>
              <equip>Airbus A320-100/200</equip>
              <miles>-1</miles>
              <dt>2010/09/12 07:55</dt>
              <o>LHR</o>
              <at>2010/09/12 10:55</at>
              <d>PRG</d>
              <cabin>$seg.cabinClass</cabin>
            </segment>
          </leg>
         </legs>
      </trip>
                   <trip id="3358bb3a7a795fa3ad125236ab798229">
        <price url="/book/flight?code=dfe02ebc76.OOb65z.0.F.AA,AA.841030.3358bb3a7a795fa3ad125236ab798229&amp;_sid_=6-gKYBzyWfsSJglwjIEMiJ" currency="USD">8410</price>
        <legs>
           <leg>
            <airline>AA</airline>
            <airline_display>American Airlines</airline_display>
            <orig>NRT</orig>
            <dest>PRG</dest>
            <depart>2010/09/10 18:05</depart>
            <arrive>2010/09/11 14:05</arrive>
            <stops>2</stops>
            <duration_minutes>-1</duration_minutes>
            <cabin>$sleg.cabinClass</cabin>
            <segment>
              <airline>AA</airline>
              <flight>60</flight>
              <duration_minutes>690</duration_minutes>
              <equip>Boeing 777</equip>
              <miles>-1</miles>
              <dt>2010/09/10 18:05</dt>
              <o>NRT</o>
              <at>2010/09/10 15:35</at>
              <d>DFW</d>
              <cabin>$seg.cabinClass</cabin>
            </segment>
            <segment>
              <airline>AA</airline>
              <flight>50</flight>
              <duration_minutes>535</duration_minutes>
              <equip>Boeing 777</equip>
              <miles>-1</miles>
              <dt>2010/09/10 16:55</dt>
              <o>DFW</o>
              <at>2010/09/11 07:50</at>
              <d>LHR</d>
              <cabin>$seg.cabinClass</cabin>
            </segment>
            <segment>
              <airline>AA</airline>
              <flight>6481</flight>
              <duration_minutes>120</duration_minutes>
              <equip>Airbus A320-100/200</equip>
              <miles>-1</miles>
              <dt>2010/09/11 11:05</dt>
              <o>LHR</o>
              <at>2010/09/11 14:05</at>
              <d>PRG</d>
              <cabin>$seg.cabinClass</cabin>
            </segment>
          </leg>
         </legs>
      </trip>
                   <trip id="5883bd0a5ad21acf78b69a63d7f7829f">
        <price url="/book/flight?code=c078dc1c7b.OOb65z.0.F.AA,AA.841030.5883bd0a5ad21acf78b69a63d7f7829f&amp;_sid_=6-gKYBzyWfsSJglwjIEMiJ" currency="USD">8410</price>
        <legs>
           <leg>
            <airline>AA</airline>
            <airline_display>American Airlines</airline_display>
            <orig>NRT</orig>
            <dest>PRG</dest>
            <depart>2010/09/10 18:05</depart>
            <arrive>2010/09/11 18:00</arrive>
            <stops>2</stops>
            <duration_minutes>-1</duration_minutes>
            <cabin>$sleg.cabinClass</cabin>
            <segment>
              <airline>AA</airline>
              <flight>60</flight>
              <duration_minutes>690</duration_minutes>
              <equip>Boeing 777</equip>
              <miles>-1</miles>
              <dt>2010/09/10 18:05</dt>
              <o>NRT</o>
              <at>2010/09/10 15:35</at>
              <d>DFW</d>
              <cabin>$seg.cabinClass</cabin>
            </segment>
            <segment>
              <airline>AA</airline>
              <flight>80</flight>
              <duration_minutes>555</duration_minutes>
              <equip>Boeing 767-300</equip>
              <miles>-1</miles>
              <dt>2010/09/10 21:10</dt>
              <o>DFW</o>
              <at>2010/09/11 12:25</at>
              <d>LHR</d>
              <cabin>$seg.cabinClass</cabin>
            </segment>
            <segment>
              <airline>AA</airline>
              <flight>6635</flight>
              <duration_minutes>120</duration_minutes>
              <equip>Airbus A320-100/200</equip>
              <miles>-1</miles>
              <dt>2010/09/11 15:00</dt>
              <o>LHR</o>
              <at>2010/09/11 18:00</at>
              <d>PRG</d>
              <cabin>$seg.cabinClass</cabin>
            </segment>
          </leg>
         </legs>
      </trip>
                   <trip id="f18dff4ecbf03ccae54c40271241ac95">
        <price url="/book/flight?code=128ef06dbe.OOb65z.0.F.AA,AA.841030.f18dff4ecbf03ccae54c40271241ac95&amp;_sid_=6-gKYBzyWfsSJglwjIEMiJ" currency="USD">8410</price>
        <legs>
           <leg>
            <airline>AA</airline>
            <airline_display>American Airlines</airline_display>
            <orig>NRT</orig>
            <dest>PRG</dest>
            <depart>2010/09/10 18:05</depart>
            <arrive>2010/09/11 18:00</arrive>
            <stops>2</stops>
            <duration_minutes>-1</duration_minutes>
            <cabin>$sleg.cabinClass</cabin>
            <segment>
              <airline>AA</airline>
              <flight>60</flight>
              <duration_minutes>690</duration_minutes>
              <equip>Boeing 777</equip>
              <miles>-1</miles>
              <dt>2010/09/10 18:05</dt>
              <o>NRT</o>
              <at>2010/09/10 15:35</at>
              <d>DFW</d>
              <cabin>$seg.cabinClass</cabin>
            </segment>
            <segment>
              <airline>AA</airline>
              <flight>50</flight>
              <duration_minutes>535</duration_minutes>
              <equip>Boeing 777</equip>
              <miles>-1</miles>
              <dt>2010/09/10 16:55</dt>
              <o>DFW</o>
              <at>2010/09/11 07:50</at>
              <d>LHR</d>
              <cabin>$seg.cabinClass</cabin>
            </segment>
            <segment>
              <airline>AA</airline>
              <flight>6635</flight>
              <duration_minutes>120</duration_minutes>
              <equip>Airbus A320-100/200</equip>
              <miles>-1</miles>
              <dt>2010/09/11 15:00</dt>
              <o>LHR</o>
              <at>2010/09/11 18:00</at>
              <d>PRG</d>
              <cabin>$seg.cabinClass</cabin>
            </segment>
          </leg>
         </legs>
      </trip>
                   <trip id="08965ad5ff4110cd543068773320fdb5">
        <price url="/book/flight?code=ce2966fcab.OOb65z.0.F.AA,AA.841030.08965ad5ff4110cd543068773320fdb5&amp;_sid_=6-gKYBzyWfsSJglwjIEMiJ" currency="USD">8410</price>
        <legs>
           <leg>
            <airline>AA</airline>
            <airline_display>American Airlines</airline_display>
            <orig>NRT</orig>
            <dest>PRG</dest>
            <depart>2010/09/10 18:05</depart>
            <arrive>2010/09/11 18:00</arrive>
            <stops>2</stops>
            <duration_minutes>-1</duration_minutes>
            <cabin>$sleg.cabinClass</cabin>
            <segment>
              <airline>AA</airline>
              <flight>60</flight>
              <duration_minutes>690</duration_minutes>
              <equip>Boeing 777</equip>
              <miles>-1</miles>
              <dt>2010/09/10 18:05</dt>
              <o>NRT</o>
              <at>2010/09/10 15:35</at>
              <d>DFW</d>
              <cabin>$seg.cabinClass</cabin>
            </segment>
            <segment>
              <airline>AA</airline>
              <flight>78</flight>
              <duration_minutes>550</duration_minutes>
              <equip>Boeing 767-300</equip>
              <miles>-1</miles>
              <dt>2010/09/10 19:35</dt>
              <o>DFW</o>
              <at>2010/09/11 10:45</at>
              <d>LHR</d>
              <cabin>$seg.cabinClass</cabin>
            </segment>
            <segment>
              <airline>AA</airline>
              <flight>6635</flight>
              <duration_minutes>120</duration_minutes>
              <equip>Airbus A320-100/200</equip>
              <miles>-1</miles>
              <dt>2010/09/11 15:00</dt>
              <o>LHR</o>
              <at>2010/09/11 18:00</at>
              <d>PRG</d>
              <cabin>$seg.cabinClass</cabin>
            </segment>
          </leg>
         </legs>
      </trip>
                   <trip id="6d9afbad17fb04591c856306eeab04fc">
        <price url="/book/flight?code=ea92fdf8c8.OOb65z.0.F.AA,AA.841030.6d9afbad17fb04591c856306eeab04fc&amp;_sid_=6-gKYBzyWfsSJglwjIEMiJ" currency="USD">8410</price>
        <legs>
           <leg>
            <airline>AA</airline>
            <airline_display>American Airlines</airline_display>
            <orig>NRT</orig>
            <dest>PRG</dest>
            <depart>2010/09/10 17:35</depart>
            <arrive>2010/09/11 18:00</arrive>
            <stops>2</stops>
            <duration_minutes>-1</duration_minutes>
            <cabin>$sleg.cabinClass</cabin>
            <segment>
              <airline>AA</airline>
              <flight>154</flight>
              <duration_minutes>685</duration_minutes>
              <equip>Boeing 777</equip>
              <miles>-1</miles>
              <dt>2010/09/10 17:35</dt>
              <o>NRT</o>
              <at>2010/09/10 15:00</at>
              <d>ORD</d>
              <cabin>$seg.cabinClass</cabin>
            </segment>
            <segment>
              <airline>AA</airline>
              <flight>98</flight>
              <duration_minutes>455</duration_minutes>
              <equip>Boeing 777</equip>
              <miles>-1</miles>
              <dt>2010/09/10 21:25</dt>
              <o>ORD</o>
              <at>2010/09/11 11:00</at>
              <d>LHR</d>
              <cabin>$seg.cabinClass</cabin>
            </segment>
            <segment>
              <airline>AA</airline>
              <flight>6635</flight>
              <duration_minutes>120</duration_minutes>
              <equip>Airbus A320-100/200</equip>
              <miles>-1</miles>
              <dt>2010/09/11 15:00</dt>
              <o>LHR</o>
              <at>2010/09/11 18:00</at>
              <d>PRG</d>
              <cabin>$seg.cabinClass</cabin>
            </segment>
          </leg>
         </legs>
      </trip>
                   <trip id="0c472296d147fec45a473ea6f1c7714f">
        <price url="/book/flight?code=e8847f2931.OOb65z.0.F.AA,AA.841030.0c472296d147fec45a473ea6f1c7714f&amp;_sid_=6-gKYBzyWfsSJglwjIEMiJ" currency="USD">8410</price>
        <legs>
           <leg>
            <airline>AA</airline>
            <airline_display>American Airlines</airline_display>
            <orig>NRT</orig>
            <dest>PRG</dest>
            <depart>2010/09/10 17:35</depart>
            <arrive>2010/09/11 18:00</arrive>
            <stops>2</stops>
            <duration_minutes>-1</duration_minutes>
            <cabin>$sleg.cabinClass</cabin>
            <segment>
              <airline>AA</airline>
              <flight>154</flight>
              <duration_minutes>685</duration_minutes>
              <equip>Boeing 777</equip>
              <miles>-1</miles>
              <dt>2010/09/10 17:35</dt>
              <o>NRT</o>
              <at>2010/09/10 15:00</at>
              <d>ORD</d>
              <cabin>$seg.cabinClass</cabin>
            </segment>
            <segment>
              <airline>AA</airline>
              <flight>46</flight>
              <duration_minutes>460</duration_minutes>
              <equip>Boeing 777</equip>
              <miles>-1</miles>
              <dt>2010/09/10 20:20</dt>
              <o>ORD</o>
              <at>2010/09/11 10:00</at>
              <d>LHR</d>
              <cabin>$seg.cabinClass</cabin>
            </segment>
            <segment>
              <airline>AA</airline>
              <flight>6635</flight>
              <duration_minutes>120</duration_minutes>
              <equip>Airbus A320-100/200</equip>
              <miles>-1</miles>
              <dt>2010/09/11 15:00</dt>
              <o>LHR</o>
              <at>2010/09/11 18:00</at>
              <d>PRG</d>
              <cabin>$seg.cabinClass</cabin>
            </segment>
          </leg>
         </legs>
      </trip>
                   <trip id="8a6ddbc36e1af127162f3e856fafb50b">
        <price url="/book/flight?code=013395f80d.OOb65z.0.F.AA,AA.841030.8a6ddbc36e1af127162f3e856fafb50b&amp;_sid_=6-gKYBzyWfsSJglwjIEMiJ" currency="USD">8410</price>
        <legs>
           <leg>
            <airline>AA</airline>
            <airline_display>American Airlines</airline_display>
            <orig>NRT</orig>
            <dest>PRG</dest>
            <depart>2010/09/10 11:30</depart>
            <arrive>2010/09/11 14:05</arrive>
            <stops>2</stops>
            <duration_minutes>-1</duration_minutes>
            <cabin>$sleg.cabinClass</cabin>
            <segment>
              <airline>AA</airline>
              <flight>176</flight>
              <duration_minutes>685</duration_minutes>
              <equip>Boeing 777</equip>
              <miles>-1</miles>
              <dt>2010/09/10 11:30</dt>
              <o>NRT</o>
              <at>2010/09/10 08:55</at>
              <d>DFW</d>
              <cabin>$seg.cabinClass</cabin>
            </segment>
            <segment>
              <airline>AA</airline>
              <flight>50</flight>
              <duration_minutes>535</duration_minutes>
              <equip>Boeing 777</equip>
              <miles>-1</miles>
              <dt>2010/09/10 16:55</dt>
              <o>DFW</o>
              <at>2010/09/11 07:50</at>
              <d>LHR</d>
              <cabin>$seg.cabinClass</cabin>
            </segment>
            <segment>
              <airline>AA</airline>
              <flight>6481</flight>
              <duration_minutes>120</duration_minutes>
              <equip>Airbus A320-100/200</equip>
              <miles>-1</miles>
              <dt>2010/09/11 11:05</dt>
              <o>LHR</o>
              <at>2010/09/11 14:05</at>
              <d>PRG</d>
              <cabin>$seg.cabinClass</cabin>
            </segment>
          </leg>
         </legs>
      </trip>
                   <trip id="ecb557b14963f2775b34db84ecebd4c0">
        <price url="/book/flight?code=31e2d6de25.OOb65z.0.F.AA,AA.841030.ecb557b14963f2775b34db84ecebd4c0&amp;_sid_=6-gKYBzyWfsSJglwjIEMiJ" currency="USD">8410</price>
        <legs>
           <leg>
            <airline>AA</airline>
            <airline_display>American Airlines</airline_display>
            <orig>NRT</orig>
            <dest>PRG</dest>
            <depart>2010/09/10 11:30</depart>
            <arrive>2010/09/11 18:00</arrive>
            <stops>2</stops>
            <duration_minutes>-1</duration_minutes>
            <cabin>$sleg.cabinClass</cabin>
            <segment>
              <airline>AA</airline>
              <flight>176</flight>
              <duration_minutes>685</duration_minutes>
              <equip>Boeing 777</equip>
              <miles>-1</miles>
              <dt>2010/09/10 11:30</dt>
              <o>NRT</o>
              <at>2010/09/10 08:55</at>
              <d>DFW</d>
              <cabin>$seg.cabinClass</cabin>
            </segment>
            <segment>
              <airline>AA</airline>
              <flight>78</flight>
              <duration_minutes>550</duration_minutes>
              <equip>Boeing 767-300</equip>
              <miles>-1</miles>
              <dt>2010/09/10 19:35</dt>
              <o>DFW</o>
              <at>2010/09/11 10:45</at>
              <d>LHR</d>
              <cabin>$seg.cabinClass</cabin>
            </segment>
            <segment>
              <airline>AA</airline>
              <flight>6635</flight>
              <duration_minutes>120</duration_minutes>
              <equip>Airbus A320-100/200</equip>
              <miles>-1</miles>
              <dt>2010/09/11 15:00</dt>
              <o>LHR</o>
              <at>2010/09/11 18:00</at>
              <d>PRG</d>
              <cabin>$seg.cabinClass</cabin>
            </segment>
          </leg>
         </legs>
      </trip>
                   <trip id="91a3138498dfc41972d4904d0f39da40">
        <price url="/book/flight?code=0b8062faa1.OOb65z.0.F.AA,AA.841030.91a3138498dfc41972d4904d0f39da40&amp;_sid_=6-gKYBzyWfsSJglwjIEMiJ" currency="USD">8410</price>
        <legs>
           <leg>
            <airline>AA</airline>
            <airline_display>American Airlines</airline_display>
            <orig>NRT</orig>
            <dest>PRG</dest>
            <depart>2010/09/10 11:30</depart>
            <arrive>2010/09/11 18:00</arrive>
            <stops>2</stops>
            <duration_minutes>-1</duration_minutes>
            <cabin>$sleg.cabinClass</cabin>
            <segment>
              <airline>AA</airline>
              <flight>176</flight>
              <duration_minutes>685</duration_minutes>
              <equip>Boeing 777</equip>
              <miles>-1</miles>
              <dt>2010/09/10 11:30</dt>
              <o>NRT</o>
              <at>2010/09/10 08:55</at>
              <d>DFW</d>
              <cabin>$seg.cabinClass</cabin>
            </segment>
            <segment>
              <airline>AA</airline>
              <flight>50</flight>
              <duration_minutes>535</duration_minutes>
              <equip>Boeing 777</equip>
              <miles>-1</miles>
              <dt>2010/09/10 16:55</dt>
              <o>DFW</o>
              <at>2010/09/11 07:50</at>
              <d>LHR</d>
              <cabin>$seg.cabinClass</cabin>
            </segment>
            <segment>
              <airline>AA</airline>
              <flight>6635</flight>
              <duration_minutes>120</duration_minutes>
              <equip>Airbus A320-100/200</equip>
              <miles>-1</miles>
              <dt>2010/09/11 15:00</dt>
              <o>LHR</o>
              <at>2010/09/11 18:00</at>
              <d>PRG</d>
              <cabin>$seg.cabinClass</cabin>
            </segment>
          </leg>
         </legs>
      </trip>
                   <trip id="bbfcbd55e83cce0baad6d960a3a684aa">
        <price url="/book/flight?code=0d5b71f39c.OOb65z.0.F.AA,AA.841030.bbfcbd55e83cce0baad6d960a3a684aa&amp;_sid_=6-gKYBzyWfsSJglwjIEMiJ" currency="USD">8410</price>
        <legs>
           <leg>
            <airline>AA</airline>
            <airline_display>American Airlines</airline_display>
            <orig>NRT</orig>
            <dest>PRG</dest>
            <depart>2010/09/10 18:05</depart>
            <arrive>2010/09/12 10:55</arrive>
            <stops>2</stops>
            <duration_minutes>-1</duration_minutes>
            <cabin>$sleg.cabinClass</cabin>
            <segment>
              <airline>AA</airline>
              <flight>60</flight>
              <duration_minutes>690</duration_minutes>
              <equip>Boeing 777</equip>
              <miles>-1</miles>
              <dt>2010/09/10 18:05</dt>
              <o>NRT</o>
              <at>2010/09/10 15:35</at>
              <d>DFW</d>
              <cabin>$seg.cabinClass</cabin>
            </segment>
            <segment>
              <airline>AA</airline>
              <flight>78</flight>
              <duration_minutes>550</duration_minutes>
              <equip>Boeing 767-300</equip>
              <miles>-1</miles>
              <dt>2010/09/10 19:35</dt>
              <o>DFW</o>
              <at>2010/09/11 10:45</at>
              <d>LHR</d>
              <cabin>$seg.cabinClass</cabin>
            </segment>
            <segment>
              <airline>AA</airline>
              <flight>6500</flight>
              <duration_minutes>120</duration_minutes>
              <equip>Airbus A320-100/200</equip>
              <miles>-1</miles>
              <dt>2010/09/12 07:55</dt>
              <o>LHR</o>
              <at>2010/09/12 10:55</at>
              <d>PRG</d>
              <cabin>$seg.cabinClass</cabin>
            </segment>
          </leg>
         </legs>
      </trip>
                   <trip id="11be81a70af4d7cd3dd5d84f0edb9201">
        <price url="/book/flight?code=8e3154aa4f.OOb65z.0.F.AA,AA.841030.11be81a70af4d7cd3dd5d84f0edb9201&amp;_sid_=6-gKYBzyWfsSJglwjIEMiJ" currency="USD">8410</price>
        <legs>
           <leg>
            <airline>AA</airline>
            <airline_display>American Airlines</airline_display>
            <orig>NRT</orig>
            <dest>PRG</dest>
            <depart>2010/09/10 18:05</depart>
            <arrive>2010/09/12 10:55</arrive>
            <stops>2</stops>
            <duration_minutes>-1</duration_minutes>
            <cabin>$sleg.cabinClass</cabin>
            <segment>
              <airline>AA</airline>
              <flight>60</flight>
              <duration_minutes>690</duration_minutes>
              <equip>Boeing 777</equip>
              <miles>-1</miles>
              <dt>2010/09/10 18:05</dt>
              <o>NRT</o>
              <at>2010/09/10 15:35</at>
              <d>DFW</d>
              <cabin>$seg.cabinClass</cabin>
            </segment>
            <segment>
              <airline>AA</airline>
              <flight>80</flight>
              <duration_minutes>555</duration_minutes>
              <equip>Boeing 767-300</equip>
              <miles>-1</miles>
              <dt>2010/09/10 21:10</dt>
              <o>DFW</o>
              <at>2010/09/11 12:25</at>
              <d>LHR</d>
              <cabin>$seg.cabinClass</cabin>
            </segment>
            <segment>
              <airline>AA</airline>
              <flight>6500</flight>
              <duration_minutes>120</duration_minutes>
              <equip>Airbus A320-100/200</equip>
              <miles>-1</miles>
              <dt>2010/09/12 07:55</dt>
              <o>LHR</o>
              <at>2010/09/12 10:55</at>
              <d>PRG</d>
              <cabin>$seg.cabinClass</cabin>
            </segment>
          </leg>
         </legs>
      </trip>
                   <trip id="1e06091789fc390120c3b3154cf4b52f">
        <price url="/book/flight?code=fced196778.OOb65z.0.F.AA,AA.841030.1e06091789fc390120c3b3154cf4b52f&amp;_sid_=6-gKYBzyWfsSJglwjIEMiJ" currency="USD">8410</price>
        <legs>
           <leg>
            <airline>AA</airline>
            <airline_display>American Airlines</airline_display>
            <orig>NRT</orig>
            <dest>PRG</dest>
            <depart>2010/09/10 17:35</depart>
            <arrive>2010/09/12 10:55</arrive>
            <stops>2</stops>
            <duration_minutes>-1</duration_minutes>
            <cabin>$sleg.cabinClass</cabin>
            <segment>
              <airline>AA</airline>
              <flight>154</flight>
              <duration_minutes>685</duration_minutes>
              <equip>Boeing 777</equip>
              <miles>-1</miles>
              <dt>2010/09/10 17:35</dt>
              <o>NRT</o>
              <at>2010/09/10 15:00</at>
              <d>ORD</d>
              <cabin>$seg.cabinClass</cabin>
            </segment>
            <segment>
              <airline>AA</airline>
              <flight>46</flight>
              <duration_minutes>460</duration_minutes>
              <equip>Boeing 777</equip>
              <miles>-1</miles>
              <dt>2010/09/10 20:20</dt>
              <o>ORD</o>
              <at>2010/09/11 10:00</at>
              <d>LHR</d>
              <cabin>$seg.cabinClass</cabin>
            </segment>
            <segment>
              <airline>AA</airline>
              <flight>6500</flight>
              <duration_minutes>120</duration_minutes>
              <equip>Airbus A320-100/200</equip>
              <miles>-1</miles>
              <dt>2010/09/12 07:55</dt>
              <o>LHR</o>
              <at>2010/09/12 10:55</at>
              <d>PRG</d>
              <cabin>$seg.cabinClass</cabin>
            </segment>
          </leg>
         </legs>
      </trip>
                   <trip id="5a68b89a6fbd6942834a135f155aa680">
        <price url="/book/flight?code=fdbb204267.OOb65z.0.F.AA,AA.841030.5a68b89a6fbd6942834a135f155aa680&amp;_sid_=6-gKYBzyWfsSJglwjIEMiJ" currency="USD">8410</price>
        <legs>
           <leg>
            <airline>AA</airline>
            <airline_display>American Airlines</airline_display>
            <orig>NRT</orig>
            <dest>PRG</dest>
            <depart>2010/09/10 17:35</depart>
            <arrive>2010/09/12 10:55</arrive>
            <stops>2</stops>
            <duration_minutes>-1</duration_minutes>
            <cabin>$sleg.cabinClass</cabin>
            <segment>
              <airline>AA</airline>
              <flight>154</flight>
              <duration_minutes>685</duration_minutes>
              <equip>Boeing 777</equip>
              <miles>-1</miles>
              <dt>2010/09/10 17:35</dt>
              <o>NRT</o>
              <at>2010/09/10 15:00</at>
              <d>ORD</d>
              <cabin>$seg.cabinClass</cabin>
            </segment>
            <segment>
              <airline>AA</airline>
              <flight>98</flight>
              <duration_minutes>455</duration_minutes>
              <equip>Boeing 777</equip>
              <miles>-1</miles>
              <dt>2010/09/10 21:25</dt>
              <o>ORD</o>
              <at>2010/09/11 11:00</at>
              <d>LHR</d>
              <cabin>$seg.cabinClass</cabin>
            </segment>
            <segment>
              <airline>AA</airline>
              <flight>6500</flight>
              <duration_minutes>120</duration_minutes>
              <equip>Airbus A320-100/200</equip>
              <miles>-1</miles>
              <dt>2010/09/12 07:55</dt>
              <o>LHR</o>
              <at>2010/09/12 10:55</at>
              <d>PRG</d>
              <cabin>$seg.cabinClass</cabin>
            </segment>
          </leg>
         </legs>
      </trip>
                   <trip id="f2197c8b4ddf2dc39e3bdcc86dfe8401">
        <price url="/book/flight?code=30966cc9de.OOb65z.0.F.AA,AA.844250.f2197c8b4ddf2dc39e3bdcc86dfe8401&amp;_sid_=6-gKYBzyWfsSJglwjIEMiJ" currency="USD">8443</price>
        <legs>
           <leg>
            <airline>AA</airline>
            <airline_display>American Airlines</airline_display>
            <orig>NRT</orig>
            <dest>PRG</dest>
            <depart>2010/09/10 11:30</depart>
            <arrive>2010/09/11 18:00</arrive>
            <stops>2</stops>
            <duration_minutes>-1</duration_minutes>
            <cabin>$sleg.cabinClass</cabin>
            <segment>
              <airline>AA</airline>
              <flight>176</flight>
              <duration_minutes>685</duration_minutes>
              <equip>Boeing 777</equip>
              <miles>-1</miles>
              <dt>2010/09/10 11:30</dt>
              <o>NRT</o>
              <at>2010/09/10 08:55</at>
              <d>DFW</d>
              <cabin>$seg.cabinClass</cabin>
            </segment>
            <segment>
              <airline>AA</airline>
              <flight>80</flight>
              <duration_minutes>555</duration_minutes>
              <equip>Boeing 767-300</equip>
              <miles>-1</miles>
              <dt>2010/09/10 21:10</dt>
              <o>DFW</o>
              <at>2010/09/11 12:25</at>
              <d>LHR</d>
              <cabin>$seg.cabinClass</cabin>
            </segment>
            <segment>
              <airline>AA</airline>
              <flight>6635</flight>
              <duration_minutes>120</duration_minutes>
              <equip>Airbus A320-100/200</equip>
              <miles>-1</miles>
              <dt>2010/09/11 15:00</dt>
              <o>LHR</o>
              <at>2010/09/11 18:00</at>
              <d>PRG</d>
              <cabin>$seg.cabinClass</cabin>
            </segment>
          </leg>
         </legs>
      </trip>
                   <trip id="8ab1f6886546a9f5168df91642ca800e">
        <price url="/book/flight?code=5dffd6432f.OOb65z.0.F.TG,ITA.858410.8ab1f6886546a9f5168df91642ca800e&amp;_sid_=6-gKYBzyWfsSJglwjIEMiJ" currency="USD">8584</price>
        <legs>
           <leg>
            <airline>TG</airline>
            <airline_display>Thai Airways</airline_display>
            <orig>NRT</orig>
            <dest>PRG</dest>
            <depart>2010/09/10 17:00</depart>
            <arrive>2010/09/11 09:40</arrive>
            <stops>2</stops>
            <duration_minutes>-1</duration_minutes>
            <cabin>$sleg.cabinClass</cabin>
            <segment>
              <airline>TG</airline>
              <flight>5847</flight>
              <duration_minutes>710</duration_minutes>
              <equip>Boeing 777-300ER</equip>
              <miles>6396</miles>
              <dt>2010/09/10 17:00</dt>
              <o>NRT</o>
              <at>2010/09/10 15:50</at>
              <d>YYZ</d>
              <cabin>$seg.cabinClass</cabin>
            </segment>
            <segment>
              <airline>TG</airline>
              <flight>5817</flight>
              <duration_minutes>450</duration_minutes>
              <equip>Boeing 777-300ER</equip>
              <miles>3939</miles>
              <dt>2010/09/10 17:30</dt>
              <o>YYZ</o>
              <at>2010/09/11 07:00</at>
              <d>FRA</d>
              <cabin>$seg.cabinClass</cabin>
            </segment>
            <segment>
              <airline>TG</airline>
              <flight>7698</flight>
              <duration_minutes>60</duration_minutes>
              <equip>Boeing 737-300</equip>
              <miles>252</miles>
              <dt>2010/09/11 08:40</dt>
              <o>FRA</o>
              <at>2010/09/11 09:40</at>
              <d>PRG</d>
              <cabin>$seg.cabinClass</cabin>
            </segment>
          </leg>
         </legs>
      </trip>
                   <trip id="f925342368bdd2e1b55cad8e34fa93e9">
        <price url="/book/flight?code=28ad4700ab.OOb65z.0.F.CHEAPTICKETS,CHEAPTICKETS.867820.f925342368bdd2e1b55cad8e34fa93e9&amp;_sid_=6-gKYBzyWfsSJglwjIEMiJ" currency="USD">8678</price>
        <legs>
           <leg>
            <airline>MULT</airline>
            <airline_display>Multiple Airlines</airline_display>
            <orig>NRT</orig>
            <dest>PRG</dest>
            <depart>2010/09/10 18:30</depart>
            <arrive>2010/09/11 21:35</arrive>
            <stops>2</stops>
            <duration_minutes>-1</duration_minutes>
            <cabin>$sleg.cabinClass</cabin>
            <segment>
              <airline>CX</airline>
              <flight>505</flight>
              <duration_minutes>280</duration_minutes>
              <equip>Airbus A330</equip>
              <miles>1840</miles>
              <dt>2010/09/10 18:30</dt>
              <o>NRT</o>
              <at>2010/09/10 22:10</at>
              <d>HKG</d>
              <cabin>$seg.cabinClass</cabin>
            </segment>
            <segment>
              <airline>NZ</airline>
              <flight>39</flight>
              <duration_minutes>795</duration_minutes>
              <equip>Boeing 777-200</equip>
              <miles>-1</miles>
              <dt>2010/09/11 08:30</dt>
              <o>HKG</o>
              <at>2010/09/11 14:45</at>
              <d>LHR</d>
              <cabin>$seg.cabinClass</cabin>
            </segment>
            <segment>
              <airline>BA</airline>
              <flight>858</flight>
              <duration_minutes>120</duration_minutes>
              <equip>Airbus A320-100/200</equip>
              <miles>-1</miles>
              <dt>2010/09/11 18:35</dt>
              <o>LHR</o>
              <at>2010/09/11 21:35</at>
              <d>PRG</d>
              <cabin>$seg.cabinClass</cabin>
            </segment>
          </leg>
         </legs>
      </trip>
                   <trip id="6d4094740e19459adf5388a2fa2e45ea">
        <price url="/book/flight?code=a2938b0460.OOb65z.0.F.CHEAPTICKETS,CHEAPTICKETS.867820.6d4094740e19459adf5388a2fa2e45ea&amp;_sid_=6-gKYBzyWfsSJglwjIEMiJ" currency="USD">8678</price>
        <legs>
           <leg>
            <airline>MULT</airline>
            <airline_display>Multiple Airlines</airline_display>
            <orig>NRT</orig>
            <dest>PRG</dest>
            <depart>2010/09/10 17:00</depart>
            <arrive>2010/09/11 21:35</arrive>
            <stops>2</stops>
            <duration_minutes>-1</duration_minutes>
            <cabin>$sleg.cabinClass</cabin>
            <segment>
              <airline>CX</airline>
              <flight>521</flight>
              <duration_minutes>280</duration_minutes>
              <equip>Airbus A330</equip>
              <miles>1840</miles>
              <dt>2010/09/10 17:00</dt>
              <o>NRT</o>
              <at>2010/09/10 20:40</at>
              <d>HKG</d>
              <cabin>$seg.cabinClass</cabin>
            </segment>
            <segment>
              <airline>NZ</airline>
              <flight>39</flight>
              <duration_minutes>795</duration_minutes>
              <equip>Boeing 777-200</equip>
              <miles>-1</miles>
              <dt>2010/09/11 08:30</dt>
              <o>HKG</o>
              <at>2010/09/11 14:45</at>
              <d>LHR</d>
              <cabin>$seg.cabinClass</cabin>
            </segment>
            <segment>
              <airline>BA</airline>
              <flight>858</flight>
              <duration_minutes>120</duration_minutes>
              <equip>Airbus A320-100/200</equip>
              <miles>-1</miles>
              <dt>2010/09/11 18:35</dt>
              <o>LHR</o>
              <at>2010/09/11 21:35</at>
              <d>PRG</d>
              <cabin>$seg.cabinClass</cabin>
            </segment>
          </leg>
         </legs>
      </trip>
                   <trip id="8fb0d08843085b5e2a0741b7f2e134b4">
        <price url="/book/flight?code=f39d3aedfa.OOb65z.0.F.CHEAPTICKETS,CHEAPTICKETS.867820.8fb0d08843085b5e2a0741b7f2e134b4&amp;_sid_=6-gKYBzyWfsSJglwjIEMiJ" currency="USD">8678</price>
        <legs>
           <leg>
            <airline>MULT</airline>
            <airline_display>Multiple Airlines</airline_display>
            <orig>NRT</orig>
            <dest>PRG</dest>
            <depart>2010/09/10 15:55</depart>
            <arrive>2010/09/11 21:35</arrive>
            <stops>2</stops>
            <duration_minutes>-1</duration_minutes>
            <cabin>$sleg.cabinClass</cabin>
            <segment>
              <airline>CX</airline>
              <flight>549</flight>
              <duration_minutes>280</duration_minutes>
              <equip>Airbus A330</equip>
              <miles>1840</miles>
              <dt>2010/09/10 15:55</dt>
              <o>NRT</o>
              <at>2010/09/10 19:35</at>
              <d>HKG</d>
              <cabin>$seg.cabinClass</cabin>
            </segment>
            <segment>
              <airline>NZ</airline>
              <flight>39</flight>
              <duration_minutes>795</duration_minutes>
              <equip>Boeing 777-200</equip>
              <miles>-1</miles>
              <dt>2010/09/11 08:30</dt>
              <o>HKG</o>
              <at>2010/09/11 14:45</at>
              <d>LHR</d>
              <cabin>$seg.cabinClass</cabin>
            </segment>
            <segment>
              <airline>BA</airline>
              <flight>858</flight>
              <duration_minutes>120</duration_minutes>
              <equip>Airbus A320-100/200</equip>
              <miles>-1</miles>
              <dt>2010/09/11 18:35</dt>
              <o>LHR</o>
              <at>2010/09/11 21:35</at>
              <d>PRG</d>
              <cabin>$seg.cabinClass</cabin>
            </segment>
          </leg>
         </legs>
      </trip>
                   <trip id="e38281784ff498b4515d2218ec110984">
        <price url="/book/flight?code=0994c16361.OOb65z.0.F.CHEAPTICKETS,CHEAPTICKETS.871980.e38281784ff498b4515d2218ec110984&amp;_sid_=6-gKYBzyWfsSJglwjIEMiJ" currency="USD">8720</price>
        <legs>
           <leg>
            <airline>MULT</airline>
            <airline_display>Multiple Airlines</airline_display>
            <orig>NRT</orig>
            <dest>PRG</dest>
            <depart>2010/09/10 11:35</depart>
            <arrive>2010/09/10 23:20</arrive>
            <stops>2</stops>
            <duration_minutes>-1</duration_minutes>
            <cabin>$sleg.cabinClass</cabin>
            <segment>
              <airline>VS</airline>
              <flight>7801</flight>
              <duration_minutes>745</duration_minutes>
              <equip>Boeing 777</equip>
              <miles>-1</miles>
              <dt>2010/09/10 11:35</dt>
              <o>NRT</o>
              <at>2010/09/10 16:00</at>
              <d>LHR</d>
              <cabin>$seg.cabinClass</cabin>
            </segment>
            <segment>
              <airline>BD</airline>
              <flight>3235</flight>
              <duration_minutes>90</duration_minutes>
              <equip>Airbus A320-100/200</equip>
              <miles>-1</miles>
              <dt>2010/09/10 18:05</dt>
              <o>LHR</o>
              <at>2010/09/10 20:35</at>
              <d>FRA</d>
              <cabin>$seg.cabinClass</cabin>
            </segment>
            <segment>
              <airline>BD</airline>
              <flight>2996</flight>
              <duration_minutes>60</duration_minutes>
              <equip>Airbus A321-100/200</equip>
              <miles>-1</miles>
              <dt>2010/09/10 22:20</dt>
              <o>FRA</o>
              <at>2010/09/10 23:20</at>
              <d>PRG</d>
              <cabin>$seg.cabinClass</cabin>
            </segment>
          </leg>
         </legs>
      </trip>
           </trips>
</searchresult>
